=========================================
1. SLURM ALLOKATIONS-INFO
=========================================
Job ID: 4879
Ausfuehrender Node: gpu01
Zugewiesene CPUs: 8
Zugewiesener Speicher: 32768 MB
Zugewiesene GPUs: 4
Zugewiesene GPUs ueber CUDA: 0
0, NVIDIA L40S, 46068 MiB, 535.309.01

Zeitzonen-Check -> Node-Uhr (UTC): 2026-08-02 17:23:24 UTC
Zeitzonen-Check -> korrigiert    : 2026-08-02 19:23:24 CEST

Python: /home/yazanme/miniforge3/envs/venv/bin/python
Version: Python 3.12.13

Forschungsfrage:  RQ2.4
Modell:           mobilenetv2
Trainings-Config: /home/yazanme/BachelorThesis/BachelorThesis/src/yaml/rq2/rq2_4/rq2_4_train_mobilenetv2.yaml
Ausgabe:          /home/yazanme/BachelorThesis/BachelorThesis/experiments/RQ2.4/mobilenetv2

Startzeit: 2026-08-02 19:23:25 CEST

Starting main script...
Config: /home/yazanme/BachelorThesis/BachelorThesis/src/yaml/rq2/rq2_4/rq2_4_train_mobilenetv2.yaml
Experiment: rq=RQ2.4 model=mobilenetv2 rates=[0.0, 1.0]
Defense: none | Seeds: [42, 2001, 2026] | Attacks: (Einzelarm)
Set float32 matmul precision to: high
Initializing PyTorch and checking CUDA...
Set cudnn.benchmark to: True
Using device: cuda
Initializing base loaders...
Loading validation data from /home/yazanme/BachelorThesis/BachelorThesis/data/processed/resisc45/val.h5... (in_memory=True, workers=6)
Loading test data from /home/yazanme/BachelorThesis/BachelorThesis/data/processed/resisc45/test.h5... (in_memory=True, workers=6)
Starting experiment run...
Loading train data from /home/yazanme/BachelorThesis/BachelorThesis/data/processed/resisc45/train.h5... (in_memory=True, workers=6)
Testing torch.compile support...
Successfully compiled model using torch.compile.
Epoch 001 | Seed 42 | Rate 0.00 | Train Loss: 2.7882 | Val Loss: 2.3964 | Acc (clean): 0.2426 | Acc (poison): 0.2426 | Val Acc: 0.3119 | Time: 00:02:32
Epoch 002 | Seed 42 | Rate 0.00 | Train Loss: 1.8597 | Val Loss: 2.1228 | Acc (clean): 0.4533 | Acc (poison): 0.4533 | Val Acc: 0.3933 | Time: 00:00:09
Epoch 003 | Seed 42 | Rate 0.00 | Train Loss: 1.5523 | Val Loss: 1.7702 | Acc (clean): 0.5379 | Acc (poison): 0.5379 | Val Acc: 0.4807 | Time: 00:00:09
Epoch 004 | Seed 42 | Rate 0.00 | Train Loss: 1.3352 | Val Loss: 1.7528 | Acc (clean): 0.5931 | Acc (poison): 0.5931 | Val Acc: 0.4996 | Time: 00:00:09
Epoch 005 | Seed 42 | Rate 0.00 | Train Loss: 1.1564 | Val Loss: 1.3352 | Acc (clean): 0.6470 | Acc (poison): 0.6470 | Val Acc: 0.6085 | Time: 00:00:09
Epoch 006 | Seed 42 | Rate 0.00 | Train Loss: 0.9911 | Val Loss: 1.1455 | Acc (clean): 0.6930 | Acc (poison): 0.6930 | Val Acc: 0.6563 | Time: 00:00:09
Epoch 007 | Seed 42 | Rate 0.00 | Train Loss: 0.8764 | Val Loss: 1.5173 | Acc (clean): 0.7300 | Acc (poison): 0.7300 | Val Acc: 0.5711 | Time: 00:00:09
Epoch 008 | Seed 42 | Rate 0.00 | Train Loss: 0.7893 | Val Loss: 1.1273 | Acc (clean): 0.7502 | Acc (poison): 0.7502 | Val Acc: 0.6644 | Time: 00:00:09
Epoch 009 | Seed 42 | Rate 0.00 | Train Loss: 0.7245 | Val Loss: 0.9326 | Acc (clean): 0.7688 | Acc (poison): 0.7688 | Val Acc: 0.7148 | Time: 00:00:09
Epoch 010 | Seed 42 | Rate 0.00 | Train Loss: 0.6912 | Val Loss: 1.8768 | Acc (clean): 0.7835 | Acc (poison): 0.7835 | Val Acc: 0.4833 | Time: 00:00:09
Epoch 011 | Seed 42 | Rate 0.00 | Train Loss: 0.6515 | Val Loss: 1.0575 | Acc (clean): 0.7936 | Acc (poison): 0.7936 | Val Acc: 0.6926 | Time: 00:00:09
Epoch 012 | Seed 42 | Rate 0.00 | Train Loss: 0.6200 | Val Loss: 0.9316 | Acc (clean): 0.8031 | Acc (poison): 0.8031 | Val Acc: 0.7085 | Time: 00:00:09
Epoch 013 | Seed 42 | Rate 0.00 | Train Loss: 0.6162 | Val Loss: 1.0427 | Acc (clean): 0.8044 | Acc (poison): 0.8044 | Val Acc: 0.7078 | Time: 00:00:09
Epoch 014 | Seed 42 | Rate 0.00 | Train Loss: 0.5870 | Val Loss: 0.7131 | Acc (clean): 0.8151 | Acc (poison): 0.8151 | Val Acc: 0.7763 | Time: 00:00:09
Epoch 015 | Seed 42 | Rate 0.00 | Train Loss: 0.5791 | Val Loss: 1.7522 | Acc (clean): 0.8171 | Acc (poison): 0.8171 | Val Acc: 0.5356 | Time: 00:00:09
Epoch 016 | Seed 42 | Rate 0.00 | Train Loss: 0.5773 | Val Loss: 1.6694 | Acc (clean): 0.8164 | Acc (poison): 0.8164 | Val Acc: 0.5748 | Time: 00:00:09
Epoch 017 | Seed 42 | Rate 0.00 | Train Loss: 0.5625 | Val Loss: 0.8824 | Acc (clean): 0.8194 | Acc (poison): 0.8194 | Val Acc: 0.7289 | Time: 00:00:09
Epoch 018 | Seed 42 | Rate 0.00 | Train Loss: 0.5690 | Val Loss: 1.1055 | Acc (clean): 0.8204 | Acc (poison): 0.8204 | Val Acc: 0.6730 | Time: 00:00:09
Epoch 019 | Seed 42 | Rate 0.00 | Train Loss: 0.5534 | Val Loss: 0.9601 | Acc (clean): 0.8236 | Acc (poison): 0.8236 | Val Acc: 0.7204 | Time: 00:00:09
Epoch 020 | Seed 42 | Rate 0.00 | Train Loss: 0.5318 | Val Loss: 0.8030 | Acc (clean): 0.8334 | Acc (poison): 0.8334 | Val Acc: 0.7559 | Time: 00:00:09
Epoch 021 | Seed 42 | Rate 0.00 | Train Loss: 0.5444 | Val Loss: 0.9221 | Acc (clean): 0.8268 | Acc (poison): 0.8268 | Val Acc: 0.7156 | Time: 00:00:09
Epoch 022 | Seed 42 | Rate 0.00 | Train Loss: 0.5188 | Val Loss: 1.0334 | Acc (clean): 0.8380 | Acc (poison): 0.8380 | Val Acc: 0.6889 | Time: 00:00:09
Epoch 023 | Seed 42 | Rate 0.00 | Train Loss: 0.5370 | Val Loss: 1.2869 | Acc (clean): 0.8311 | Acc (poison): 0.8311 | Val Acc: 0.6426 | Time: 00:00:09
Epoch 024 | Seed 42 | Rate 0.00 | Train Loss: 0.5255 | Val Loss: 0.9528 | Acc (clean): 0.8331 | Acc (poison): 0.8331 | Val Acc: 0.7137 | Time: 00:00:09
Epoch 025 | Seed 42 | Rate 0.00 | Train Loss: 0.5339 | Val Loss: 1.8763 | Acc (clean): 0.8301 | Acc (poison): 0.8301 | Val Acc: 0.5148 | Time: 00:00:09
Epoch 026 | Seed 42 | Rate 0.00 | Train Loss: 0.5204 | Val Loss: 0.9115 | Acc (clean): 0.8349 | Acc (poison): 0.8349 | Val Acc: 0.7159 | Time: 00:00:09
Epoch 027 | Seed 42 | Rate 0.00 | Train Loss: 0.5253 | Val Loss: 1.0284 | Acc (clean): 0.8344 | Acc (poison): 0.8344 | Val Acc: 0.6915 | Time: 00:00:09
Epoch 028 | Seed 42 | Rate 0.00 | Train Loss: 0.5164 | Val Loss: 0.8162 | Acc (clean): 0.8349 | Acc (poison): 0.8349 | Val Acc: 0.7378 | Time: 00:00:09
Epoch 029 | Seed 42 | Rate 0.00 | Train Loss: 0.5255 | Val Loss: 0.9069 | Acc (clean): 0.8348 | Acc (poison): 0.8348 | Val Acc: 0.7485 | Time: 00:00:08
Epoch 030 | Seed 42 | Rate 0.00 | Train Loss: 0.5127 | Val Loss: 0.9768 | Acc (clean): 0.8360 | Acc (poison): 0.8360 | Val Acc: 0.7111 | Time: 00:00:08
Epoch 031 | Seed 42 | Rate 0.00 | Train Loss: 0.5109 | Val Loss: 1.0090 | Acc (clean): 0.8388 | Acc (poison): 0.8388 | Val Acc: 0.7022 | Time: 00:00:08
Epoch 032 | Seed 42 | Rate 0.00 | Train Loss: 0.5040 | Val Loss: 0.7865 | Acc (clean): 0.8421 | Acc (poison): 0.8421 | Val Acc: 0.7589 | Time: 00:00:08
Epoch 033 | Seed 42 | Rate 0.00 | Train Loss: 0.4967 | Val Loss: 0.6697 | Acc (clean): 0.8420 | Acc (poison): 0.8420 | Val Acc: 0.7978 | Time: 00:00:08
Epoch 034 | Seed 42 | Rate 0.00 | Train Loss: 0.5117 | Val Loss: 0.9465 | Acc (clean): 0.8372 | Acc (poison): 0.8372 | Val Acc: 0.7107 | Time: 00:00:08
Epoch 035 | Seed 42 | Rate 0.00 | Train Loss: 0.5104 | Val Loss: 2.0572 | Acc (clean): 0.8379 | Acc (poison): 0.8379 | Val Acc: 0.4852 | Time: 00:00:09
Epoch 036 | Seed 42 | Rate 0.00 | Train Loss: 0.4951 | Val Loss: 1.2439 | Acc (clean): 0.8436 | Acc (poison): 0.8436 | Val Acc: 0.6452 | Time: 00:00:08
Epoch 037 | Seed 42 | Rate 0.00 | Train Loss: 0.5047 | Val Loss: 0.9090 | Acc (clean): 0.8382 | Acc (poison): 0.8382 | Val Acc: 0.7319 | Time: 00:00:08
Epoch 038 | Seed 42 | Rate 0.00 | Train Loss: 0.5011 | Val Loss: 1.2083 | Acc (clean): 0.8417 | Acc (poison): 0.8417 | Val Acc: 0.6670 | Time: 00:00:08
Epoch 039 | Seed 42 | Rate 0.00 | Train Loss: 0.5044 | Val Loss: 0.8770 | Acc (clean): 0.8392 | Acc (poison): 0.8392 | Val Acc: 0.7319 | Time: 00:00:08
Epoch 040 | Seed 42 | Rate 0.00 | Train Loss: 0.5021 | Val Loss: 1.1634 | Acc (clean): 0.8408 | Acc (poison): 0.8408 | Val Acc: 0.6496 | Time: 00:00:08
Epoch 041 | Seed 42 | Rate 0.00 | Train Loss: 0.5004 | Val Loss: 1.3236 | Acc (clean): 0.8431 | Acc (poison): 0.8431 | Val Acc: 0.6307 | Time: 00:00:08
Epoch 042 | Seed 42 | Rate 0.00 | Train Loss: 0.4923 | Val Loss: 0.8526 | Acc (clean): 0.8448 | Acc (poison): 0.8448 | Val Acc: 0.7500 | Time: 00:00:08
Epoch 043 | Seed 42 | Rate 0.00 | Train Loss: 0.4939 | Val Loss: 1.0371 | Acc (clean): 0.8443 | Acc (poison): 0.8443 | Val Acc: 0.6778 | Time: 00:00:08
Epoch 044 | Seed 42 | Rate 0.00 | Train Loss: 0.4885 | Val Loss: 0.7841 | Acc (clean): 0.8439 | Acc (poison): 0.8439 | Val Acc: 0.7593 | Time: 00:00:09
Epoch 045 | Seed 42 | Rate 0.00 | Train Loss: 0.4918 | Val Loss: 0.7987 | Acc (clean): 0.8451 | Acc (poison): 0.8451 | Val Acc: 0.7548 | Time: 00:00:10
Epoch 046 | Seed 42 | Rate 0.00 | Train Loss: 0.4937 | Val Loss: 0.8701 | Acc (clean): 0.8449 | Acc (poison): 0.8449 | Val Acc: 0.7433 | Time: 00:00:09
Epoch 047 | Seed 42 | Rate 0.00 | Train Loss: 0.4918 | Val Loss: 1.0336 | Acc (clean): 0.8469 | Acc (poison): 0.8469 | Val Acc: 0.7070 | Time: 00:00:09
Epoch 048 | Seed 42 | Rate 0.00 | Train Loss: 0.4953 | Val Loss: 0.7123 | Acc (clean): 0.8415 | Acc (poison): 0.8415 | Val Acc: 0.7841 | Time: 00:00:09
Epoch 049 | Seed 42 | Rate 0.00 | Train Loss: 0.4918 | Val Loss: 1.0257 | Acc (clean): 0.8415 | Acc (poison): 0.8415 | Val Acc: 0.6963 | Time: 00:00:09
Epoch 050 | Seed 42 | Rate 0.00 | Train Loss: 0.5002 | Val Loss: 0.8839 | Acc (clean): 0.8424 | Acc (poison): 0.8424 | Val Acc: 0.7322 | Time: 00:00:08
Epoch 051 | Seed 42 | Rate 0.00 | Train Loss: 0.2854 | Val Loss: 0.3189 | Acc (clean): 0.9119 | Acc (poison): 0.9119 | Val Acc: 0.8996 | Time: 00:00:09
Epoch 052 | Seed 42 | Rate 0.00 | Train Loss: 0.2240 | Val Loss: 0.2865 | Acc (clean): 0.9315 | Acc (poison): 0.9315 | Val Acc: 0.9141 | Time: 00:00:09
Epoch 053 | Seed 42 | Rate 0.00 | Train Loss: 0.1975 | Val Loss: 0.2746 | Acc (clean): 0.9397 | Acc (poison): 0.9397 | Val Acc: 0.9159 | Time: 00:00:09
Epoch 054 | Seed 42 | Rate 0.00 | Train Loss: 0.1890 | Val Loss: 0.2707 | Acc (clean): 0.9416 | Acc (poison): 0.9416 | Val Acc: 0.9174 | Time: 00:00:09
Epoch 055 | Seed 42 | Rate 0.00 | Train Loss: 0.1727 | Val Loss: 0.2678 | Acc (clean): 0.9468 | Acc (poison): 0.9468 | Val Acc: 0.9167 | Time: 00:00:09
Epoch 056 | Seed 42 | Rate 0.00 | Train Loss: 0.1628 | Val Loss: 0.2596 | Acc (clean): 0.9514 | Acc (poison): 0.9514 | Val Acc: 0.9226 | Time: 00:00:09
Epoch 057 | Seed 42 | Rate 0.00 | Train Loss: 0.1587 | Val Loss: 0.2587 | Acc (clean): 0.9523 | Acc (poison): 0.9523 | Val Acc: 0.9178 | Time: 00:00:09
Epoch 058 | Seed 42 | Rate 0.00 | Train Loss: 0.1490 | Val Loss: 0.2597 | Acc (clean): 0.9564 | Acc (poison): 0.9564 | Val Acc: 0.9207 | Time: 00:00:09
Epoch 059 | Seed 42 | Rate 0.00 | Train Loss: 0.1433 | Val Loss: 0.2524 | Acc (clean): 0.9581 | Acc (poison): 0.9581 | Val Acc: 0.9178 | Time: 00:00:09
Epoch 060 | Seed 42 | Rate 0.00 | Train Loss: 0.1353 | Val Loss: 0.2631 | Acc (clean): 0.9598 | Acc (poison): 0.9598 | Val Acc: 0.9178 | Time: 00:00:09
Epoch 061 | Seed 42 | Rate 0.00 | Train Loss: 0.1293 | Val Loss: 0.2488 | Acc (clean): 0.9617 | Acc (poison): 0.9617 | Val Acc: 0.9193 | Time: 00:00:09
Epoch 062 | Seed 42 | Rate 0.00 | Train Loss: 0.1261 | Val Loss: 0.2537 | Acc (clean): 0.9634 | Acc (poison): 0.9634 | Val Acc: 0.9181 | Time: 00:00:09
Epoch 063 | Seed 42 | Rate 0.00 | Train Loss: 0.1207 | Val Loss: 0.2467 | Acc (clean): 0.9648 | Acc (poison): 0.9648 | Val Acc: 0.9241 | Time: 00:00:09
Epoch 064 | Seed 42 | Rate 0.00 | Train Loss: 0.1134 | Val Loss: 0.2445 | Acc (clean): 0.9671 | Acc (poison): 0.9671 | Val Acc: 0.9230 | Time: 00:00:09
Epoch 065 | Seed 42 | Rate 0.00 | Train Loss: 0.1149 | Val Loss: 0.2556 | Acc (clean): 0.9653 | Acc (poison): 0.9653 | Val Acc: 0.9204 | Time: 00:00:08
Epoch 066 | Seed 42 | Rate 0.00 | Train Loss: 0.1096 | Val Loss: 0.2420 | Acc (clean): 0.9678 | Acc (poison): 0.9678 | Val Acc: 0.9215 | Time: 00:00:09
Epoch 067 | Seed 42 | Rate 0.00 | Train Loss: 0.1020 | Val Loss: 0.2359 | Acc (clean): 0.9712 | Acc (poison): 0.9712 | Val Acc: 0.9252 | Time: 00:00:09
Epoch 068 | Seed 42 | Rate 0.00 | Train Loss: 0.0975 | Val Loss: 0.2523 | Acc (clean): 0.9722 | Acc (poison): 0.9722 | Val Acc: 0.9159 | Time: 00:00:09
Epoch 069 | Seed 42 | Rate 0.00 | Train Loss: 0.0947 | Val Loss: 0.2485 | Acc (clean): 0.9740 | Acc (poison): 0.9740 | Val Acc: 0.9211 | Time: 00:00:09
Epoch 070 | Seed 42 | Rate 0.00 | Train Loss: 0.0993 | Val Loss: 0.2509 | Acc (clean): 0.9721 | Acc (poison): 0.9721 | Val Acc: 0.9193 | Time: 00:00:09
Epoch 071 | Seed 42 | Rate 0.00 | Train Loss: 0.0932 | Val Loss: 0.2520 | Acc (clean): 0.9745 | Acc (poison): 0.9745 | Val Acc: 0.9152 | Time: 00:00:09
Epoch 072 | Seed 42 | Rate 0.00 | Train Loss: 0.0906 | Val Loss: 0.2480 | Acc (clean): 0.9748 | Acc (poison): 0.9748 | Val Acc: 0.9178 | Time: 00:00:09
Epoch 073 | Seed 42 | Rate 0.00 | Train Loss: 0.0904 | Val Loss: 0.2642 | Acc (clean): 0.9751 | Acc (poison): 0.9751 | Val Acc: 0.9193 | Time: 00:00:09
Epoch 074 | Seed 42 | Rate 0.00 | Train Loss: 0.0875 | Val Loss: 0.2749 | Acc (clean): 0.9765 | Acc (poison): 0.9765 | Val Acc: 0.9170 | Time: 00:00:09
Epoch 075 | Seed 42 | Rate 0.00 | Train Loss: 0.0872 | Val Loss: 0.2497 | Acc (clean): 0.9758 | Acc (poison): 0.9758 | Val Acc: 0.9241 | Time: 00:00:09
Epoch 076 | Seed 42 | Rate 0.00 | Train Loss: 0.0675 | Val Loss: 0.2254 | Acc (clean): 0.9840 | Acc (poison): 0.9840 | Val Acc: 0.9311 | Time: 00:00:09
Epoch 077 | Seed 42 | Rate 0.00 | Train Loss: 0.0572 | Val Loss: 0.2208 | Acc (clean): 0.9875 | Acc (poison): 0.9875 | Val Acc: 0.9304 | Time: 00:00:09
Epoch 078 | Seed 42 | Rate 0.00 | Train Loss: 0.0572 | Val Loss: 0.2234 | Acc (clean): 0.9870 | Acc (poison): 0.9870 | Val Acc: 0.9304 | Time: 00:00:09
Epoch 079 | Seed 42 | Rate 0.00 | Train Loss: 0.0574 | Val Loss: 0.2199 | Acc (clean): 0.9867 | Acc (poison): 0.9867 | Val Acc: 0.9337 | Time: 00:00:09
Epoch 080 | Seed 42 | Rate 0.00 | Train Loss: 0.0549 | Val Loss: 0.2194 | Acc (clean): 0.9886 | Acc (poison): 0.9886 | Val Acc: 0.9337 | Time: 00:00:09
Epoch 081 | Seed 42 | Rate 0.00 | Train Loss: 0.0523 | Val Loss: 0.2164 | Acc (clean): 0.9896 | Acc (poison): 0.9896 | Val Acc: 0.9322 | Time: 00:00:09
Epoch 082 | Seed 42 | Rate 0.00 | Train Loss: 0.0522 | Val Loss: 0.2249 | Acc (clean): 0.9890 | Acc (poison): 0.9890 | Val Acc: 0.9315 | Time: 00:00:09
Epoch 083 | Seed 42 | Rate 0.00 | Train Loss: 0.0502 | Val Loss: 0.2208 | Acc (clean): 0.9897 | Acc (poison): 0.9897 | Val Acc: 0.9307 | Time: 00:00:09
Epoch 084 | Seed 42 | Rate 0.00 | Train Loss: 0.0518 | Val Loss: 0.2209 | Acc (clean): 0.9890 | Acc (poison): 0.9890 | Val Acc: 0.9300 | Time: 00:00:09
Epoch 085 | Seed 42 | Rate 0.00 | Train Loss: 0.0489 | Val Loss: 0.2143 | Acc (clean): 0.9908 | Acc (poison): 0.9908 | Val Acc: 0.9330 | Time: 00:00:09
Epoch 086 | Seed 42 | Rate 0.00 | Train Loss: 0.0501 | Val Loss: 0.2249 | Acc (clean): 0.9901 | Acc (poison): 0.9901 | Val Acc: 0.9281 | Time: 00:00:09
Epoch 087 | Seed 42 | Rate 0.00 | Train Loss: 0.0491 | Val Loss: 0.2204 | Acc (clean): 0.9907 | Acc (poison): 0.9907 | Val Acc: 0.9304 | Time: 00:00:09
Epoch 088 | Seed 42 | Rate 0.00 | Train Loss: 0.0487 | Val Loss: 0.2189 | Acc (clean): 0.9900 | Acc (poison): 0.9900 | Val Acc: 0.9296 | Time: 00:00:09
Epoch 089 | Seed 42 | Rate 0.00 | Train Loss: 0.0493 | Val Loss: 0.2191 | Acc (clean): 0.9906 | Acc (poison): 0.9906 | Val Acc: 0.9315 | Time: 00:00:09
Epoch 090 | Seed 42 | Rate 0.00 | Train Loss: 0.0492 | Val Loss: 0.2241 | Acc (clean): 0.9897 | Acc (poison): 0.9897 | Val Acc: 0.9311 | Time: 00:00:09
Epoch 091 | Seed 42 | Rate 0.00 | Train Loss: 0.0491 | Val Loss: 0.2186 | Acc (clean): 0.9902 | Acc (poison): 0.9902 | Val Acc: 0.9285 | Time: 00:00:09
Epoch 092 | Seed 42 | Rate 0.00 | Train Loss: 0.0484 | Val Loss: 0.2166 | Acc (clean): 0.9897 | Acc (poison): 0.9897 | Val Acc: 0.9296 | Time: 00:00:09
Epoch 093 | Seed 42 | Rate 0.00 | Train Loss: 0.0469 | Val Loss: 0.2187 | Acc (clean): 0.9913 | Acc (poison): 0.9913 | Val Acc: 0.9304 | Time: 00:00:09
Epoch 094 | Seed 42 | Rate 0.00 | Train Loss: 0.0471 | Val Loss: 0.2150 | Acc (clean): 0.9909 | Acc (poison): 0.9909 | Val Acc: 0.9330 | Time: 00:00:09
Epoch 095 | Seed 42 | Rate 0.00 | Train Loss: 0.0479 | Val Loss: 0.2192 | Acc (clean): 0.9903 | Acc (poison): 0.9903 | Val Acc: 0.9337 | Time: 00:00:09
Epoch 096 | Seed 42 | Rate 0.00 | Train Loss: 0.0466 | Val Loss: 0.2179 | Acc (clean): 0.9907 | Acc (poison): 0.9907 | Val Acc: 0.9315 | Time: 00:00:09
Epoch 097 | Seed 42 | Rate 0.00 | Train Loss: 0.0447 | Val Loss: 0.2185 | Acc (clean): 0.9919 | Acc (poison): 0.9919 | Val Acc: 0.9326 | Time: 00:00:09
Epoch 098 | Seed 42 | Rate 0.00 | Train Loss: 0.0449 | Val Loss: 0.2201 | Acc (clean): 0.9916 | Acc (poison): 0.9916 | Val Acc: 0.9311 | Time: 00:00:09
Epoch 099 | Seed 42 | Rate 0.00 | Train Loss: 0.0439 | Val Loss: 0.2245 | Acc (clean): 0.9920 | Acc (poison): 0.9920 | Val Acc: 0.9311 | Time: 00:00:09
Epoch 100 | Seed 42 | Rate 0.00 | Train Loss: 0.0450 | Val Loss: 0.2188 | Acc (clean): 0.9921 | Acc (poison): 0.9921 | Val Acc: 0.9319 | Time: 00:00:09
[W802 19:43:26.293018049 NNPACK.cpp:61] Could not initialize NNPACK! Reason: Unsupported hardware.
Loading train data from /home/yazanme/BachelorThesis/BachelorThesis/data/processed/resisc45/train.h5 with mapping /home/yazanme/BachelorThesis/BachelorThesis/data/processed/resisc45/poisoned/RQ2.4/seed_42/labels.pt... (in_memory=True, workers=6)
Testing torch.compile support...
Successfully compiled model using torch.compile.
Epoch 001 | Seed 42 | Rate 1.00 | Train Loss: 2.7771 | Val Loss: 2.4676 | Acc (clean): 0.2494 | Acc (poison): 0.2513 | Val Acc: 0.3215 | Time: 00:00:09
Epoch 002 | Seed 42 | Rate 1.00 | Train Loss: 1.8393 | Val Loss: 2.0390 | Acc (clean): 0.4581 | Acc (poison): 0.4620 | Val Acc: 0.4267 | Time: 00:00:09
Epoch 003 | Seed 42 | Rate 1.00 | Train Loss: 1.4895 | Val Loss: 1.7791 | Acc (clean): 0.5468 | Acc (poison): 0.5519 | Val Acc: 0.4830 | Time: 00:00:08
Epoch 004 | Seed 42 | Rate 1.00 | Train Loss: 1.2634 | Val Loss: 1.5010 | Acc (clean): 0.6131 | Acc (poison): 0.6193 | Val Acc: 0.5619 | Time: 00:00:09
Epoch 005 | Seed 42 | Rate 1.00 | Train Loss: 1.1066 | Val Loss: 1.5472 | Acc (clean): 0.6553 | Acc (poison): 0.6610 | Val Acc: 0.5619 | Time: 00:00:08
Epoch 006 | Seed 42 | Rate 1.00 | Train Loss: 0.9537 | Val Loss: 1.0278 | Acc (clean): 0.6979 | Acc (poison): 0.7042 | Val Acc: 0.6878 | Time: 00:00:08
Epoch 007 | Seed 42 | Rate 1.00 | Train Loss: 0.8292 | Val Loss: 0.9948 | Acc (clean): 0.7361 | Acc (poison): 0.7431 | Val Acc: 0.7030 | Time: 00:00:08
Epoch 008 | Seed 42 | Rate 1.00 | Train Loss: 0.7425 | Val Loss: 1.0205 | Acc (clean): 0.7607 | Acc (poison): 0.7674 | Val Acc: 0.6985 | Time: 00:00:08
Epoch 009 | Seed 42 | Rate 1.00 | Train Loss: 0.6914 | Val Loss: 0.8400 | Acc (clean): 0.7737 | Acc (poison): 0.7809 | Val Acc: 0.7470 | Time: 00:00:09
Epoch 010 | Seed 42 | Rate 1.00 | Train Loss: 0.6421 | Val Loss: 1.3228 | Acc (clean): 0.7909 | Acc (poison): 0.7978 | Val Acc: 0.6307 | Time: 00:00:09
Epoch 011 | Seed 42 | Rate 1.00 | Train Loss: 0.6239 | Val Loss: 1.4536 | Acc (clean): 0.7940 | Acc (poison): 0.8018 | Val Acc: 0.6019 | Time: 00:00:08
Epoch 012 | Seed 42 | Rate 1.00 | Train Loss: 0.5964 | Val Loss: 1.5335 | Acc (clean): 0.8051 | Acc (poison): 0.8124 | Val Acc: 0.5741 | Time: 00:00:08
Epoch 013 | Seed 42 | Rate 1.00 | Train Loss: 0.5628 | Val Loss: 0.8986 | Acc (clean): 0.8148 | Acc (poison): 0.8212 | Val Acc: 0.7411 | Time: 00:00:09
Epoch 014 | Seed 42 | Rate 1.00 | Train Loss: 0.5634 | Val Loss: 1.1453 | Acc (clean): 0.8127 | Acc (poison): 0.8201 | Val Acc: 0.6793 | Time: 00:00:08
Epoch 015 | Seed 42 | Rate 1.00 | Train Loss: 0.5525 | Val Loss: 1.3369 | Acc (clean): 0.8165 | Acc (poison): 0.8233 | Val Acc: 0.6285 | Time: 00:00:09
Epoch 016 | Seed 42 | Rate 1.00 | Train Loss: 0.5352 | Val Loss: 1.6429 | Acc (clean): 0.8221 | Acc (poison): 0.8295 | Val Acc: 0.5711 | Time: 00:00:08
Epoch 017 | Seed 42 | Rate 1.00 | Train Loss: 0.5245 | Val Loss: 0.9867 | Acc (clean): 0.8252 | Acc (poison): 0.8326 | Val Acc: 0.7200 | Time: 00:00:09
Epoch 018 | Seed 42 | Rate 1.00 | Train Loss: 0.5196 | Val Loss: 0.7405 | Acc (clean): 0.8261 | Acc (poison): 0.8342 | Val Acc: 0.7700 | Time: 00:00:09
Epoch 019 | Seed 42 | Rate 1.00 | Train Loss: 0.5356 | Val Loss: 1.2459 | Acc (clean): 0.8228 | Acc (poison): 0.8302 | Val Acc: 0.6511 | Time: 00:00:09
Epoch 020 | Seed 42 | Rate 1.00 | Train Loss: 0.5190 | Val Loss: 1.0082 | Acc (clean): 0.8274 | Acc (poison): 0.8342 | Val Acc: 0.7196 | Time: 00:00:08
Epoch 021 | Seed 42 | Rate 1.00 | Train Loss: 0.5134 | Val Loss: 1.0696 | Acc (clean): 0.8316 | Acc (poison): 0.8379 | Val Acc: 0.6874 | Time: 00:00:09
Epoch 022 | Seed 42 | Rate 1.00 | Train Loss: 0.5102 | Val Loss: 1.1672 | Acc (clean): 0.8306 | Acc (poison): 0.8374 | Val Acc: 0.6641 | Time: 00:00:08
Epoch 023 | Seed 42 | Rate 1.00 | Train Loss: 0.4993 | Val Loss: 1.5320 | Acc (clean): 0.8327 | Acc (poison): 0.8396 | Val Acc: 0.5970 | Time: 00:00:09
Epoch 024 | Seed 42 | Rate 1.00 | Train Loss: 0.5130 | Val Loss: 1.3535 | Acc (clean): 0.8310 | Acc (poison): 0.8380 | Val Acc: 0.6659 | Time: 00:00:08
Epoch 025 | Seed 42 | Rate 1.00 | Train Loss: 0.4961 | Val Loss: 1.0646 | Acc (clean): 0.8367 | Acc (poison): 0.8439 | Val Acc: 0.6826 | Time: 00:00:08
Epoch 026 | Seed 42 | Rate 1.00 | Train Loss: 0.5069 | Val Loss: 1.8689 | Acc (clean): 0.8301 | Acc (poison): 0.8373 | Val Acc: 0.5078 | Time: 00:00:08
Epoch 027 | Seed 42 | Rate 1.00 | Train Loss: 0.5157 | Val Loss: 0.7908 | Acc (clean): 0.8316 | Acc (poison): 0.8387 | Val Acc: 0.7693 | Time: 00:00:08
Epoch 028 | Seed 42 | Rate 1.00 | Train Loss: 0.4914 | Val Loss: 1.0617 | Acc (clean): 0.8388 | Acc (poison): 0.8460 | Val Acc: 0.7037 | Time: 00:00:08
Epoch 029 | Seed 42 | Rate 1.00 | Train Loss: 0.4870 | Val Loss: 0.9637 | Acc (clean): 0.8381 | Acc (poison): 0.8453 | Val Acc: 0.7200 | Time: 00:00:08
Epoch 030 | Seed 42 | Rate 1.00 | Train Loss: 0.5026 | Val Loss: 1.0153 | Acc (clean): 0.8333 | Acc (poison): 0.8403 | Val Acc: 0.7000 | Time: 00:00:08
Epoch 031 | Seed 42 | Rate 1.00 | Train Loss: 0.4968 | Val Loss: 1.2767 | Acc (clean): 0.8360 | Acc (poison): 0.8431 | Val Acc: 0.6444 | Time: 00:00:08
Epoch 032 | Seed 42 | Rate 1.00 | Train Loss: 0.4797 | Val Loss: 1.4275 | Acc (clean): 0.8384 | Acc (poison): 0.8449 | Val Acc: 0.6230 | Time: 00:00:08
Epoch 033 | Seed 42 | Rate 1.00 | Train Loss: 0.4975 | Val Loss: 1.3976 | Acc (clean): 0.8347 | Acc (poison): 0.8414 | Val Acc: 0.6237 | Time: 00:00:08
Epoch 034 | Seed 42 | Rate 1.00 | Train Loss: 0.4845 | Val Loss: 1.7143 | Acc (clean): 0.8385 | Acc (poison): 0.8452 | Val Acc: 0.5800 | Time: 00:00:08
Epoch 035 | Seed 42 | Rate 1.00 | Train Loss: 0.4870 | Val Loss: 1.8090 | Acc (clean): 0.8365 | Acc (poison): 0.8436 | Val Acc: 0.5819 | Time: 00:00:08
Epoch 036 | Seed 42 | Rate 1.00 | Train Loss: 0.4798 | Val Loss: 1.0670 | Acc (clean): 0.8392 | Acc (poison): 0.8462 | Val Acc: 0.6937 | Time: 00:00:08
Epoch 037 | Seed 42 | Rate 1.00 | Train Loss: 0.4753 | Val Loss: 1.3799 | Acc (clean): 0.8415 | Acc (poison): 0.8486 | Val Acc: 0.6233 | Time: 00:00:08
Epoch 038 | Seed 42 | Rate 1.00 | Train Loss: 0.4831 | Val Loss: 0.8555 | Acc (clean): 0.8402 | Acc (poison): 0.8474 | Val Acc: 0.7541 | Time: 00:00:08
Epoch 039 | Seed 42 | Rate 1.00 | Train Loss: 0.4662 | Val Loss: 0.8159 | Acc (clean): 0.8412 | Acc (poison): 0.8484 | Val Acc: 0.7563 | Time: 00:00:08
Epoch 040 | Seed 42 | Rate 1.00 | Train Loss: 0.4807 | Val Loss: 1.0289 | Acc (clean): 0.8381 | Acc (poison): 0.8450 | Val Acc: 0.7174 | Time: 00:00:08
Epoch 041 | Seed 42 | Rate 1.00 | Train Loss: 0.4799 | Val Loss: 1.0632 | Acc (clean): 0.8405 | Acc (poison): 0.8477 | Val Acc: 0.6985 | Time: 00:00:08
Epoch 042 | Seed 42 | Rate 1.00 | Train Loss: 0.4725 | Val Loss: 1.0585 | Acc (clean): 0.8396 | Acc (poison): 0.8475 | Val Acc: 0.6963 | Time: 00:00:08
Epoch 043 | Seed 42 | Rate 1.00 | Train Loss: 0.4728 | Val Loss: 1.6802 | Acc (clean): 0.8426 | Acc (poison): 0.8502 | Val Acc: 0.5356 | Time: 00:00:08
Epoch 044 | Seed 42 | Rate 1.00 | Train Loss: 0.4623 | Val Loss: 0.9512 | Acc (clean): 0.8460 | Acc (poison): 0.8526 | Val Acc: 0.7141 | Time: 00:00:08
Epoch 045 | Seed 42 | Rate 1.00 | Train Loss: 0.4691 | Val Loss: 1.2657 | Acc (clean): 0.8419 | Acc (poison): 0.8499 | Val Acc: 0.6322 | Time: 00:00:08
Epoch 046 | Seed 42 | Rate 1.00 | Train Loss: 0.4773 | Val Loss: 1.8501 | Acc (clean): 0.8416 | Acc (poison): 0.8486 | Val Acc: 0.5259 | Time: 00:00:09
Epoch 047 | Seed 42 | Rate 1.00 | Train Loss: 0.4844 | Val Loss: 1.1161 | Acc (clean): 0.8389 | Acc (poison): 0.8455 | Val Acc: 0.6930 | Time: 00:00:08
Epoch 048 | Seed 42 | Rate 1.00 | Train Loss: 0.4630 | Val Loss: 1.1484 | Acc (clean): 0.8439 | Acc (poison): 0.8503 | Val Acc: 0.6733 | Time: 00:00:09
Epoch 049 | Seed 42 | Rate 1.00 | Train Loss: 0.4746 | Val Loss: 1.1620 | Acc (clean): 0.8426 | Acc (poison): 0.8495 | Val Acc: 0.6681 | Time: 00:00:09
Epoch 050 | Seed 42 | Rate 1.00 | Train Loss: 0.4778 | Val Loss: 1.0716 | Acc (clean): 0.8400 | Acc (poison): 0.8470 | Val Acc: 0.6793 | Time: 00:00:09
Epoch 051 | Seed 42 | Rate 1.00 | Train Loss: 0.2665 | Val Loss: 0.3256 | Acc (clean): 0.9089 | Acc (poison): 0.9179 | Val Acc: 0.8993 | Time: 00:00:08
Epoch 052 | Seed 42 | Rate 1.00 | Train Loss: 0.2021 | Val Loss: 0.3108 | Acc (clean): 0.9286 | Acc (poison): 0.9375 | Val Acc: 0.8956 | Time: 00:00:09
Epoch 053 | Seed 42 | Rate 1.00 | Train Loss: 0.1804 | Val Loss: 0.2956 | Acc (clean): 0.9353 | Acc (poison): 0.9445 | Val Acc: 0.9081 | Time: 00:00:08
Epoch 054 | Seed 42 | Rate 1.00 | Train Loss: 0.1644 | Val Loss: 0.2868 | Acc (clean): 0.9411 | Acc (poison): 0.9502 | Val Acc: 0.9078 | Time: 00:00:09
Epoch 055 | Seed 42 | Rate 1.00 | Train Loss: 0.1554 | Val Loss: 0.2837 | Acc (clean): 0.9435 | Acc (poison): 0.9521 | Val Acc: 0.9093 | Time: 00:00:09
Epoch 056 | Seed 42 | Rate 1.00 | Train Loss: 0.1468 | Val Loss: 0.2779 | Acc (clean): 0.9456 | Acc (poison): 0.9547 | Val Acc: 0.9137 | Time: 00:00:09
Epoch 057 | Seed 42 | Rate 1.00 | Train Loss: 0.1376 | Val Loss: 0.2764 | Acc (clean): 0.9498 | Acc (poison): 0.9589 | Val Acc: 0.9137 | Time: 00:00:09
Epoch 058 | Seed 42 | Rate 1.00 | Train Loss: 0.1310 | Val Loss: 0.2855 | Acc (clean): 0.9521 | Acc (poison): 0.9607 | Val Acc: 0.9111 | Time: 00:00:08
Epoch 059 | Seed 42 | Rate 1.00 | Train Loss: 0.1267 | Val Loss: 0.2767 | Acc (clean): 0.9517 | Acc (poison): 0.9609 | Val Acc: 0.9148 | Time: 00:00:09
Epoch 060 | Seed 42 | Rate 1.00 | Train Loss: 0.1197 | Val Loss: 0.2857 | Acc (clean): 0.9553 | Acc (poison): 0.9649 | Val Acc: 0.9126 | Time: 00:00:08
Epoch 061 | Seed 42 | Rate 1.00 | Train Loss: 0.1163 | Val Loss: 0.2710 | Acc (clean): 0.9557 | Acc (poison): 0.9647 | Val Acc: 0.9174 | Time: 00:00:08
Epoch 062 | Seed 42 | Rate 1.00 | Train Loss: 0.1112 | Val Loss: 0.2663 | Acc (clean): 0.9579 | Acc (poison): 0.9672 | Val Acc: 0.9167 | Time: 00:00:08
Epoch 063 | Seed 42 | Rate 1.00 | Train Loss: 0.1043 | Val Loss: 0.2729 | Acc (clean): 0.9601 | Acc (poison): 0.9698 | Val Acc: 0.9144 | Time: 00:00:08
Epoch 064 | Seed 42 | Rate 1.00 | Train Loss: 0.0996 | Val Loss: 0.2687 | Acc (clean): 0.9627 | Acc (poison): 0.9722 | Val Acc: 0.9170 | Time: 00:00:08
Epoch 065 | Seed 42 | Rate 1.00 | Train Loss: 0.0934 | Val Loss: 0.2621 | Acc (clean): 0.9641 | Acc (poison): 0.9730 | Val Acc: 0.9200 | Time: 00:00:09
Epoch 066 | Seed 42 | Rate 1.00 | Train Loss: 0.0949 | Val Loss: 0.2752 | Acc (clean): 0.9644 | Acc (poison): 0.9739 | Val Acc: 0.9141 | Time: 00:00:08
Epoch 067 | Seed 42 | Rate 1.00 | Train Loss: 0.0911 | Val Loss: 0.2627 | Acc (clean): 0.9649 | Acc (poison): 0.9741 | Val Acc: 0.9219 | Time: 00:00:08
Epoch 068 | Seed 42 | Rate 1.00 | Train Loss: 0.0877 | Val Loss: 0.2718 | Acc (clean): 0.9662 | Acc (poison): 0.9755 | Val Acc: 0.9156 | Time: 00:00:08
Epoch 069 | Seed 42 | Rate 1.00 | Train Loss: 0.0836 | Val Loss: 0.2837 | Acc (clean): 0.9684 | Acc (poison): 0.9779 | Val Acc: 0.9163 | Time: 00:00:08
Epoch 070 | Seed 42 | Rate 1.00 | Train Loss: 0.0799 | Val Loss: 0.2671 | Acc (clean): 0.9695 | Acc (poison): 0.9791 | Val Acc: 0.9193 | Time: 00:00:09
Epoch 071 | Seed 42 | Rate 1.00 | Train Loss: 0.0810 | Val Loss: 0.2830 | Acc (clean): 0.9686 | Acc (poison): 0.9781 | Val Acc: 0.9107 | Time: 00:00:09
Epoch 072 | Seed 42 | Rate 1.00 | Train Loss: 0.0816 | Val Loss: 0.2856 | Acc (clean): 0.9678 | Acc (poison): 0.9772 | Val Acc: 0.9115 | Time: 00:00:09
Epoch 073 | Seed 42 | Rate 1.00 | Train Loss: 0.0791 | Val Loss: 0.2866 | Acc (clean): 0.9691 | Acc (poison): 0.9785 | Val Acc: 0.9156 | Time: 00:00:08
Epoch 074 | Seed 42 | Rate 1.00 | Train Loss: 0.0762 | Val Loss: 0.2839 | Acc (clean): 0.9704 | Acc (poison): 0.9797 | Val Acc: 0.9141 | Time: 00:00:08
Epoch 075 | Seed 42 | Rate 1.00 | Train Loss: 0.0711 | Val Loss: 0.2904 | Acc (clean): 0.9724 | Acc (poison): 0.9820 | Val Acc: 0.9115 | Time: 00:00:08
Epoch 076 | Seed 42 | Rate 1.00 | Train Loss: 0.0567 | Val Loss: 0.2540 | Acc (clean): 0.9772 | Acc (poison): 0.9873 | Val Acc: 0.9219 | Time: 00:00:09
Epoch 077 | Seed 42 | Rate 1.00 | Train Loss: 0.0514 | Val Loss: 0.2564 | Acc (clean): 0.9795 | Acc (poison): 0.9890 | Val Acc: 0.9222 | Time: 00:00:08
Epoch 078 | Seed 42 | Rate 1.00 | Train Loss: 0.0496 | Val Loss: 0.2545 | Acc (clean): 0.9796 | Acc (poison): 0.9893 | Val Acc: 0.9207 | Time: 00:00:08
Epoch 079 | Seed 42 | Rate 1.00 | Train Loss: 0.0490 | Val Loss: 0.2575 | Acc (clean): 0.9800 | Acc (poison): 0.9902 | Val Acc: 0.9230 | Time: 00:00:09
Epoch 080 | Seed 42 | Rate 1.00 | Train Loss: 0.0468 | Val Loss: 0.2565 | Acc (clean): 0.9818 | Acc (poison): 0.9917 | Val Acc: 0.9211 | Time: 00:00:09
Epoch 081 | Seed 42 | Rate 1.00 | Train Loss: 0.0481 | Val Loss: 0.2564 | Acc (clean): 0.9806 | Acc (poison): 0.9906 | Val Acc: 0.9215 | Time: 00:00:08
Epoch 082 | Seed 42 | Rate 1.00 | Train Loss: 0.0488 | Val Loss: 0.2525 | Acc (clean): 0.9802 | Acc (poison): 0.9902 | Val Acc: 0.9233 | Time: 00:00:08
Epoch 083 | Seed 42 | Rate 1.00 | Train Loss: 0.0460 | Val Loss: 0.2607 | Acc (clean): 0.9811 | Acc (poison): 0.9912 | Val Acc: 0.9204 | Time: 00:00:09
Epoch 084 | Seed 42 | Rate 1.00 | Train Loss: 0.0446 | Val Loss: 0.2563 | Acc (clean): 0.9820 | Acc (poison): 0.9920 | Val Acc: 0.9211 | Time: 00:00:09
Epoch 085 | Seed 42 | Rate 1.00 | Train Loss: 0.0455 | Val Loss: 0.2542 | Acc (clean): 0.9808 | Acc (poison): 0.9906 | Val Acc: 0.9230 | Time: 00:00:09
Epoch 086 | Seed 42 | Rate 1.00 | Train Loss: 0.0448 | Val Loss: 0.2479 | Acc (clean): 0.9816 | Acc (poison): 0.9917 | Val Acc: 0.9274 | Time: 00:00:08
Epoch 087 | Seed 42 | Rate 1.00 | Train Loss: 0.0452 | Val Loss: 0.2570 | Acc (clean): 0.9815 | Acc (poison): 0.9915 | Val Acc: 0.9230 | Time: 00:00:08
Epoch 088 | Seed 42 | Rate 1.00 | Train Loss: 0.0435 | Val Loss: 0.2544 | Acc (clean): 0.9819 | Acc (poison): 0.9923 | Val Acc: 0.9230 | Time: 00:00:09
Epoch 089 | Seed 42 | Rate 1.00 | Train Loss: 0.0426 | Val Loss: 0.2521 | Acc (clean): 0.9818 | Acc (poison): 0.9923 | Val Acc: 0.9222 | Time: 00:00:08
Epoch 090 | Seed 42 | Rate 1.00 | Train Loss: 0.0431 | Val Loss: 0.2554 | Acc (clean): 0.9824 | Acc (poison): 0.9924 | Val Acc: 0.9215 | Time: 00:00:08
Epoch 091 | Seed 42 | Rate 1.00 | Train Loss: 0.0419 | Val Loss: 0.2583 | Acc (clean): 0.9825 | Acc (poison): 0.9924 | Val Acc: 0.9204 | Time: 00:00:08
Epoch 092 | Seed 42 | Rate 1.00 | Train Loss: 0.0413 | Val Loss: 0.2553 | Acc (clean): 0.9829 | Acc (poison): 0.9932 | Val Acc: 0.9241 | Time: 00:00:08
Epoch 093 | Seed 42 | Rate 1.00 | Train Loss: 0.0417 | Val Loss: 0.2538 | Acc (clean): 0.9821 | Acc (poison): 0.9925 | Val Acc: 0.9219 | Time: 00:00:08
Epoch 094 | Seed 42 | Rate 1.00 | Train Loss: 0.0428 | Val Loss: 0.2562 | Acc (clean): 0.9815 | Acc (poison): 0.9913 | Val Acc: 0.9211 | Time: 00:00:09
Epoch 095 | Seed 42 | Rate 1.00 | Train Loss: 0.0413 | Val Loss: 0.2501 | Acc (clean): 0.9821 | Acc (poison): 0.9925 | Val Acc: 0.9207 | Time: 00:00:08
Epoch 096 | Seed 42 | Rate 1.00 | Train Loss: 0.0419 | Val Loss: 0.2540 | Acc (clean): 0.9821 | Acc (poison): 0.9920 | Val Acc: 0.9211 | Time: 00:00:09
Epoch 097 | Seed 42 | Rate 1.00 | Train Loss: 0.0415 | Val Loss: 0.2544 | Acc (clean): 0.9827 | Acc (poison): 0.9925 | Val Acc: 0.9215 | Time: 00:00:09
Epoch 098 | Seed 42 | Rate 1.00 | Train Loss: 0.0396 | Val Loss: 0.2535 | Acc (clean): 0.9827 | Acc (poison): 0.9928 | Val Acc: 0.9233 | Time: 00:00:09
Epoch 099 | Seed 42 | Rate 1.00 | Train Loss: 0.0405 | Val Loss: 0.2582 | Acc (clean): 0.9826 | Acc (poison): 0.9933 | Val Acc: 0.9219 | Time: 00:00:09
Epoch 100 | Seed 42 | Rate 1.00 | Train Loss: 0.0390 | Val Loss: 0.2628 | Acc (clean): 0.9831 | Acc (poison): 0.9933 | Val Acc: 0.9193 | Time: 00:00:08
Loading train data from /home/yazanme/BachelorThesis/BachelorThesis/data/processed/resisc45/train.h5... (in_memory=True, workers=6)
Testing torch.compile support...
Successfully compiled model using torch.compile.
Epoch 001 | Seed 2001 | Rate 0.00 | Train Loss: 2.8416 | Val Loss: 2.8050 | Acc (clean): 0.2268 | Acc (poison): 0.2268 | Val Acc: 0.2693 | Time: 00:00:10
Epoch 002 | Seed 2001 | Rate 0.00 | Train Loss: 1.9144 | Val Loss: 2.4201 | Acc (clean): 0.4416 | Acc (poison): 0.4416 | Val Acc: 0.3367 | Time: 00:00:09
Epoch 003 | Seed 2001 | Rate 0.00 | Train Loss: 1.5750 | Val Loss: 1.5782 | Acc (clean): 0.5288 | Acc (poison): 0.5288 | Val Acc: 0.5293 | Time: 00:00:09
Epoch 004 | Seed 2001 | Rate 0.00 | Train Loss: 1.3729 | Val Loss: 1.5073 | Acc (clean): 0.5870 | Acc (poison): 0.5870 | Val Acc: 0.5444 | Time: 00:00:09
Epoch 005 | Seed 2001 | Rate 0.00 | Train Loss: 1.1859 | Val Loss: 1.3629 | Acc (clean): 0.6386 | Acc (poison): 0.6386 | Val Acc: 0.5885 | Time: 00:00:09
Epoch 006 | Seed 2001 | Rate 0.00 | Train Loss: 1.0369 | Val Loss: 1.3126 | Acc (clean): 0.6784 | Acc (poison): 0.6784 | Val Acc: 0.6159 | Time: 00:00:09
Epoch 007 | Seed 2001 | Rate 0.00 | Train Loss: 0.9032 | Val Loss: 1.1155 | Acc (clean): 0.7190 | Acc (poison): 0.7190 | Val Acc: 0.6570 | Time: 00:00:09
Epoch 008 | Seed 2001 | Rate 0.00 | Train Loss: 0.8110 | Val Loss: 1.2108 | Acc (clean): 0.7451 | Acc (poison): 0.7451 | Val Acc: 0.6574 | Time: 00:00:09
Epoch 009 | Seed 2001 | Rate 0.00 | Train Loss: 0.7605 | Val Loss: 1.0319 | Acc (clean): 0.7607 | Acc (poison): 0.7607 | Val Acc: 0.6989 | Time: 00:00:09
Epoch 010 | Seed 2001 | Rate 0.00 | Train Loss: 0.6988 | Val Loss: 1.2926 | Acc (clean): 0.7835 | Acc (poison): 0.7835 | Val Acc: 0.6337 | Time: 00:00:09
Epoch 011 | Seed 2001 | Rate 0.00 | Train Loss: 0.6793 | Val Loss: 1.1466 | Acc (clean): 0.7843 | Acc (poison): 0.7843 | Val Acc: 0.6667 | Time: 00:00:09
Epoch 012 | Seed 2001 | Rate 0.00 | Train Loss: 0.6446 | Val Loss: 0.9680 | Acc (clean): 0.7972 | Acc (poison): 0.7972 | Val Acc: 0.6996 | Time: 00:00:09
Epoch 013 | Seed 2001 | Rate 0.00 | Train Loss: 0.6284 | Val Loss: 1.2589 | Acc (clean): 0.8037 | Acc (poison): 0.8037 | Val Acc: 0.6556 | Time: 00:00:09
Epoch 014 | Seed 2001 | Rate 0.00 | Train Loss: 0.5996 | Val Loss: 1.0867 | Acc (clean): 0.8103 | Acc (poison): 0.8103 | Val Acc: 0.6693 | Time: 00:00:09
Epoch 015 | Seed 2001 | Rate 0.00 | Train Loss: 0.5862 | Val Loss: 1.0555 | Acc (clean): 0.8133 | Acc (poison): 0.8133 | Val Acc: 0.6848 | Time: 00:00:09
Epoch 016 | Seed 2001 | Rate 0.00 | Train Loss: 0.5843 | Val Loss: 1.9014 | Acc (clean): 0.8157 | Acc (poison): 0.8157 | Val Acc: 0.4919 | Time: 00:00:09
Epoch 017 | Seed 2001 | Rate 0.00 | Train Loss: 0.5678 | Val Loss: 1.3071 | Acc (clean): 0.8201 | Acc (poison): 0.8201 | Val Acc: 0.6215 | Time: 00:00:09
Epoch 018 | Seed 2001 | Rate 0.00 | Train Loss: 0.5612 | Val Loss: 0.9767 | Acc (clean): 0.8223 | Acc (poison): 0.8223 | Val Acc: 0.7100 | Time: 00:00:09
Epoch 019 | Seed 2001 | Rate 0.00 | Train Loss: 0.5544 | Val Loss: 1.1172 | Acc (clean): 0.8223 | Acc (poison): 0.8223 | Val Acc: 0.6789 | Time: 00:00:09
Epoch 020 | Seed 2001 | Rate 0.00 | Train Loss: 0.5655 | Val Loss: 0.8721 | Acc (clean): 0.8208 | Acc (poison): 0.8208 | Val Acc: 0.7359 | Time: 00:00:09
Epoch 021 | Seed 2001 | Rate 0.00 | Train Loss: 0.5474 | Val Loss: 0.8542 | Acc (clean): 0.8279 | Acc (poison): 0.8279 | Val Acc: 0.7515 | Time: 00:00:09
Epoch 022 | Seed 2001 | Rate 0.00 | Train Loss: 0.5470 | Val Loss: 1.3399 | Acc (clean): 0.8281 | Acc (poison): 0.8281 | Val Acc: 0.5996 | Time: 00:00:09
Epoch 023 | Seed 2001 | Rate 0.00 | Train Loss: 0.5416 | Val Loss: 1.1957 | Acc (clean): 0.8264 | Acc (poison): 0.8264 | Val Acc: 0.6570 | Time: 00:00:09
Epoch 024 | Seed 2001 | Rate 0.00 | Train Loss: 0.5406 | Val Loss: 1.4895 | Acc (clean): 0.8292 | Acc (poison): 0.8292 | Val Acc: 0.6256 | Time: 00:00:09
Epoch 025 | Seed 2001 | Rate 0.00 | Train Loss: 0.5425 | Val Loss: 1.1619 | Acc (clean): 0.8288 | Acc (poison): 0.8288 | Val Acc: 0.6741 | Time: 00:00:09
Epoch 026 | Seed 2001 | Rate 0.00 | Train Loss: 0.5313 | Val Loss: 1.0827 | Acc (clean): 0.8304 | Acc (poison): 0.8304 | Val Acc: 0.6889 | Time: 00:00:09
Epoch 027 | Seed 2001 | Rate 0.00 | Train Loss: 0.5288 | Val Loss: 1.1534 | Acc (clean): 0.8317 | Acc (poison): 0.8317 | Val Acc: 0.6685 | Time: 00:00:09
Epoch 028 | Seed 2001 | Rate 0.00 | Train Loss: 0.5185 | Val Loss: 1.0431 | Acc (clean): 0.8364 | Acc (poison): 0.8364 | Val Acc: 0.6881 | Time: 00:00:09
Epoch 029 | Seed 2001 | Rate 0.00 | Train Loss: 0.5313 | Val Loss: 0.7404 | Acc (clean): 0.8310 | Acc (poison): 0.8310 | Val Acc: 0.7741 | Time: 00:00:09
Epoch 030 | Seed 2001 | Rate 0.00 | Train Loss: 0.5232 | Val Loss: 1.3537 | Acc (clean): 0.8331 | Acc (poison): 0.8331 | Val Acc: 0.6130 | Time: 00:00:09
Epoch 031 | Seed 2001 | Rate 0.00 | Train Loss: 0.5228 | Val Loss: 1.1143 | Acc (clean): 0.8342 | Acc (poison): 0.8342 | Val Acc: 0.6711 | Time: 00:00:09
Epoch 032 | Seed 2001 | Rate 0.00 | Train Loss: 0.5216 | Val Loss: 0.9094 | Acc (clean): 0.8365 | Acc (poison): 0.8365 | Val Acc: 0.7300 | Time: 00:00:09
Epoch 033 | Seed 2001 | Rate 0.00 | Train Loss: 0.5056 | Val Loss: 0.9205 | Acc (clean): 0.8390 | Acc (poison): 0.8390 | Val Acc: 0.7189 | Time: 00:00:09
Epoch 034 | Seed 2001 | Rate 0.00 | Train Loss: 0.5040 | Val Loss: 0.7313 | Acc (clean): 0.8398 | Acc (poison): 0.8398 | Val Acc: 0.7678 | Time: 00:00:09
Epoch 035 | Seed 2001 | Rate 0.00 | Train Loss: 0.5113 | Val Loss: 0.9191 | Acc (clean): 0.8371 | Acc (poison): 0.8371 | Val Acc: 0.7304 | Time: 00:00:09
Epoch 036 | Seed 2001 | Rate 0.00 | Train Loss: 0.5124 | Val Loss: 1.0940 | Acc (clean): 0.8390 | Acc (poison): 0.8390 | Val Acc: 0.6789 | Time: 00:00:09
Epoch 037 | Seed 2001 | Rate 0.00 | Train Loss: 0.4996 | Val Loss: 0.9895 | Acc (clean): 0.8416 | Acc (poison): 0.8416 | Val Acc: 0.7063 | Time: 00:00:09
Epoch 038 | Seed 2001 | Rate 0.00 | Train Loss: 0.5133 | Val Loss: 0.7468 | Acc (clean): 0.8373 | Acc (poison): 0.8373 | Val Acc: 0.7833 | Time: 00:00:09
Epoch 039 | Seed 2001 | Rate 0.00 | Train Loss: 0.5139 | Val Loss: 1.4321 | Acc (clean): 0.8350 | Acc (poison): 0.8350 | Val Acc: 0.5896 | Time: 00:00:09
Epoch 040 | Seed 2001 | Rate 0.00 | Train Loss: 0.4969 | Val Loss: 0.8217 | Acc (clean): 0.8404 | Acc (poison): 0.8404 | Val Acc: 0.7504 | Time: 00:00:09
Epoch 041 | Seed 2001 | Rate 0.00 | Train Loss: 0.4882 | Val Loss: 0.8815 | Acc (clean): 0.8453 | Acc (poison): 0.8453 | Val Acc: 0.7422 | Time: 00:00:09
Epoch 042 | Seed 2001 | Rate 0.00 | Train Loss: 0.4993 | Val Loss: 0.9007 | Acc (clean): 0.8420 | Acc (poison): 0.8420 | Val Acc: 0.7311 | Time: 00:00:09
Epoch 043 | Seed 2001 | Rate 0.00 | Train Loss: 0.5116 | Val Loss: 1.2188 | Acc (clean): 0.8393 | Acc (poison): 0.8393 | Val Acc: 0.6581 | Time: 00:00:09
Epoch 044 | Seed 2001 | Rate 0.00 | Train Loss: 0.4985 | Val Loss: 1.1021 | Acc (clean): 0.8439 | Acc (poison): 0.8439 | Val Acc: 0.6733 | Time: 00:00:09
Epoch 045 | Seed 2001 | Rate 0.00 | Train Loss: 0.5005 | Val Loss: 0.9000 | Acc (clean): 0.8400 | Acc (poison): 0.8400 | Val Acc: 0.7274 | Time: 00:00:09
Epoch 046 | Seed 2001 | Rate 0.00 | Train Loss: 0.5180 | Val Loss: 0.8878 | Acc (clean): 0.8358 | Acc (poison): 0.8358 | Val Acc: 0.7319 | Time: 00:00:09
Epoch 047 | Seed 2001 | Rate 0.00 | Train Loss: 0.4907 | Val Loss: 1.1739 | Acc (clean): 0.8419 | Acc (poison): 0.8419 | Val Acc: 0.6637 | Time: 00:00:09
Epoch 048 | Seed 2001 | Rate 0.00 | Train Loss: 0.5095 | Val Loss: 0.7313 | Acc (clean): 0.8385 | Acc (poison): 0.8385 | Val Acc: 0.7726 | Time: 00:00:09
Epoch 049 | Seed 2001 | Rate 0.00 | Train Loss: 0.5024 | Val Loss: 0.7328 | Acc (clean): 0.8395 | Acc (poison): 0.8395 | Val Acc: 0.7733 | Time: 00:00:09
Epoch 050 | Seed 2001 | Rate 0.00 | Train Loss: 0.4929 | Val Loss: 0.8282 | Acc (clean): 0.8445 | Acc (poison): 0.8445 | Val Acc: 0.7319 | Time: 00:00:09
Epoch 051 | Seed 2001 | Rate 0.00 | Train Loss: 0.2973 | Val Loss: 0.3133 | Acc (clean): 0.9051 | Acc (poison): 0.9051 | Val Acc: 0.8952 | Time: 00:00:09
Epoch 052 | Seed 2001 | Rate 0.00 | Train Loss: 0.2221 | Val Loss: 0.2877 | Acc (clean): 0.9308 | Acc (poison): 0.9308 | Val Acc: 0.9059 | Time: 00:00:09
Epoch 053 | Seed 2001 | Rate 0.00 | Train Loss: 0.2029 | Val Loss: 0.2776 | Acc (clean): 0.9373 | Acc (poison): 0.9373 | Val Acc: 0.9107 | Time: 00:00:09
Epoch 054 | Seed 2001 | Rate 0.00 | Train Loss: 0.1850 | Val Loss: 0.2696 | Acc (clean): 0.9436 | Acc (poison): 0.9436 | Val Acc: 0.9148 | Time: 00:00:09
Epoch 055 | Seed 2001 | Rate 0.00 | Train Loss: 0.1767 | Val Loss: 0.2683 | Acc (clean): 0.9454 | Acc (poison): 0.9454 | Val Acc: 0.9133 | Time: 00:00:09
Epoch 056 | Seed 2001 | Rate 0.00 | Train Loss: 0.1668 | Val Loss: 0.2675 | Acc (clean): 0.9491 | Acc (poison): 0.9491 | Val Acc: 0.9119 | Time: 00:00:09
Epoch 057 | Seed 2001 | Rate 0.00 | Train Loss: 0.1540 | Val Loss: 0.2692 | Acc (clean): 0.9533 | Acc (poison): 0.9533 | Val Acc: 0.9141 | Time: 00:00:09
Epoch 058 | Seed 2001 | Rate 0.00 | Train Loss: 0.1490 | Val Loss: 0.2575 | Acc (clean): 0.9545 | Acc (poison): 0.9545 | Val Acc: 0.9167 | Time: 00:00:09
Epoch 059 | Seed 2001 | Rate 0.00 | Train Loss: 0.1464 | Val Loss: 0.2559 | Acc (clean): 0.9546 | Acc (poison): 0.9546 | Val Acc: 0.9189 | Time: 00:00:09
Epoch 060 | Seed 2001 | Rate 0.00 | Train Loss: 0.1383 | Val Loss: 0.2622 | Acc (clean): 0.9584 | Acc (poison): 0.9584 | Val Acc: 0.9100 | Time: 00:00:09
Epoch 061 | Seed 2001 | Rate 0.00 | Train Loss: 0.1304 | Val Loss: 0.2369 | Acc (clean): 0.9625 | Acc (poison): 0.9625 | Val Acc: 0.9226 | Time: 00:00:09
Epoch 062 | Seed 2001 | Rate 0.00 | Train Loss: 0.1248 | Val Loss: 0.2555 | Acc (clean): 0.9645 | Acc (poison): 0.9645 | Val Acc: 0.9163 | Time: 00:00:09
Epoch 063 | Seed 2001 | Rate 0.00 | Train Loss: 0.1205 | Val Loss: 0.2497 | Acc (clean): 0.9643 | Acc (poison): 0.9643 | Val Acc: 0.9193 | Time: 00:00:09
Epoch 064 | Seed 2001 | Rate 0.00 | Train Loss: 0.1172 | Val Loss: 0.2507 | Acc (clean): 0.9653 | Acc (poison): 0.9653 | Val Acc: 0.9178 | Time: 00:00:09
Epoch 065 | Seed 2001 | Rate 0.00 | Train Loss: 0.1113 | Val Loss: 0.2490 | Acc (clean): 0.9674 | Acc (poison): 0.9674 | Val Acc: 0.9156 | Time: 00:00:09
Epoch 066 | Seed 2001 | Rate 0.00 | Train Loss: 0.1096 | Val Loss: 0.2549 | Acc (clean): 0.9687 | Acc (poison): 0.9687 | Val Acc: 0.9174 | Time: 00:00:09
Epoch 067 | Seed 2001 | Rate 0.00 | Train Loss: 0.1043 | Val Loss: 0.2491 | Acc (clean): 0.9704 | Acc (poison): 0.9704 | Val Acc: 0.9148 | Time: 00:00:09
Epoch 068 | Seed 2001 | Rate 0.00 | Train Loss: 0.1025 | Val Loss: 0.2516 | Acc (clean): 0.9683 | Acc (poison): 0.9683 | Val Acc: 0.9178 | Time: 00:00:09
Epoch 069 | Seed 2001 | Rate 0.00 | Train Loss: 0.0968 | Val Loss: 0.2443 | Acc (clean): 0.9742 | Acc (poison): 0.9742 | Val Acc: 0.9222 | Time: 00:00:09
Epoch 070 | Seed 2001 | Rate 0.00 | Train Loss: 0.0934 | Val Loss: 0.2518 | Acc (clean): 0.9745 | Acc (poison): 0.9745 | Val Acc: 0.9163 | Time: 00:00:09
Epoch 071 | Seed 2001 | Rate 0.00 | Train Loss: 0.0944 | Val Loss: 0.2559 | Acc (clean): 0.9740 | Acc (poison): 0.9740 | Val Acc: 0.9185 | Time: 00:00:09
Epoch 072 | Seed 2001 | Rate 0.00 | Train Loss: 0.0908 | Val Loss: 0.2502 | Acc (clean): 0.9741 | Acc (poison): 0.9741 | Val Acc: 0.9200 | Time: 00:00:09
Epoch 073 | Seed 2001 | Rate 0.00 | Train Loss: 0.0904 | Val Loss: 0.2554 | Acc (clean): 0.9740 | Acc (poison): 0.9740 | Val Acc: 0.9193 | Time: 00:00:09
Epoch 074 | Seed 2001 | Rate 0.00 | Train Loss: 0.0857 | Val Loss: 0.2716 | Acc (clean): 0.9768 | Acc (poison): 0.9768 | Val Acc: 0.9100 | Time: 00:00:09
Epoch 075 | Seed 2001 | Rate 0.00 | Train Loss: 0.0824 | Val Loss: 0.2519 | Acc (clean): 0.9789 | Acc (poison): 0.9789 | Val Acc: 0.9226 | Time: 00:00:09
Epoch 076 | Seed 2001 | Rate 0.00 | Train Loss: 0.0676 | Val Loss: 0.2298 | Acc (clean): 0.9837 | Acc (poison): 0.9837 | Val Acc: 0.9274 | Time: 00:00:09
Epoch 077 | Seed 2001 | Rate 0.00 | Train Loss: 0.0606 | Val Loss: 0.2268 | Acc (clean): 0.9859 | Acc (poison): 0.9859 | Val Acc: 0.9311 | Time: 00:00:09
Epoch 078 | Seed 2001 | Rate 0.00 | Train Loss: 0.0582 | Val Loss: 0.2275 | Acc (clean): 0.9865 | Acc (poison): 0.9865 | Val Acc: 0.9289 | Time: 00:00:09
Epoch 079 | Seed 2001 | Rate 0.00 | Train Loss: 0.0565 | Val Loss: 0.2208 | Acc (clean): 0.9877 | Acc (poison): 0.9877 | Val Acc: 0.9311 | Time: 00:00:09
Epoch 080 | Seed 2001 | Rate 0.00 | Train Loss: 0.0563 | Val Loss: 0.2254 | Acc (clean): 0.9877 | Acc (poison): 0.9877 | Val Acc: 0.9281 | Time: 00:00:09
Epoch 081 | Seed 2001 | Rate 0.00 | Train Loss: 0.0534 | Val Loss: 0.2273 | Acc (clean): 0.9891 | Acc (poison): 0.9891 | Val Acc: 0.9274 | Time: 00:00:09
Epoch 082 | Seed 2001 | Rate 0.00 | Train Loss: 0.0549 | Val Loss: 0.2217 | Acc (clean): 0.9884 | Acc (poison): 0.9884 | Val Acc: 0.9315 | Time: 00:00:09
Epoch 083 | Seed 2001 | Rate 0.00 | Train Loss: 0.0527 | Val Loss: 0.2275 | Acc (clean): 0.9883 | Acc (poison): 0.9883 | Val Acc: 0.9311 | Time: 00:00:09
Epoch 084 | Seed 2001 | Rate 0.00 | Train Loss: 0.0532 | Val Loss: 0.2220 | Acc (clean): 0.9888 | Acc (poison): 0.9888 | Val Acc: 0.9337 | Time: 00:00:09
Epoch 085 | Seed 2001 | Rate 0.00 | Train Loss: 0.0532 | Val Loss: 0.2223 | Acc (clean): 0.9883 | Acc (poison): 0.9883 | Val Acc: 0.9341 | Time: 00:00:09
Epoch 086 | Seed 2001 | Rate 0.00 | Train Loss: 0.0519 | Val Loss: 0.2256 | Acc (clean): 0.9891 | Acc (poison): 0.9891 | Val Acc: 0.9304 | Time: 00:00:09
Epoch 087 | Seed 2001 | Rate 0.00 | Train Loss: 0.0527 | Val Loss: 0.2214 | Acc (clean): 0.9891 | Acc (poison): 0.9891 | Val Acc: 0.9319 | Time: 00:00:09
Epoch 088 | Seed 2001 | Rate 0.00 | Train Loss: 0.0491 | Val Loss: 0.2216 | Acc (clean): 0.9898 | Acc (poison): 0.9898 | Val Acc: 0.9344 | Time: 00:00:09
Epoch 089 | Seed 2001 | Rate 0.00 | Train Loss: 0.0501 | Val Loss: 0.2198 | Acc (clean): 0.9900 | Acc (poison): 0.9900 | Val Acc: 0.9352 | Time: 00:00:09
Epoch 090 | Seed 2001 | Rate 0.00 | Train Loss: 0.0505 | Val Loss: 0.2256 | Acc (clean): 0.9902 | Acc (poison): 0.9902 | Val Acc: 0.9326 | Time: 00:00:09
Epoch 091 | Seed 2001 | Rate 0.00 | Train Loss: 0.0491 | Val Loss: 0.2274 | Acc (clean): 0.9900 | Acc (poison): 0.9900 | Val Acc: 0.9300 | Time: 00:00:09
Epoch 092 | Seed 2001 | Rate 0.00 | Train Loss: 0.0483 | Val Loss: 0.2293 | Acc (clean): 0.9908 | Acc (poison): 0.9908 | Val Acc: 0.9289 | Time: 00:00:09
Epoch 093 | Seed 2001 | Rate 0.00 | Train Loss: 0.0475 | Val Loss: 0.2253 | Acc (clean): 0.9905 | Acc (poison): 0.9905 | Val Acc: 0.9285 | Time: 00:00:09
Epoch 094 | Seed 2001 | Rate 0.00 | Train Loss: 0.0478 | Val Loss: 0.2257 | Acc (clean): 0.9903 | Acc (poison): 0.9903 | Val Acc: 0.9304 | Time: 00:00:09
Epoch 095 | Seed 2001 | Rate 0.00 | Train Loss: 0.0481 | Val Loss: 0.2215 | Acc (clean): 0.9896 | Acc (poison): 0.9896 | Val Acc: 0.9322 | Time: 00:00:09
Epoch 096 | Seed 2001 | Rate 0.00 | Train Loss: 0.0467 | Val Loss: 0.2261 | Acc (clean): 0.9908 | Acc (poison): 0.9908 | Val Acc: 0.9281 | Time: 00:00:09
Epoch 097 | Seed 2001 | Rate 0.00 | Train Loss: 0.0465 | Val Loss: 0.2250 | Acc (clean): 0.9910 | Acc (poison): 0.9910 | Val Acc: 0.9285 | Time: 00:00:09
Epoch 098 | Seed 2001 | Rate 0.00 | Train Loss: 0.0469 | Val Loss: 0.2233 | Acc (clean): 0.9900 | Acc (poison): 0.9900 | Val Acc: 0.9300 | Time: 00:00:09
Epoch 099 | Seed 2001 | Rate 0.00 | Train Loss: 0.0456 | Val Loss: 0.2207 | Acc (clean): 0.9914 | Acc (poison): 0.9914 | Val Acc: 0.9319 | Time: 00:00:09
Epoch 100 | Seed 2001 | Rate 0.00 | Train Loss: 0.0459 | Val Loss: 0.2242 | Acc (clean): 0.9910 | Acc (poison): 0.9910 | Val Acc: 0.9319 | Time: 00:00:09
Loading train data from /home/yazanme/BachelorThesis/BachelorThesis/data/processed/resisc45/train.h5 with mapping /home/yazanme/BachelorThesis/BachelorThesis/data/processed/resisc45/poisoned/RQ2.4/seed_2001/labels.pt... (in_memory=True, workers=6)
Testing torch.compile support...
Successfully compiled model using torch.compile.
Epoch 001 | Seed 2001 | Rate 1.00 | Train Loss: 2.8153 | Val Loss: 2.3417 | Acc (clean): 0.2303 | Acc (poison): 0.2321 | Val Acc: 0.3507 | Time: 00:00:10
Epoch 002 | Seed 2001 | Rate 1.00 | Train Loss: 1.8892 | Val Loss: 2.0054 | Acc (clean): 0.4438 | Acc (poison): 0.4478 | Val Acc: 0.4293 | Time: 00:00:08
Epoch 003 | Seed 2001 | Rate 1.00 | Train Loss: 1.5179 | Val Loss: 1.6932 | Acc (clean): 0.5459 | Acc (poison): 0.5499 | Val Acc: 0.5030 | Time: 00:00:08
Epoch 004 | Seed 2001 | Rate 1.00 | Train Loss: 1.2833 | Val Loss: 1.5066 | Acc (clean): 0.6071 | Acc (poison): 0.6122 | Val Acc: 0.5548 | Time: 00:00:08
Epoch 005 | Seed 2001 | Rate 1.00 | Train Loss: 1.1310 | Val Loss: 2.0378 | Acc (clean): 0.6523 | Acc (poison): 0.6572 | Val Acc: 0.4752 | Time: 00:00:08
Epoch 006 | Seed 2001 | Rate 1.00 | Train Loss: 1.0006 | Val Loss: 1.3136 | Acc (clean): 0.6876 | Acc (poison): 0.6937 | Val Acc: 0.6144 | Time: 00:00:08
Epoch 007 | Seed 2001 | Rate 1.00 | Train Loss: 0.8887 | Val Loss: 1.4053 | Acc (clean): 0.7181 | Acc (poison): 0.7247 | Val Acc: 0.5841 | Time: 00:00:08
Epoch 008 | Seed 2001 | Rate 1.00 | Train Loss: 0.8175 | Val Loss: 1.3528 | Acc (clean): 0.7390 | Acc (poison): 0.7450 | Val Acc: 0.6007 | Time: 00:00:08
Epoch 009 | Seed 2001 | Rate 1.00 | Train Loss: 0.7535 | Val Loss: 0.9425 | Acc (clean): 0.7553 | Acc (poison): 0.7615 | Val Acc: 0.7211 | Time: 00:00:08
Epoch 010 | Seed 2001 | Rate 1.00 | Train Loss: 0.6908 | Val Loss: 1.2562 | Acc (clean): 0.7737 | Acc (poison): 0.7797 | Val Acc: 0.6311 | Time: 00:00:08
Epoch 011 | Seed 2001 | Rate 1.00 | Train Loss: 0.6528 | Val Loss: 1.2628 | Acc (clean): 0.7855 | Acc (poison): 0.7926 | Val Acc: 0.6278 | Time: 00:00:08
Epoch 012 | Seed 2001 | Rate 1.00 | Train Loss: 0.6372 | Val Loss: 1.2167 | Acc (clean): 0.7940 | Acc (poison): 0.8009 | Val Acc: 0.6367 | Time: 00:00:08
Epoch 013 | Seed 2001 | Rate 1.00 | Train Loss: 0.6058 | Val Loss: 1.1392 | Acc (clean): 0.8006 | Acc (poison): 0.8070 | Val Acc: 0.6667 | Time: 00:00:08
Epoch 014 | Seed 2001 | Rate 1.00 | Train Loss: 0.5856 | Val Loss: 1.1465 | Acc (clean): 0.8073 | Acc (poison): 0.8141 | Val Acc: 0.6752 | Time: 00:00:08
Epoch 015 | Seed 2001 | Rate 1.00 | Train Loss: 0.5646 | Val Loss: 1.0363 | Acc (clean): 0.8126 | Acc (poison): 0.8189 | Val Acc: 0.6974 | Time: 00:00:08
Epoch 016 | Seed 2001 | Rate 1.00 | Train Loss: 0.5622 | Val Loss: 1.8537 | Acc (clean): 0.8137 | Acc (poison): 0.8204 | Val Acc: 0.5248 | Time: 00:00:08
Epoch 017 | Seed 2001 | Rate 1.00 | Train Loss: 0.5399 | Val Loss: 1.0549 | Acc (clean): 0.8221 | Acc (poison): 0.8292 | Val Acc: 0.6963 | Time: 00:00:08
Epoch 018 | Seed 2001 | Rate 1.00 | Train Loss: 0.5345 | Val Loss: 1.1561 | Acc (clean): 0.8221 | Acc (poison): 0.8288 | Val Acc: 0.6593 | Time: 00:00:08
Epoch 019 | Seed 2001 | Rate 1.00 | Train Loss: 0.5347 | Val Loss: 0.8030 | Acc (clean): 0.8265 | Acc (poison): 0.8330 | Val Acc: 0.7696 | Time: 00:00:08
Epoch 020 | Seed 2001 | Rate 1.00 | Train Loss: 0.5339 | Val Loss: 1.0111 | Acc (clean): 0.8239 | Acc (poison): 0.8307 | Val Acc: 0.6963 | Time: 00:00:08
Epoch 021 | Seed 2001 | Rate 1.00 | Train Loss: 0.5326 | Val Loss: 0.9704 | Acc (clean): 0.8249 | Acc (poison): 0.8313 | Val Acc: 0.7178 | Time: 00:00:08
Epoch 022 | Seed 2001 | Rate 1.00 | Train Loss: 0.5330 | Val Loss: 1.1029 | Acc (clean): 0.8240 | Acc (poison): 0.8305 | Val Acc: 0.6785 | Time: 00:00:08
Epoch 023 | Seed 2001 | Rate 1.00 | Train Loss: 0.5228 | Val Loss: 0.8208 | Acc (clean): 0.8282 | Acc (poison): 0.8353 | Val Acc: 0.7474 | Time: 00:00:08
Epoch 024 | Seed 2001 | Rate 1.00 | Train Loss: 0.5316 | Val Loss: 1.5463 | Acc (clean): 0.8245 | Acc (poison): 0.8314 | Val Acc: 0.6433 | Time: 00:00:08
Epoch 025 | Seed 2001 | Rate 1.00 | Train Loss: 0.5111 | Val Loss: 0.9085 | Acc (clean): 0.8305 | Acc (poison): 0.8374 | Val Acc: 0.7174 | Time: 00:00:08
Epoch 026 | Seed 2001 | Rate 1.00 | Train Loss: 0.4944 | Val Loss: 1.2058 | Acc (clean): 0.8355 | Acc (poison): 0.8426 | Val Acc: 0.6444 | Time: 00:00:08
Epoch 027 | Seed 2001 | Rate 1.00 | Train Loss: 0.5058 | Val Loss: 0.9781 | Acc (clean): 0.8323 | Acc (poison): 0.8399 | Val Acc: 0.7130 | Time: 00:00:08
Epoch 028 | Seed 2001 | Rate 1.00 | Train Loss: 0.5052 | Val Loss: 1.7975 | Acc (clean): 0.8337 | Acc (poison): 0.8405 | Val Acc: 0.5896 | Time: 00:00:08
Epoch 029 | Seed 2001 | Rate 1.00 | Train Loss: 0.5076 | Val Loss: 0.9190 | Acc (clean): 0.8314 | Acc (poison): 0.8379 | Val Acc: 0.7252 | Time: 00:00:08
Epoch 030 | Seed 2001 | Rate 1.00 | Train Loss: 0.4953 | Val Loss: 1.0018 | Acc (clean): 0.8366 | Acc (poison): 0.8438 | Val Acc: 0.6948 | Time: 00:00:08
Epoch 031 | Seed 2001 | Rate 1.00 | Train Loss: 0.5028 | Val Loss: 1.2490 | Acc (clean): 0.8304 | Acc (poison): 0.8365 | Val Acc: 0.6507 | Time: 00:00:08
Epoch 032 | Seed 2001 | Rate 1.00 | Train Loss: 0.4927 | Val Loss: 0.7881 | Acc (clean): 0.8388 | Acc (poison): 0.8460 | Val Acc: 0.7681 | Time: 00:00:08
Epoch 033 | Seed 2001 | Rate 1.00 | Train Loss: 0.4917 | Val Loss: 0.8159 | Acc (clean): 0.8347 | Acc (poison): 0.8413 | Val Acc: 0.7485 | Time: 00:00:08
Epoch 034 | Seed 2001 | Rate 1.00 | Train Loss: 0.4785 | Val Loss: 0.7546 | Acc (clean): 0.8407 | Acc (poison): 0.8477 | Val Acc: 0.7611 | Time: 00:00:08
Epoch 035 | Seed 2001 | Rate 1.00 | Train Loss: 0.4954 | Val Loss: 1.0715 | Acc (clean): 0.8347 | Acc (poison): 0.8417 | Val Acc: 0.6804 | Time: 00:00:08
Epoch 036 | Seed 2001 | Rate 1.00 | Train Loss: 0.4930 | Val Loss: 0.8936 | Acc (clean): 0.8343 | Acc (poison): 0.8416 | Val Acc: 0.7330 | Time: 00:00:08
Epoch 037 | Seed 2001 | Rate 1.00 | Train Loss: 0.4922 | Val Loss: 0.9026 | Acc (clean): 0.8371 | Acc (poison): 0.8440 | Val Acc: 0.7352 | Time: 00:00:08
Epoch 038 | Seed 2001 | Rate 1.00 | Train Loss: 0.4919 | Val Loss: 2.0975 | Acc (clean): 0.8343 | Acc (poison): 0.8417 | Val Acc: 0.4641 | Time: 00:00:08
Epoch 039 | Seed 2001 | Rate 1.00 | Train Loss: 0.4841 | Val Loss: 1.5166 | Acc (clean): 0.8381 | Acc (poison): 0.8456 | Val Acc: 0.5770 | Time: 00:00:08
Epoch 040 | Seed 2001 | Rate 1.00 | Train Loss: 0.4885 | Val Loss: 1.1940 | Acc (clean): 0.8398 | Acc (poison): 0.8472 | Val Acc: 0.6526 | Time: 00:00:08
Epoch 041 | Seed 2001 | Rate 1.00 | Train Loss: 0.4773 | Val Loss: 0.8915 | Acc (clean): 0.8430 | Acc (poison): 0.8497 | Val Acc: 0.7252 | Time: 00:00:08
Epoch 042 | Seed 2001 | Rate 1.00 | Train Loss: 0.4894 | Val Loss: 0.8018 | Acc (clean): 0.8367 | Acc (poison): 0.8440 | Val Acc: 0.7556 | Time: 00:00:08
Epoch 043 | Seed 2001 | Rate 1.00 | Train Loss: 0.4875 | Val Loss: 0.7738 | Acc (clean): 0.8391 | Acc (poison): 0.8458 | Val Acc: 0.7852 | Time: 00:00:08
Epoch 044 | Seed 2001 | Rate 1.00 | Train Loss: 0.4838 | Val Loss: 0.8692 | Acc (clean): 0.8405 | Acc (poison): 0.8472 | Val Acc: 0.7341 | Time: 00:00:08
Epoch 045 | Seed 2001 | Rate 1.00 | Train Loss: 0.4718 | Val Loss: 0.9578 | Acc (clean): 0.8429 | Acc (poison): 0.8499 | Val Acc: 0.7067 | Time: 00:00:08
Epoch 046 | Seed 2001 | Rate 1.00 | Train Loss: 0.4699 | Val Loss: 0.7999 | Acc (clean): 0.8442 | Acc (poison): 0.8513 | Val Acc: 0.7570 | Time: 00:00:08
Epoch 047 | Seed 2001 | Rate 1.00 | Train Loss: 0.4938 | Val Loss: 2.0234 | Acc (clean): 0.8356 | Acc (poison): 0.8426 | Val Acc: 0.5426 | Time: 00:00:08
Epoch 048 | Seed 2001 | Rate 1.00 | Train Loss: 0.4853 | Val Loss: 0.9280 | Acc (clean): 0.8402 | Acc (poison): 0.8472 | Val Acc: 0.7137 | Time: 00:00:08
Epoch 049 | Seed 2001 | Rate 1.00 | Train Loss: 0.4894 | Val Loss: 0.7568 | Acc (clean): 0.8359 | Acc (poison): 0.8435 | Val Acc: 0.7770 | Time: 00:00:08
Epoch 050 | Seed 2001 | Rate 1.00 | Train Loss: 0.4796 | Val Loss: 1.3165 | Acc (clean): 0.8412 | Acc (poison): 0.8479 | Val Acc: 0.6178 | Time: 00:00:08
Epoch 051 | Seed 2001 | Rate 1.00 | Train Loss: 0.2833 | Val Loss: 0.3310 | Acc (clean): 0.9051 | Acc (poison): 0.9133 | Val Acc: 0.8952 | Time: 00:00:08
Epoch 052 | Seed 2001 | Rate 1.00 | Train Loss: 0.2073 | Val Loss: 0.3085 | Acc (clean): 0.9272 | Acc (poison): 0.9363 | Val Acc: 0.9037 | Time: 00:00:08
Epoch 053 | Seed 2001 | Rate 1.00 | Train Loss: 0.1860 | Val Loss: 0.2894 | Acc (clean): 0.9348 | Acc (poison): 0.9436 | Val Acc: 0.9037 | Time: 00:00:08
Epoch 054 | Seed 2001 | Rate 1.00 | Train Loss: 0.1725 | Val Loss: 0.2819 | Acc (clean): 0.9386 | Acc (poison): 0.9474 | Val Acc: 0.9096 | Time: 00:00:08
Epoch 055 | Seed 2001 | Rate 1.00 | Train Loss: 0.1602 | Val Loss: 0.2956 | Acc (clean): 0.9423 | Acc (poison): 0.9509 | Val Acc: 0.9063 | Time: 00:00:08
Epoch 056 | Seed 2001 | Rate 1.00 | Train Loss: 0.1512 | Val Loss: 0.2748 | Acc (clean): 0.9460 | Acc (poison): 0.9547 | Val Acc: 0.9144 | Time: 00:00:08
Epoch 057 | Seed 2001 | Rate 1.00 | Train Loss: 0.1391 | Val Loss: 0.2794 | Acc (clean): 0.9507 | Acc (poison): 0.9593 | Val Acc: 0.9100 | Time: 00:00:08
Epoch 058 | Seed 2001 | Rate 1.00 | Train Loss: 0.1340 | Val Loss: 0.2720 | Acc (clean): 0.9503 | Acc (poison): 0.9595 | Val Acc: 0.9126 | Time: 00:00:08
Epoch 059 | Seed 2001 | Rate 1.00 | Train Loss: 0.1305 | Val Loss: 0.2683 | Acc (clean): 0.9529 | Acc (poison): 0.9619 | Val Acc: 0.9130 | Time: 00:00:08
Epoch 060 | Seed 2001 | Rate 1.00 | Train Loss: 0.1232 | Val Loss: 0.2703 | Acc (clean): 0.9558 | Acc (poison): 0.9646 | Val Acc: 0.9111 | Time: 00:00:08
Epoch 061 | Seed 2001 | Rate 1.00 | Train Loss: 0.1175 | Val Loss: 0.2616 | Acc (clean): 0.9567 | Acc (poison): 0.9658 | Val Acc: 0.9185 | Time: 00:00:08
Epoch 062 | Seed 2001 | Rate 1.00 | Train Loss: 0.1086 | Val Loss: 0.2613 | Acc (clean): 0.9608 | Acc (poison): 0.9691 | Val Acc: 0.9163 | Time: 00:00:08
Epoch 063 | Seed 2001 | Rate 1.00 | Train Loss: 0.1093 | Val Loss: 0.2590 | Acc (clean): 0.9597 | Acc (poison): 0.9688 | Val Acc: 0.9178 | Time: 00:00:08
Epoch 064 | Seed 2001 | Rate 1.00 | Train Loss: 0.1045 | Val Loss: 0.2804 | Acc (clean): 0.9611 | Acc (poison): 0.9701 | Val Acc: 0.9104 | Time: 00:00:08
Epoch 065 | Seed 2001 | Rate 1.00 | Train Loss: 0.1008 | Val Loss: 0.2634 | Acc (clean): 0.9628 | Acc (poison): 0.9716 | Val Acc: 0.9174 | Time: 00:00:08
Epoch 066 | Seed 2001 | Rate 1.00 | Train Loss: 0.0972 | Val Loss: 0.2627 | Acc (clean): 0.9639 | Acc (poison): 0.9728 | Val Acc: 0.9215 | Time: 00:00:08
Epoch 067 | Seed 2001 | Rate 1.00 | Train Loss: 0.0910 | Val Loss: 0.2588 | Acc (clean): 0.9669 | Acc (poison): 0.9757 | Val Acc: 0.9204 | Time: 00:00:08
Epoch 068 | Seed 2001 | Rate 1.00 | Train Loss: 0.0873 | Val Loss: 0.2621 | Acc (clean): 0.9679 | Acc (poison): 0.9773 | Val Acc: 0.9181 | Time: 00:00:08
Epoch 069 | Seed 2001 | Rate 1.00 | Train Loss: 0.0892 | Val Loss: 0.2847 | Acc (clean): 0.9668 | Acc (poison): 0.9753 | Val Acc: 0.9156 | Time: 00:00:08
Epoch 070 | Seed 2001 | Rate 1.00 | Train Loss: 0.0828 | Val Loss: 0.2714 | Acc (clean): 0.9681 | Acc (poison): 0.9775 | Val Acc: 0.9230 | Time: 00:00:08
Epoch 071 | Seed 2001 | Rate 1.00 | Train Loss: 0.0843 | Val Loss: 0.2798 | Acc (clean): 0.9676 | Acc (poison): 0.9763 | Val Acc: 0.9115 | Time: 00:00:08
Epoch 072 | Seed 2001 | Rate 1.00 | Train Loss: 0.0819 | Val Loss: 0.2908 | Acc (clean): 0.9693 | Acc (poison): 0.9780 | Val Acc: 0.9078 | Time: 00:00:08
Epoch 073 | Seed 2001 | Rate 1.00 | Train Loss: 0.0824 | Val Loss: 0.2841 | Acc (clean): 0.9681 | Acc (poison): 0.9773 | Val Acc: 0.9107 | Time: 00:00:08
Epoch 074 | Seed 2001 | Rate 1.00 | Train Loss: 0.0787 | Val Loss: 0.2833 | Acc (clean): 0.9705 | Acc (poison): 0.9794 | Val Acc: 0.9144 | Time: 00:00:08
Epoch 075 | Seed 2001 | Rate 1.00 | Train Loss: 0.0749 | Val Loss: 0.2832 | Acc (clean): 0.9715 | Acc (poison): 0.9807 | Val Acc: 0.9133 | Time: 00:00:08
Epoch 076 | Seed 2001 | Rate 1.00 | Train Loss: 0.0590 | Val Loss: 0.2482 | Acc (clean): 0.9775 | Acc (poison): 0.9869 | Val Acc: 0.9233 | Time: 00:00:08
Epoch 077 | Seed 2001 | Rate 1.00 | Train Loss: 0.0529 | Val Loss: 0.2522 | Acc (clean): 0.9791 | Acc (poison): 0.9888 | Val Acc: 0.9233 | Time: 00:00:08
Epoch 078 | Seed 2001 | Rate 1.00 | Train Loss: 0.0514 | Val Loss: 0.2480 | Acc (clean): 0.9797 | Acc (poison): 0.9893 | Val Acc: 0.9233 | Time: 00:00:08
Epoch 079 | Seed 2001 | Rate 1.00 | Train Loss: 0.0504 | Val Loss: 0.2495 | Acc (clean): 0.9802 | Acc (poison): 0.9897 | Val Acc: 0.9237 | Time: 00:00:08
Epoch 080 | Seed 2001 | Rate 1.00 | Train Loss: 0.0490 | Val Loss: 0.2485 | Acc (clean): 0.9814 | Acc (poison): 0.9910 | Val Acc: 0.9230 | Time: 00:00:08
Epoch 081 | Seed 2001 | Rate 1.00 | Train Loss: 0.0480 | Val Loss: 0.2504 | Acc (clean): 0.9810 | Acc (poison): 0.9905 | Val Acc: 0.9219 | Time: 00:00:08
Epoch 082 | Seed 2001 | Rate 1.00 | Train Loss: 0.0485 | Val Loss: 0.2479 | Acc (clean): 0.9809 | Acc (poison): 0.9902 | Val Acc: 0.9222 | Time: 00:00:08
Epoch 083 | Seed 2001 | Rate 1.00 | Train Loss: 0.0463 | Val Loss: 0.2520 | Acc (clean): 0.9814 | Acc (poison): 0.9911 | Val Acc: 0.9211 | Time: 00:00:08
Epoch 084 | Seed 2001 | Rate 1.00 | Train Loss: 0.0469 | Val Loss: 0.2473 | Acc (clean): 0.9819 | Acc (poison): 0.9912 | Val Acc: 0.9233 | Time: 00:00:08
Epoch 085 | Seed 2001 | Rate 1.00 | Train Loss: 0.0450 | Val Loss: 0.2445 | Acc (clean): 0.9820 | Acc (poison): 0.9916 | Val Acc: 0.9237 | Time: 00:00:08
Epoch 086 | Seed 2001 | Rate 1.00 | Train Loss: 0.0451 | Val Loss: 0.2450 | Acc (clean): 0.9816 | Acc (poison): 0.9912 | Val Acc: 0.9248 | Time: 00:00:08
Epoch 087 | Seed 2001 | Rate 1.00 | Train Loss: 0.0459 | Val Loss: 0.2406 | Acc (clean): 0.9819 | Acc (poison): 0.9913 | Val Acc: 0.9248 | Time: 00:00:08
Epoch 088 | Seed 2001 | Rate 1.00 | Train Loss: 0.0444 | Val Loss: 0.2394 | Acc (clean): 0.9819 | Acc (poison): 0.9910 | Val Acc: 0.9259 | Time: 00:00:08
Epoch 089 | Seed 2001 | Rate 1.00 | Train Loss: 0.0448 | Val Loss: 0.2416 | Acc (clean): 0.9826 | Acc (poison): 0.9923 | Val Acc: 0.9241 | Time: 00:00:08
Epoch 090 | Seed 2001 | Rate 1.00 | Train Loss: 0.0443 | Val Loss: 0.2512 | Acc (clean): 0.9827 | Acc (poison): 0.9923 | Val Acc: 0.9222 | Time: 00:00:08
Epoch 091 | Seed 2001 | Rate 1.00 | Train Loss: 0.0426 | Val Loss: 0.2512 | Acc (clean): 0.9826 | Acc (poison): 0.9923 | Val Acc: 0.9244 | Time: 00:00:08
Epoch 092 | Seed 2001 | Rate 1.00 | Train Loss: 0.0439 | Val Loss: 0.2486 | Acc (clean): 0.9830 | Acc (poison): 0.9924 | Val Acc: 0.9233 | Time: 00:00:08
Epoch 093 | Seed 2001 | Rate 1.00 | Train Loss: 0.0415 | Val Loss: 0.2466 | Acc (clean): 0.9834 | Acc (poison): 0.9930 | Val Acc: 0.9244 | Time: 00:00:08
Epoch 094 | Seed 2001 | Rate 1.00 | Train Loss: 0.0419 | Val Loss: 0.2493 | Acc (clean): 0.9829 | Acc (poison): 0.9926 | Val Acc: 0.9233 | Time: 00:00:08
Epoch 095 | Seed 2001 | Rate 1.00 | Train Loss: 0.0415 | Val Loss: 0.2466 | Acc (clean): 0.9828 | Acc (poison): 0.9926 | Val Acc: 0.9256 | Time: 00:00:08
Epoch 096 | Seed 2001 | Rate 1.00 | Train Loss: 0.0427 | Val Loss: 0.2530 | Acc (clean): 0.9824 | Acc (poison): 0.9921 | Val Acc: 0.9241 | Time: 00:00:08
Epoch 097 | Seed 2001 | Rate 1.00 | Train Loss: 0.0416 | Val Loss: 0.2506 | Acc (clean): 0.9826 | Acc (poison): 0.9923 | Val Acc: 0.9226 | Time: 00:00:08
Epoch 098 | Seed 2001 | Rate 1.00 | Train Loss: 0.0420 | Val Loss: 0.2458 | Acc (clean): 0.9825 | Acc (poison): 0.9922 | Val Acc: 0.9256 | Time: 00:00:08
Epoch 099 | Seed 2001 | Rate 1.00 | Train Loss: 0.0412 | Val Loss: 0.2474 | Acc (clean): 0.9833 | Acc (poison): 0.9927 | Val Acc: 0.9244 | Time: 00:00:08
Epoch 100 | Seed 2001 | Rate 1.00 | Train Loss: 0.0403 | Val Loss: 0.2479 | Acc (clean): 0.9833 | Acc (poison): 0.9930 | Val Acc: 0.9248 | Time: 00:00:08
Loading train data from /home/yazanme/BachelorThesis/BachelorThesis/data/processed/resisc45/train.h5... (in_memory=True, workers=6)
Testing torch.compile support...
Successfully compiled model using torch.compile.
Epoch 001 | Seed 2026 | Rate 0.00 | Train Loss: 2.7621 | Val Loss: 2.6569 | Acc (clean): 0.2515 | Acc (poison): 0.2515 | Val Acc: 0.2707 | Time: 00:00:10
Epoch 002 | Seed 2026 | Rate 0.00 | Train Loss: 1.8464 | Val Loss: 2.2641 | Acc (clean): 0.4570 | Acc (poison): 0.4570 | Val Acc: 0.3719 | Time: 00:00:09
Epoch 003 | Seed 2026 | Rate 0.00 | Train Loss: 1.5328 | Val Loss: 1.5980 | Acc (clean): 0.5413 | Acc (poison): 0.5413 | Val Acc: 0.5159 | Time: 00:00:09
Epoch 004 | Seed 2026 | Rate 0.00 | Train Loss: 1.3268 | Val Loss: 1.4245 | Acc (clean): 0.5983 | Acc (poison): 0.5983 | Val Acc: 0.5733 | Time: 00:00:09
Epoch 005 | Seed 2026 | Rate 0.00 | Train Loss: 1.1703 | Val Loss: 1.3463 | Acc (clean): 0.6404 | Acc (poison): 0.6404 | Val Acc: 0.5974 | Time: 00:00:09
Epoch 006 | Seed 2026 | Rate 0.00 | Train Loss: 1.0301 | Val Loss: 1.3688 | Acc (clean): 0.6828 | Acc (poison): 0.6828 | Val Acc: 0.5937 | Time: 00:00:09
Epoch 007 | Seed 2026 | Rate 0.00 | Train Loss: 0.9094 | Val Loss: 1.3183 | Acc (clean): 0.7181 | Acc (poison): 0.7181 | Val Acc: 0.6067 | Time: 00:00:09
Epoch 008 | Seed 2026 | Rate 0.00 | Train Loss: 0.8007 | Val Loss: 1.0223 | Acc (clean): 0.7502 | Acc (poison): 0.7502 | Val Acc: 0.7000 | Time: 00:00:09
Epoch 009 | Seed 2026 | Rate 0.00 | Train Loss: 0.7509 | Val Loss: 0.9362 | Acc (clean): 0.7671 | Acc (poison): 0.7671 | Val Acc: 0.7144 | Time: 00:00:09
Epoch 010 | Seed 2026 | Rate 0.00 | Train Loss: 0.6975 | Val Loss: 1.0623 | Acc (clean): 0.7804 | Acc (poison): 0.7804 | Val Acc: 0.6893 | Time: 00:00:09
Epoch 011 | Seed 2026 | Rate 0.00 | Train Loss: 0.6600 | Val Loss: 1.0125 | Acc (clean): 0.7916 | Acc (poison): 0.7916 | Val Acc: 0.6919 | Time: 00:00:09
Epoch 012 | Seed 2026 | Rate 0.00 | Train Loss: 0.6275 | Val Loss: 1.1526 | Acc (clean): 0.8008 | Acc (poison): 0.8008 | Val Acc: 0.6556 | Time: 00:00:09
Epoch 013 | Seed 2026 | Rate 0.00 | Train Loss: 0.6128 | Val Loss: 1.1921 | Acc (clean): 0.8071 | Acc (poison): 0.8071 | Val Acc: 0.6537 | Time: 00:00:09
Epoch 014 | Seed 2026 | Rate 0.00 | Train Loss: 0.5814 | Val Loss: 0.9754 | Acc (clean): 0.8155 | Acc (poison): 0.8155 | Val Acc: 0.7141 | Time: 00:00:09
Epoch 015 | Seed 2026 | Rate 0.00 | Train Loss: 0.5789 | Val Loss: 0.8641 | Acc (clean): 0.8186 | Acc (poison): 0.8186 | Val Acc: 0.7304 | Time: 00:00:09
Epoch 016 | Seed 2026 | Rate 0.00 | Train Loss: 0.5609 | Val Loss: 0.8571 | Acc (clean): 0.8236 | Acc (poison): 0.8236 | Val Acc: 0.7415 | Time: 00:00:09
Epoch 017 | Seed 2026 | Rate 0.00 | Train Loss: 0.5581 | Val Loss: 1.0162 | Acc (clean): 0.8243 | Acc (poison): 0.8243 | Val Acc: 0.7048 | Time: 00:00:09
Epoch 018 | Seed 2026 | Rate 0.00 | Train Loss: 0.5611 | Val Loss: 1.0582 | Acc (clean): 0.8206 | Acc (poison): 0.8206 | Val Acc: 0.6900 | Time: 00:00:09
Epoch 019 | Seed 2026 | Rate 0.00 | Train Loss: 0.5487 | Val Loss: 0.7935 | Acc (clean): 0.8262 | Acc (poison): 0.8262 | Val Acc: 0.7570 | Time: 00:00:09
Epoch 020 | Seed 2026 | Rate 0.00 | Train Loss: 0.5346 | Val Loss: 0.7109 | Acc (clean): 0.8314 | Acc (poison): 0.8314 | Val Acc: 0.7763 | Time: 00:00:09
Epoch 021 | Seed 2026 | Rate 0.00 | Train Loss: 0.5475 | Val Loss: 0.9784 | Acc (clean): 0.8250 | Acc (poison): 0.8250 | Val Acc: 0.7104 | Time: 00:00:09
Epoch 022 | Seed 2026 | Rate 0.00 | Train Loss: 0.5413 | Val Loss: 0.7383 | Acc (clean): 0.8288 | Acc (poison): 0.8288 | Val Acc: 0.7737 | Time: 00:00:09
Epoch 023 | Seed 2026 | Rate 0.00 | Train Loss: 0.5327 | Val Loss: 0.9367 | Acc (clean): 0.8319 | Acc (poison): 0.8319 | Val Acc: 0.7189 | Time: 00:00:09
Epoch 024 | Seed 2026 | Rate 0.00 | Train Loss: 0.5443 | Val Loss: 1.1183 | Acc (clean): 0.8267 | Acc (poison): 0.8267 | Val Acc: 0.6663 | Time: 00:00:09
Epoch 025 | Seed 2026 | Rate 0.00 | Train Loss: 0.5283 | Val Loss: 1.0000 | Acc (clean): 0.8335 | Acc (poison): 0.8335 | Val Acc: 0.7011 | Time: 00:00:09
Epoch 026 | Seed 2026 | Rate 0.00 | Train Loss: 0.5320 | Val Loss: 1.2764 | Acc (clean): 0.8293 | Acc (poison): 0.8293 | Val Acc: 0.6519 | Time: 00:00:09
Epoch 027 | Seed 2026 | Rate 0.00 | Train Loss: 0.5324 | Val Loss: 0.8326 | Acc (clean): 0.8321 | Acc (poison): 0.8321 | Val Acc: 0.7407 | Time: 00:00:09
Epoch 028 | Seed 2026 | Rate 0.00 | Train Loss: 0.5189 | Val Loss: 1.1703 | Acc (clean): 0.8379 | Acc (poison): 0.8379 | Val Acc: 0.6611 | Time: 00:00:09
Epoch 029 | Seed 2026 | Rate 0.00 | Train Loss: 0.5122 | Val Loss: 1.0043 | Acc (clean): 0.8388 | Acc (poison): 0.8388 | Val Acc: 0.7030 | Time: 00:00:09
Epoch 030 | Seed 2026 | Rate 0.00 | Train Loss: 0.5162 | Val Loss: 2.4512 | Acc (clean): 0.8355 | Acc (poison): 0.8355 | Val Acc: 0.4533 | Time: 00:00:09
Epoch 031 | Seed 2026 | Rate 0.00 | Train Loss: 0.5095 | Val Loss: 1.0311 | Acc (clean): 0.8400 | Acc (poison): 0.8400 | Val Acc: 0.6904 | Time: 00:00:09
Epoch 032 | Seed 2026 | Rate 0.00 | Train Loss: 0.5032 | Val Loss: 1.0610 | Acc (clean): 0.8427 | Acc (poison): 0.8427 | Val Acc: 0.6941 | Time: 00:00:09
Epoch 033 | Seed 2026 | Rate 0.00 | Train Loss: 0.5119 | Val Loss: 0.9047 | Acc (clean): 0.8385 | Acc (poison): 0.8385 | Val Acc: 0.7133 | Time: 00:00:09
Epoch 034 | Seed 2026 | Rate 0.00 | Train Loss: 0.5135 | Val Loss: 1.2201 | Acc (clean): 0.8388 | Acc (poison): 0.8388 | Val Acc: 0.6448 | Time: 00:00:09
Epoch 035 | Seed 2026 | Rate 0.00 | Train Loss: 0.5025 | Val Loss: 0.9998 | Acc (clean): 0.8387 | Acc (poison): 0.8387 | Val Acc: 0.7096 | Time: 00:00:09
Epoch 036 | Seed 2026 | Rate 0.00 | Train Loss: 0.5093 | Val Loss: 1.6943 | Acc (clean): 0.8384 | Acc (poison): 0.8384 | Val Acc: 0.5604 | Time: 00:00:09
Epoch 037 | Seed 2026 | Rate 0.00 | Train Loss: 0.5155 | Val Loss: 1.4349 | Acc (clean): 0.8371 | Acc (poison): 0.8371 | Val Acc: 0.5985 | Time: 00:00:09
Epoch 038 | Seed 2026 | Rate 0.00 | Train Loss: 0.5011 | Val Loss: 1.3287 | Acc (clean): 0.8402 | Acc (poison): 0.8402 | Val Acc: 0.6244 | Time: 00:00:09
Epoch 039 | Seed 2026 | Rate 0.00 | Train Loss: 0.5034 | Val Loss: 0.8298 | Acc (clean): 0.8414 | Acc (poison): 0.8414 | Val Acc: 0.7544 | Time: 00:00:09
Epoch 040 | Seed 2026 | Rate 0.00 | Train Loss: 0.5155 | Val Loss: 1.4464 | Acc (clean): 0.8377 | Acc (poison): 0.8377 | Val Acc: 0.6030 | Time: 00:00:09
Epoch 041 | Seed 2026 | Rate 0.00 | Train Loss: 0.4922 | Val Loss: 1.2765 | Acc (clean): 0.8418 | Acc (poison): 0.8418 | Val Acc: 0.6496 | Time: 00:00:09
Epoch 042 | Seed 2026 | Rate 0.00 | Train Loss: 0.5108 | Val Loss: 1.0049 | Acc (clean): 0.8385 | Acc (poison): 0.8385 | Val Acc: 0.7011 | Time: 00:00:09
Epoch 043 | Seed 2026 | Rate 0.00 | Train Loss: 0.5089 | Val Loss: 2.3767 | Acc (clean): 0.8390 | Acc (poison): 0.8390 | Val Acc: 0.4896 | Time: 00:00:09
Epoch 044 | Seed 2026 | Rate 0.00 | Train Loss: 0.5054 | Val Loss: 1.1348 | Acc (clean): 0.8386 | Acc (poison): 0.8386 | Val Acc: 0.6715 | Time: 00:00:09
Epoch 045 | Seed 2026 | Rate 0.00 | Train Loss: 0.5074 | Val Loss: 0.9548 | Acc (clean): 0.8403 | Acc (poison): 0.8403 | Val Acc: 0.7074 | Time: 00:00:09
Epoch 046 | Seed 2026 | Rate 0.00 | Train Loss: 0.5031 | Val Loss: 1.1892 | Acc (clean): 0.8402 | Acc (poison): 0.8402 | Val Acc: 0.6630 | Time: 00:00:09
Epoch 047 | Seed 2026 | Rate 0.00 | Train Loss: 0.4898 | Val Loss: 1.2569 | Acc (clean): 0.8453 | Acc (poison): 0.8453 | Val Acc: 0.6467 | Time: 00:00:09
Epoch 048 | Seed 2026 | Rate 0.00 | Train Loss: 0.4948 | Val Loss: 1.0100 | Acc (clean): 0.8416 | Acc (poison): 0.8416 | Val Acc: 0.6893 | Time: 00:00:09
Epoch 049 | Seed 2026 | Rate 0.00 | Train Loss: 0.4895 | Val Loss: 1.6683 | Acc (clean): 0.8454 | Acc (poison): 0.8454 | Val Acc: 0.5515 | Time: 00:00:09
Epoch 050 | Seed 2026 | Rate 0.00 | Train Loss: 0.4900 | Val Loss: 0.8179 | Acc (clean): 0.8450 | Acc (poison): 0.8450 | Val Acc: 0.7530 | Time: 00:00:09
Epoch 051 | Seed 2026 | Rate 0.00 | Train Loss: 0.2961 | Val Loss: 0.3263 | Acc (clean): 0.9079 | Acc (poison): 0.9079 | Val Acc: 0.8937 | Time: 00:00:09
Epoch 052 | Seed 2026 | Rate 0.00 | Train Loss: 0.2237 | Val Loss: 0.2940 | Acc (clean): 0.9305 | Acc (poison): 0.9305 | Val Acc: 0.9048 | Time: 00:00:09
Epoch 053 | Seed 2026 | Rate 0.00 | Train Loss: 0.1994 | Val Loss: 0.2987 | Acc (clean): 0.9388 | Acc (poison): 0.9388 | Val Acc: 0.9030 | Time: 00:00:09
Epoch 054 | Seed 2026 | Rate 0.00 | Train Loss: 0.1833 | Val Loss: 0.2712 | Acc (clean): 0.9442 | Acc (poison): 0.9442 | Val Acc: 0.9107 | Time: 00:00:09
Epoch 055 | Seed 2026 | Rate 0.00 | Train Loss: 0.1686 | Val Loss: 0.2858 | Acc (clean): 0.9477 | Acc (poison): 0.9477 | Val Acc: 0.9100 | Time: 00:00:09
Epoch 056 | Seed 2026 | Rate 0.00 | Train Loss: 0.1641 | Val Loss: 0.2698 | Acc (clean): 0.9490 | Acc (poison): 0.9490 | Val Acc: 0.9144 | Time: 00:00:09
Epoch 057 | Seed 2026 | Rate 0.00 | Train Loss: 0.1558 | Val Loss: 0.2783 | Acc (clean): 0.9523 | Acc (poison): 0.9523 | Val Acc: 0.9063 | Time: 00:00:09
Epoch 058 | Seed 2026 | Rate 0.00 | Train Loss: 0.1433 | Val Loss: 0.2674 | Acc (clean): 0.9560 | Acc (poison): 0.9560 | Val Acc: 0.9107 | Time: 00:00:09
Epoch 059 | Seed 2026 | Rate 0.00 | Train Loss: 0.1398 | Val Loss: 0.2519 | Acc (clean): 0.9572 | Acc (poison): 0.9572 | Val Acc: 0.9167 | Time: 00:00:09
Epoch 060 | Seed 2026 | Rate 0.00 | Train Loss: 0.1331 | Val Loss: 0.2708 | Acc (clean): 0.9595 | Acc (poison): 0.9595 | Val Acc: 0.9152 | Time: 00:00:09
Epoch 061 | Seed 2026 | Rate 0.00 | Train Loss: 0.1289 | Val Loss: 0.2810 | Acc (clean): 0.9626 | Acc (poison): 0.9626 | Val Acc: 0.9063 | Time: 00:00:09
Epoch 062 | Seed 2026 | Rate 0.00 | Train Loss: 0.1232 | Val Loss: 0.2525 | Acc (clean): 0.9640 | Acc (poison): 0.9640 | Val Acc: 0.9178 | Time: 00:00:09
Epoch 063 | Seed 2026 | Rate 0.00 | Train Loss: 0.1165 | Val Loss: 0.2647 | Acc (clean): 0.9651 | Acc (poison): 0.9651 | Val Acc: 0.9156 | Time: 00:00:09
Epoch 064 | Seed 2026 | Rate 0.00 | Train Loss: 0.1122 | Val Loss: 0.2562 | Acc (clean): 0.9677 | Acc (poison): 0.9677 | Val Acc: 0.9170 | Time: 00:00:09
Epoch 065 | Seed 2026 | Rate 0.00 | Train Loss: 0.1055 | Val Loss: 0.2669 | Acc (clean): 0.9691 | Acc (poison): 0.9691 | Val Acc: 0.9148 | Time: 00:00:09
Epoch 066 | Seed 2026 | Rate 0.00 | Train Loss: 0.1049 | Val Loss: 0.2689 | Acc (clean): 0.9695 | Acc (poison): 0.9695 | Val Acc: 0.9137 | Time: 00:00:09
Epoch 067 | Seed 2026 | Rate 0.00 | Train Loss: 0.0993 | Val Loss: 0.2571 | Acc (clean): 0.9723 | Acc (poison): 0.9723 | Val Acc: 0.9193 | Time: 00:00:09
Epoch 068 | Seed 2026 | Rate 0.00 | Train Loss: 0.0957 | Val Loss: 0.2660 | Acc (clean): 0.9732 | Acc (poison): 0.9732 | Val Acc: 0.9196 | Time: 00:00:09
Epoch 069 | Seed 2026 | Rate 0.00 | Train Loss: 0.0958 | Val Loss: 0.2420 | Acc (clean): 0.9733 | Acc (poison): 0.9733 | Val Acc: 0.9226 | Time: 00:00:09
Epoch 070 | Seed 2026 | Rate 0.00 | Train Loss: 0.0942 | Val Loss: 0.2560 | Acc (clean): 0.9733 | Acc (poison): 0.9733 | Val Acc: 0.9185 | Time: 00:00:09
Epoch 071 | Seed 2026 | Rate 0.00 | Train Loss: 0.0881 | Val Loss: 0.2656 | Acc (clean): 0.9767 | Acc (poison): 0.9767 | Val Acc: 0.9170 | Time: 00:00:09
Epoch 072 | Seed 2026 | Rate 0.00 | Train Loss: 0.0872 | Val Loss: 0.2715 | Acc (clean): 0.9761 | Acc (poison): 0.9761 | Val Acc: 0.9133 | Time: 00:00:09
Epoch 073 | Seed 2026 | Rate 0.00 | Train Loss: 0.0857 | Val Loss: 0.2630 | Acc (clean): 0.9757 | Acc (poison): 0.9757 | Val Acc: 0.9152 | Time: 00:00:09
Epoch 074 | Seed 2026 | Rate 0.00 | Train Loss: 0.0825 | Val Loss: 0.2794 | Acc (clean): 0.9767 | Acc (poison): 0.9767 | Val Acc: 0.9174 | Time: 00:00:09
Epoch 075 | Seed 2026 | Rate 0.00 | Train Loss: 0.0820 | Val Loss: 0.2920 | Acc (clean): 0.9783 | Acc (poison): 0.9783 | Val Acc: 0.9148 | Time: 00:00:09
Epoch 076 | Seed 2026 | Rate 0.00 | Train Loss: 0.0659 | Val Loss: 0.2408 | Acc (clean): 0.9839 | Acc (poison): 0.9839 | Val Acc: 0.9256 | Time: 00:00:09
Epoch 077 | Seed 2026 | Rate 0.00 | Train Loss: 0.0570 | Val Loss: 0.2387 | Acc (clean): 0.9876 | Acc (poison): 0.9876 | Val Acc: 0.9263 | Time: 00:00:09
Epoch 078 | Seed 2026 | Rate 0.00 | Train Loss: 0.0559 | Val Loss: 0.2396 | Acc (clean): 0.9882 | Acc (poison): 0.9882 | Val Acc: 0.9259 | Time: 00:00:09
Epoch 079 | Seed 2026 | Rate 0.00 | Train Loss: 0.0538 | Val Loss: 0.2414 | Acc (clean): 0.9878 | Acc (poison): 0.9878 | Val Acc: 0.9252 | Time: 00:00:09
Epoch 080 | Seed 2026 | Rate 0.00 | Train Loss: 0.0508 | Val Loss: 0.2433 | Acc (clean): 0.9895 | Acc (poison): 0.9895 | Val Acc: 0.9270 | Time: 00:00:09
Epoch 081 | Seed 2026 | Rate 0.00 | Train Loss: 0.0490 | Val Loss: 0.2408 | Acc (clean): 0.9903 | Acc (poison): 0.9903 | Val Acc: 0.9263 | Time: 00:00:09
Epoch 082 | Seed 2026 | Rate 0.00 | Train Loss: 0.0503 | Val Loss: 0.2404 | Acc (clean): 0.9898 | Acc (poison): 0.9898 | Val Acc: 0.9274 | Time: 00:00:09
Epoch 083 | Seed 2026 | Rate 0.00 | Train Loss: 0.0498 | Val Loss: 0.2375 | Acc (clean): 0.9897 | Acc (poison): 0.9897 | Val Acc: 0.9267 | Time: 00:00:09
Epoch 084 | Seed 2026 | Rate 0.00 | Train Loss: 0.0488 | Val Loss: 0.2355 | Acc (clean): 0.9901 | Acc (poison): 0.9901 | Val Acc: 0.9285 | Time: 00:00:09
Epoch 085 | Seed 2026 | Rate 0.00 | Train Loss: 0.0470 | Val Loss: 0.2379 | Acc (clean): 0.9912 | Acc (poison): 0.9912 | Val Acc: 0.9289 | Time: 00:00:09
Epoch 086 | Seed 2026 | Rate 0.00 | Train Loss: 0.0462 | Val Loss: 0.2369 | Acc (clean): 0.9915 | Acc (poison): 0.9915 | Val Acc: 0.9267 | Time: 00:00:09
Epoch 087 | Seed 2026 | Rate 0.00 | Train Loss: 0.0459 | Val Loss: 0.2378 | Acc (clean): 0.9912 | Acc (poison): 0.9912 | Val Acc: 0.9270 | Time: 00:00:09
Epoch 088 | Seed 2026 | Rate 0.00 | Train Loss: 0.0446 | Val Loss: 0.2404 | Acc (clean): 0.9929 | Acc (poison): 0.9929 | Val Acc: 0.9278 | Time: 00:00:09
Epoch 089 | Seed 2026 | Rate 0.00 | Train Loss: 0.0466 | Val Loss: 0.2354 | Acc (clean): 0.9913 | Acc (poison): 0.9913 | Val Acc: 0.9274 | Time: 00:00:09
Epoch 090 | Seed 2026 | Rate 0.00 | Train Loss: 0.0448 | Val Loss: 0.2338 | Acc (clean): 0.9920 | Acc (poison): 0.9920 | Val Acc: 0.9285 | Time: 00:00:09
Epoch 091 | Seed 2026 | Rate 0.00 | Train Loss: 0.0447 | Val Loss: 0.2419 | Acc (clean): 0.9918 | Acc (poison): 0.9918 | Val Acc: 0.9241 | Time: 00:00:09
Epoch 092 | Seed 2026 | Rate 0.00 | Train Loss: 0.0461 | Val Loss: 0.2343 | Acc (clean): 0.9912 | Acc (poison): 0.9912 | Val Acc: 0.9300 | Time: 00:00:09
Epoch 093 | Seed 2026 | Rate 0.00 | Train Loss: 0.0460 | Val Loss: 0.2387 | Acc (clean): 0.9907 | Acc (poison): 0.9907 | Val Acc: 0.9293 | Time: 00:00:09
Epoch 094 | Seed 2026 | Rate 0.00 | Train Loss: 0.0453 | Val Loss: 0.2346 | Acc (clean): 0.9917 | Acc (poison): 0.9917 | Val Acc: 0.9307 | Time: 00:00:09
Epoch 095 | Seed 2026 | Rate 0.00 | Train Loss: 0.0451 | Val Loss: 0.2351 | Acc (clean): 0.9918 | Acc (poison): 0.9918 | Val Acc: 0.9311 | Time: 00:00:09
Epoch 096 | Seed 2026 | Rate 0.00 | Train Loss: 0.0435 | Val Loss: 0.2365 | Acc (clean): 0.9925 | Acc (poison): 0.9925 | Val Acc: 0.9274 | Time: 00:00:09
Epoch 097 | Seed 2026 | Rate 0.00 | Train Loss: 0.0417 | Val Loss: 0.2386 | Acc (clean): 0.9930 | Acc (poison): 0.9930 | Val Acc: 0.9304 | Time: 00:00:09
Epoch 098 | Seed 2026 | Rate 0.00 | Train Loss: 0.0424 | Val Loss: 0.2413 | Acc (clean): 0.9926 | Acc (poison): 0.9926 | Val Acc: 0.9300 | Time: 00:00:09
Epoch 099 | Seed 2026 | Rate 0.00 | Train Loss: 0.0428 | Val Loss: 0.2379 | Acc (clean): 0.9920 | Acc (poison): 0.9920 | Val Acc: 0.9300 | Time: 00:00:09
Epoch 100 | Seed 2026 | Rate 0.00 | Train Loss: 0.0418 | Val Loss: 0.2382 | Acc (clean): 0.9923 | Acc (poison): 0.9923 | Val Acc: 0.9289 | Time: 00:00:09
Loading train data from /home/yazanme/BachelorThesis/BachelorThesis/data/processed/resisc45/train.h5 with mapping /home/yazanme/BachelorThesis/BachelorThesis/data/processed/resisc45/poisoned/RQ2.4/seed_2026/labels.pt... (in_memory=True, workers=6)
Testing torch.compile support...
Successfully compiled model using torch.compile.
Epoch 001 | Seed 2026 | Rate 1.00 | Train Loss: 2.7867 | Val Loss: 2.5507 | Acc (clean): 0.2429 | Acc (poison): 0.2447 | Val Acc: 0.3033 | Time: 00:00:10
Epoch 002 | Seed 2026 | Rate 1.00 | Train Loss: 1.8652 | Val Loss: 1.9833 | Acc (clean): 0.4499 | Acc (poison): 0.4547 | Val Acc: 0.4193 | Time: 00:00:08
Epoch 003 | Seed 2026 | Rate 1.00 | Train Loss: 1.5069 | Val Loss: 1.8052 | Acc (clean): 0.5446 | Acc (poison): 0.5495 | Val Acc: 0.4722 | Time: 00:00:08
Epoch 004 | Seed 2026 | Rate 1.00 | Train Loss: 1.2383 | Val Loss: 1.9196 | Acc (clean): 0.6170 | Acc (poison): 0.6215 | Val Acc: 0.4774 | Time: 00:00:08
Epoch 005 | Seed 2026 | Rate 1.00 | Train Loss: 1.0587 | Val Loss: 1.2571 | Acc (clean): 0.6713 | Acc (poison): 0.6763 | Val Acc: 0.6256 | Time: 00:00:08
Epoch 006 | Seed 2026 | Rate 1.00 | Train Loss: 0.9032 | Val Loss: 1.4903 | Acc (clean): 0.7123 | Acc (poison): 0.7184 | Val Acc: 0.5830 | Time: 00:00:08
Epoch 007 | Seed 2026 | Rate 1.00 | Train Loss: 0.8063 | Val Loss: 1.3311 | Acc (clean): 0.7415 | Acc (poison): 0.7475 | Val Acc: 0.6170 | Time: 00:00:08
Epoch 008 | Seed 2026 | Rate 1.00 | Train Loss: 0.7319 | Val Loss: 0.9978 | Acc (clean): 0.7642 | Acc (poison): 0.7706 | Val Acc: 0.6959 | Time: 00:00:08
Epoch 009 | Seed 2026 | Rate 1.00 | Train Loss: 0.6835 | Val Loss: 0.9933 | Acc (clean): 0.7764 | Acc (poison): 0.7838 | Val Acc: 0.6967 | Time: 00:00:08
Epoch 010 | Seed 2026 | Rate 1.00 | Train Loss: 0.6413 | Val Loss: 1.2552 | Acc (clean): 0.7917 | Acc (poison): 0.7984 | Val Acc: 0.6341 | Time: 00:00:08
Epoch 011 | Seed 2026 | Rate 1.00 | Train Loss: 0.6104 | Val Loss: 0.8077 | Acc (clean): 0.8010 | Acc (poison): 0.8075 | Val Acc: 0.7556 | Time: 00:00:08
Epoch 012 | Seed 2026 | Rate 1.00 | Train Loss: 0.5961 | Val Loss: 0.9004 | Acc (clean): 0.8025 | Acc (poison): 0.8089 | Val Acc: 0.7248 | Time: 00:00:08
Epoch 013 | Seed 2026 | Rate 1.00 | Train Loss: 0.5823 | Val Loss: 1.1456 | Acc (clean): 0.8111 | Acc (poison): 0.8179 | Val Acc: 0.6615 | Time: 00:00:08
Epoch 014 | Seed 2026 | Rate 1.00 | Train Loss: 0.5602 | Val Loss: 1.0467 | Acc (clean): 0.8161 | Acc (poison): 0.8230 | Val Acc: 0.6867 | Time: 00:00:08
Epoch 015 | Seed 2026 | Rate 1.00 | Train Loss: 0.5442 | Val Loss: 0.9848 | Acc (clean): 0.8210 | Acc (poison): 0.8280 | Val Acc: 0.7044 | Time: 00:00:08
Epoch 016 | Seed 2026 | Rate 1.00 | Train Loss: 0.5373 | Val Loss: 0.9611 | Acc (clean): 0.8221 | Acc (poison): 0.8289 | Val Acc: 0.7163 | Time: 00:00:08
Epoch 017 | Seed 2026 | Rate 1.00 | Train Loss: 0.5323 | Val Loss: 1.8508 | Acc (clean): 0.8242 | Acc (poison): 0.8309 | Val Acc: 0.5148 | Time: 00:00:08
Epoch 018 | Seed 2026 | Rate 1.00 | Train Loss: 0.5407 | Val Loss: 0.8380 | Acc (clean): 0.8221 | Acc (poison): 0.8284 | Val Acc: 0.7407 | Time: 00:00:08
Epoch 019 | Seed 2026 | Rate 1.00 | Train Loss: 0.5287 | Val Loss: 0.8484 | Acc (clean): 0.8241 | Acc (poison): 0.8308 | Val Acc: 0.7389 | Time: 00:00:08
Epoch 020 | Seed 2026 | Rate 1.00 | Train Loss: 0.5148 | Val Loss: 0.9315 | Acc (clean): 0.8309 | Acc (poison): 0.8379 | Val Acc: 0.7200 | Time: 00:00:08
Epoch 021 | Seed 2026 | Rate 1.00 | Train Loss: 0.5215 | Val Loss: 1.2669 | Acc (clean): 0.8268 | Acc (poison): 0.8338 | Val Acc: 0.6515 | Time: 00:00:08
Epoch 022 | Seed 2026 | Rate 1.00 | Train Loss: 0.5121 | Val Loss: 0.8572 | Acc (clean): 0.8326 | Acc (poison): 0.8391 | Val Acc: 0.7511 | Time: 00:00:08
Epoch 023 | Seed 2026 | Rate 1.00 | Train Loss: 0.4967 | Val Loss: 0.8677 | Acc (clean): 0.8354 | Acc (poison): 0.8424 | Val Acc: 0.7407 | Time: 00:00:08
Epoch 024 | Seed 2026 | Rate 1.00 | Train Loss: 0.5254 | Val Loss: 0.8670 | Acc (clean): 0.8273 | Acc (poison): 0.8341 | Val Acc: 0.7396 | Time: 00:00:08
Epoch 025 | Seed 2026 | Rate 1.00 | Train Loss: 0.5085 | Val Loss: 0.9490 | Acc (clean): 0.8311 | Acc (poison): 0.8381 | Val Acc: 0.7093 | Time: 00:00:08
Epoch 026 | Seed 2026 | Rate 1.00 | Train Loss: 0.4957 | Val Loss: 1.1598 | Acc (clean): 0.8365 | Acc (poison): 0.8433 | Val Acc: 0.6789 | Time: 00:00:08
Epoch 027 | Seed 2026 | Rate 1.00 | Train Loss: 0.4987 | Val Loss: 0.6946 | Acc (clean): 0.8356 | Acc (poison): 0.8428 | Val Acc: 0.7830 | Time: 00:00:08
Epoch 028 | Seed 2026 | Rate 1.00 | Train Loss: 0.5068 | Val Loss: 0.9993 | Acc (clean): 0.8314 | Acc (poison): 0.8382 | Val Acc: 0.6959 | Time: 00:00:08
Epoch 029 | Seed 2026 | Rate 1.00 | Train Loss: 0.4985 | Val Loss: 1.1267 | Acc (clean): 0.8342 | Acc (poison): 0.8417 | Val Acc: 0.6941 | Time: 00:00:08
Epoch 030 | Seed 2026 | Rate 1.00 | Train Loss: 0.4948 | Val Loss: 1.2356 | Acc (clean): 0.8333 | Acc (poison): 0.8413 | Val Acc: 0.6674 | Time: 00:00:08
Epoch 031 | Seed 2026 | Rate 1.00 | Train Loss: 0.4851 | Val Loss: 0.8029 | Acc (clean): 0.8396 | Acc (poison): 0.8468 | Val Acc: 0.7619 | Time: 00:00:08
Epoch 032 | Seed 2026 | Rate 1.00 | Train Loss: 0.4840 | Val Loss: 1.3556 | Acc (clean): 0.8419 | Acc (poison): 0.8485 | Val Acc: 0.6248 | Time: 00:00:08
Epoch 033 | Seed 2026 | Rate 1.00 | Train Loss: 0.4858 | Val Loss: 2.1734 | Acc (clean): 0.8385 | Acc (poison): 0.8454 | Val Acc: 0.4985 | Time: 00:00:08
Epoch 034 | Seed 2026 | Rate 1.00 | Train Loss: 0.4853 | Val Loss: 1.1475 | Acc (clean): 0.8394 | Acc (poison): 0.8464 | Val Acc: 0.6644 | Time: 00:00:08
Epoch 035 | Seed 2026 | Rate 1.00 | Train Loss: 0.4768 | Val Loss: 1.0711 | Acc (clean): 0.8402 | Acc (poison): 0.8470 | Val Acc: 0.6919 | Time: 00:00:08
Epoch 036 | Seed 2026 | Rate 1.00 | Train Loss: 0.4730 | Val Loss: 0.8606 | Acc (clean): 0.8425 | Acc (poison): 0.8500 | Val Acc: 0.7319 | Time: 00:00:08
Epoch 037 | Seed 2026 | Rate 1.00 | Train Loss: 0.4849 | Val Loss: 1.3105 | Acc (clean): 0.8398 | Acc (poison): 0.8465 | Val Acc: 0.6170 | Time: 00:00:08
Epoch 038 | Seed 2026 | Rate 1.00 | Train Loss: 0.4676 | Val Loss: 0.9902 | Acc (clean): 0.8411 | Acc (poison): 0.8486 | Val Acc: 0.7107 | Time: 00:00:08
Epoch 039 | Seed 2026 | Rate 1.00 | Train Loss: 0.4900 | Val Loss: 0.8701 | Acc (clean): 0.8378 | Acc (poison): 0.8444 | Val Acc: 0.7363 | Time: 00:00:08
Epoch 040 | Seed 2026 | Rate 1.00 | Train Loss: 0.4825 | Val Loss: 1.0936 | Acc (clean): 0.8402 | Acc (poison): 0.8473 | Val Acc: 0.6826 | Time: 00:00:08
Epoch 041 | Seed 2026 | Rate 1.00 | Train Loss: 0.4809 | Val Loss: 1.4645 | Acc (clean): 0.8406 | Acc (poison): 0.8479 | Val Acc: 0.6241 | Time: 00:00:08
Epoch 042 | Seed 2026 | Rate 1.00 | Train Loss: 0.4734 | Val Loss: 1.0307 | Acc (clean): 0.8453 | Acc (poison): 0.8530 | Val Acc: 0.6996 | Time: 00:00:08
Epoch 043 | Seed 2026 | Rate 1.00 | Train Loss: 0.4807 | Val Loss: 0.9348 | Acc (clean): 0.8380 | Acc (poison): 0.8450 | Val Acc: 0.7219 | Time: 00:00:08
Epoch 044 | Seed 2026 | Rate 1.00 | Train Loss: 0.4660 | Val Loss: 1.4050 | Acc (clean): 0.8456 | Acc (poison): 0.8526 | Val Acc: 0.6022 | Time: 00:00:08
Epoch 045 | Seed 2026 | Rate 1.00 | Train Loss: 0.4906 | Val Loss: 1.1447 | Acc (clean): 0.8357 | Acc (poison): 0.8429 | Val Acc: 0.6730 | Time: 00:00:08
Epoch 046 | Seed 2026 | Rate 1.00 | Train Loss: 0.4761 | Val Loss: 0.8377 | Acc (clean): 0.8416 | Acc (poison): 0.8493 | Val Acc: 0.7519 | Time: 00:00:08
Epoch 047 | Seed 2026 | Rate 1.00 | Train Loss: 0.4836 | Val Loss: 0.9298 | Acc (clean): 0.8407 | Acc (poison): 0.8481 | Val Acc: 0.7270 | Time: 00:00:08
Epoch 048 | Seed 2026 | Rate 1.00 | Train Loss: 0.4685 | Val Loss: 0.8212 | Acc (clean): 0.8438 | Acc (poison): 0.8508 | Val Acc: 0.7630 | Time: 00:00:08
Epoch 049 | Seed 2026 | Rate 1.00 | Train Loss: 0.4631 | Val Loss: 1.0903 | Acc (clean): 0.8430 | Acc (poison): 0.8507 | Val Acc: 0.7063 | Time: 00:00:08
Epoch 050 | Seed 2026 | Rate 1.00 | Train Loss: 0.4678 | Val Loss: 1.1177 | Acc (clean): 0.8429 | Acc (poison): 0.8496 | Val Acc: 0.6800 | Time: 00:00:08
Epoch 051 | Seed 2026 | Rate 1.00 | Train Loss: 0.2673 | Val Loss: 0.3428 | Acc (clean): 0.9074 | Acc (poison): 0.9157 | Val Acc: 0.8885 | Time: 00:00:08
Epoch 052 | Seed 2026 | Rate 1.00 | Train Loss: 0.2091 | Val Loss: 0.3042 | Acc (clean): 0.9260 | Acc (poison): 0.9347 | Val Acc: 0.9019 | Time: 00:00:08
Epoch 053 | Seed 2026 | Rate 1.00 | Train Loss: 0.1819 | Val Loss: 0.3028 | Acc (clean): 0.9349 | Acc (poison): 0.9437 | Val Acc: 0.9052 | Time: 00:00:08
Epoch 054 | Seed 2026 | Rate 1.00 | Train Loss: 0.1622 | Val Loss: 0.2907 | Acc (clean): 0.9418 | Acc (poison): 0.9512 | Val Acc: 0.9093 | Time: 00:00:08
Epoch 055 | Seed 2026 | Rate 1.00 | Train Loss: 0.1565 | Val Loss: 0.2969 | Acc (clean): 0.9433 | Acc (poison): 0.9521 | Val Acc: 0.9019 | Time: 00:00:08
Epoch 056 | Seed 2026 | Rate 1.00 | Train Loss: 0.1422 | Val Loss: 0.2926 | Acc (clean): 0.9489 | Acc (poison): 0.9581 | Val Acc: 0.9059 | Time: 00:00:08
Epoch 057 | Seed 2026 | Rate 1.00 | Train Loss: 0.1321 | Val Loss: 0.3088 | Acc (clean): 0.9502 | Acc (poison): 0.9598 | Val Acc: 0.9011 | Time: 00:00:08
Epoch 058 | Seed 2026 | Rate 1.00 | Train Loss: 0.1282 | Val Loss: 0.2887 | Acc (clean): 0.9518 | Acc (poison): 0.9605 | Val Acc: 0.9104 | Time: 00:00:08
Epoch 059 | Seed 2026 | Rate 1.00 | Train Loss: 0.1224 | Val Loss: 0.2929 | Acc (clean): 0.9549 | Acc (poison): 0.9638 | Val Acc: 0.9133 | Time: 00:00:08
Epoch 060 | Seed 2026 | Rate 1.00 | Train Loss: 0.1165 | Val Loss: 0.3013 | Acc (clean): 0.9555 | Acc (poison): 0.9645 | Val Acc: 0.9078 | Time: 00:00:08
Epoch 061 | Seed 2026 | Rate 1.00 | Train Loss: 0.1109 | Val Loss: 0.2967 | Acc (clean): 0.9571 | Acc (poison): 0.9665 | Val Acc: 0.9111 | Time: 00:00:08
Epoch 062 | Seed 2026 | Rate 1.00 | Train Loss: 0.1079 | Val Loss: 0.2930 | Acc (clean): 0.9605 | Acc (poison): 0.9691 | Val Acc: 0.9115 | Time: 00:00:08
Epoch 063 | Seed 2026 | Rate 1.00 | Train Loss: 0.1003 | Val Loss: 0.3068 | Acc (clean): 0.9620 | Acc (poison): 0.9714 | Val Acc: 0.9056 | Time: 00:00:08
Epoch 064 | Seed 2026 | Rate 1.00 | Train Loss: 0.0971 | Val Loss: 0.3013 | Acc (clean): 0.9629 | Acc (poison): 0.9727 | Val Acc: 0.9093 | Time: 00:00:08
Epoch 065 | Seed 2026 | Rate 1.00 | Train Loss: 0.0941 | Val Loss: 0.3091 | Acc (clean): 0.9647 | Acc (poison): 0.9741 | Val Acc: 0.9115 | Time: 00:00:08
Epoch 066 | Seed 2026 | Rate 1.00 | Train Loss: 0.0935 | Val Loss: 0.3059 | Acc (clean): 0.9649 | Acc (poison): 0.9742 | Val Acc: 0.9093 | Time: 00:00:08
Epoch 067 | Seed 2026 | Rate 1.00 | Train Loss: 0.0887 | Val Loss: 0.2909 | Acc (clean): 0.9656 | Acc (poison): 0.9749 | Val Acc: 0.9122 | Time: 00:00:08
Epoch 068 | Seed 2026 | Rate 1.00 | Train Loss: 0.0871 | Val Loss: 0.3012 | Acc (clean): 0.9659 | Acc (poison): 0.9751 | Val Acc: 0.9063 | Time: 00:00:08
Epoch 069 | Seed 2026 | Rate 1.00 | Train Loss: 0.0843 | Val Loss: 0.2953 | Acc (clean): 0.9667 | Acc (poison): 0.9756 | Val Acc: 0.9081 | Time: 00:00:08
Epoch 070 | Seed 2026 | Rate 1.00 | Train Loss: 0.0774 | Val Loss: 0.3153 | Acc (clean): 0.9705 | Acc (poison): 0.9795 | Val Acc: 0.9100 | Time: 00:00:08
Epoch 071 | Seed 2026 | Rate 1.00 | Train Loss: 0.0773 | Val Loss: 0.2796 | Acc (clean): 0.9704 | Acc (poison): 0.9798 | Val Acc: 0.9163 | Time: 00:00:08
Epoch 072 | Seed 2026 | Rate 1.00 | Train Loss: 0.0767 | Val Loss: 0.2960 | Acc (clean): 0.9700 | Acc (poison): 0.9798 | Val Acc: 0.9133 | Time: 00:00:08
Epoch 073 | Seed 2026 | Rate 1.00 | Train Loss: 0.0731 | Val Loss: 0.3055 | Acc (clean): 0.9714 | Acc (poison): 0.9809 | Val Acc: 0.9119 | Time: 00:00:08
Epoch 074 | Seed 2026 | Rate 1.00 | Train Loss: 0.0735 | Val Loss: 0.2909 | Acc (clean): 0.9703 | Acc (poison): 0.9796 | Val Acc: 0.9133 | Time: 00:00:08
Epoch 075 | Seed 2026 | Rate 1.00 | Train Loss: 0.0736 | Val Loss: 0.3238 | Acc (clean): 0.9707 | Acc (poison): 0.9800 | Val Acc: 0.9056 | Time: 00:00:08
Epoch 076 | Seed 2026 | Rate 1.00 | Train Loss: 0.0577 | Val Loss: 0.2833 | Acc (clean): 0.9763 | Acc (poison): 0.9864 | Val Acc: 0.9156 | Time: 00:00:08
Epoch 077 | Seed 2026 | Rate 1.00 | Train Loss: 0.0521 | Val Loss: 0.2807 | Acc (clean): 0.9786 | Acc (poison): 0.9888 | Val Acc: 0.9200 | Time: 00:00:08
Epoch 078 | Seed 2026 | Rate 1.00 | Train Loss: 0.0487 | Val Loss: 0.2803 | Acc (clean): 0.9797 | Acc (poison): 0.9899 | Val Acc: 0.9196 | Time: 00:00:08
Epoch 079 | Seed 2026 | Rate 1.00 | Train Loss: 0.0473 | Val Loss: 0.2819 | Acc (clean): 0.9806 | Acc (poison): 0.9905 | Val Acc: 0.9174 | Time: 00:00:08
Epoch 080 | Seed 2026 | Rate 1.00 | Train Loss: 0.0469 | Val Loss: 0.2820 | Acc (clean): 0.9801 | Acc (poison): 0.9903 | Val Acc: 0.9174 | Time: 00:00:08
Epoch 081 | Seed 2026 | Rate 1.00 | Train Loss: 0.0437 | Val Loss: 0.2845 | Acc (clean): 0.9816 | Acc (poison): 0.9918 | Val Acc: 0.9167 | Time: 00:00:08
Epoch 082 | Seed 2026 | Rate 1.00 | Train Loss: 0.0450 | Val Loss: 0.2814 | Acc (clean): 0.9813 | Acc (poison): 0.9910 | Val Acc: 0.9163 | Time: 00:00:08
Epoch 083 | Seed 2026 | Rate 1.00 | Train Loss: 0.0463 | Val Loss: 0.2776 | Acc (clean): 0.9806 | Acc (poison): 0.9906 | Val Acc: 0.9163 | Time: 00:00:08
Epoch 084 | Seed 2026 | Rate 1.00 | Train Loss: 0.0445 | Val Loss: 0.2751 | Acc (clean): 0.9815 | Acc (poison): 0.9919 | Val Acc: 0.9193 | Time: 00:00:08
Epoch 085 | Seed 2026 | Rate 1.00 | Train Loss: 0.0432 | Val Loss: 0.2813 | Acc (clean): 0.9822 | Acc (poison): 0.9924 | Val Acc: 0.9200 | Time: 00:00:08
Epoch 086 | Seed 2026 | Rate 1.00 | Train Loss: 0.0411 | Val Loss: 0.2799 | Acc (clean): 0.9826 | Acc (poison): 0.9927 | Val Acc: 0.9174 | Time: 00:00:08
Epoch 087 | Seed 2026 | Rate 1.00 | Train Loss: 0.0418 | Val Loss: 0.2829 | Acc (clean): 0.9825 | Acc (poison): 0.9925 | Val Acc: 0.9181 | Time: 00:00:09
Epoch 088 | Seed 2026 | Rate 1.00 | Train Loss: 0.0418 | Val Loss: 0.2795 | Acc (clean): 0.9827 | Acc (poison): 0.9926 | Val Acc: 0.9189 | Time: 00:00:08
Epoch 089 | Seed 2026 | Rate 1.00 | Train Loss: 0.0412 | Val Loss: 0.2783 | Acc (clean): 0.9827 | Acc (poison): 0.9931 | Val Acc: 0.9159 | Time: 00:00:08
Epoch 090 | Seed 2026 | Rate 1.00 | Train Loss: 0.0393 | Val Loss: 0.2773 | Acc (clean): 0.9832 | Acc (poison): 0.9934 | Val Acc: 0.9200 | Time: 00:00:08
Epoch 091 | Seed 2026 | Rate 1.00 | Train Loss: 0.0405 | Val Loss: 0.2867 | Acc (clean): 0.9826 | Acc (poison): 0.9926 | Val Acc: 0.9148 | Time: 00:00:08
Epoch 092 | Seed 2026 | Rate 1.00 | Train Loss: 0.0401 | Val Loss: 0.2782 | Acc (clean): 0.9826 | Acc (poison): 0.9928 | Val Acc: 0.9189 | Time: 00:00:08
Epoch 093 | Seed 2026 | Rate 1.00 | Train Loss: 0.0400 | Val Loss: 0.2785 | Acc (clean): 0.9831 | Acc (poison): 0.9931 | Val Acc: 0.9170 | Time: 00:00:08
Epoch 094 | Seed 2026 | Rate 1.00 | Train Loss: 0.0406 | Val Loss: 0.2815 | Acc (clean): 0.9831 | Acc (poison): 0.9933 | Val Acc: 0.9181 | Time: 00:00:08
Epoch 095 | Seed 2026 | Rate 1.00 | Train Loss: 0.0399 | Val Loss: 0.2812 | Acc (clean): 0.9826 | Acc (poison): 0.9928 | Val Acc: 0.9193 | Time: 00:00:08
Epoch 096 | Seed 2026 | Rate 1.00 | Train Loss: 0.0392 | Val Loss: 0.2825 | Acc (clean): 0.9829 | Acc (poison): 0.9935 | Val Acc: 0.9178 | Time: 00:00:08
Epoch 097 | Seed 2026 | Rate 1.00 | Train Loss: 0.0379 | Val Loss: 0.2822 | Acc (clean): 0.9834 | Acc (poison): 0.9935 | Val Acc: 0.9196 | Time: 00:00:08
Epoch 098 | Seed 2026 | Rate 1.00 | Train Loss: 0.0383 | Val Loss: 0.2821 | Acc (clean): 0.9838 | Acc (poison): 0.9937 | Val Acc: 0.9185 | Time: 00:00:08
Epoch 099 | Seed 2026 | Rate 1.00 | Train Loss: 0.0392 | Val Loss: 0.2817 | Acc (clean): 0.9829 | Acc (poison): 0.9931 | Val Acc: 0.9170 | Time: 00:00:08
Epoch 100 | Seed 2026 | Rate 1.00 | Train Loss: 0.0382 | Val Loss: 0.2795 | Acc (clean): 0.9831 | Acc (poison): 0.9932 | Val Acc: 0.9211 | Time: 00:00:08

Endzeit: 2026-08-02 21:09:51 CEST
Laufzeit: 01:46:26
Exit-Code: 0

Abgeschlossene Laeufe (erwartet: 3 Seeds x 2 Raten = 6):
/home/yazanme/BachelorThesis/BachelorThesis/experiments/RQ2.4/mobilenetv2/seed_2001/rate_0.0
/home/yazanme/BachelorThesis/BachelorThesis/experiments/RQ2.4/mobilenetv2/seed_2001/rate_1.0
/home/yazanme/BachelorThesis/BachelorThesis/experiments/RQ2.4/mobilenetv2/seed_2026/rate_0.0
/home/yazanme/BachelorThesis/BachelorThesis/experiments/RQ2.4/mobilenetv2/seed_2026/rate_1.0
/home/yazanme/BachelorThesis/BachelorThesis/experiments/RQ2.4/mobilenetv2/seed_42/rate_0.0
/home/yazanme/BachelorThesis/BachelorThesis/experiments/RQ2.4/mobilenetv2/seed_42/rate_1.0
Anzahl: 6
