=========================================
1. SLURM ALLOKATIONS-INFO
=========================================
Job ID: 4878
Ausfuehrender Node: gpu01
Zugewiesene CPUs: 8
Zugewiesener Speicher: 32768 MB
Zugewiesene GPUs: 3
Zugewiesene GPUs ueber CUDA: 0
0, NVIDIA L40S, 46068 MiB, 535.309.01

Zeitzonen-Check -> Node-Uhr (UTC): 2026-08-02 16:24:21 UTC
Zeitzonen-Check -> korrigiert    : 2026-08-02 18:24:21 CEST

Python: /home/yazanme/miniforge3/envs/venv/bin/python
Version: Python 3.12.13

Forschungsfrage:  RQ2.4
Modell:           resnet18
Trainings-Config: /home/yazanme/BachelorThesis/BachelorThesis/src/yaml/rq2/rq2_4/rq2_4_train_resnet18.yaml
Ausgabe:          /home/yazanme/BachelorThesis/BachelorThesis/experiments/RQ2.4/resnet18

Startzeit: 2026-08-02 18:24:21 CEST

Starting main script...
Config: /home/yazanme/BachelorThesis/BachelorThesis/src/yaml/rq2/rq2_4/rq2_4_train_resnet18.yaml
Experiment: rq=RQ2.4 model=resnet18 rates=[0.0, 1.0]
Defense: none | Seeds: [42, 2001, 2026] | Attacks: (Einzelarm)
Set float32 matmul precision to: high
Initializing PyTorch and checking CUDA...
Set cudnn.benchmark to: True
Using device: cuda
Initializing base loaders...
Loading validation data from /home/yazanme/BachelorThesis/BachelorThesis/data/processed/resisc45/val.h5... (in_memory=True, workers=6)
Loading test data from /home/yazanme/BachelorThesis/BachelorThesis/data/processed/resisc45/test.h5... (in_memory=True, workers=6)
Starting experiment run...
Loading train data from /home/yazanme/BachelorThesis/BachelorThesis/data/processed/resisc45/train.h5... (in_memory=True, workers=6)
Testing torch.compile support...
Successfully compiled model using torch.compile.
Epoch 001 | Seed 42 | Rate 0.00 | Train Loss: 2.6069 | Val Loss: 2.0780 | Acc (clean): 0.2928 | Acc (poison): 0.2928 | Val Acc: 0.3963 | Time: 00:01:16
Epoch 002 | Seed 42 | Rate 0.00 | Train Loss: 1.7481 | Val Loss: 2.1303 | Acc (clean): 0.4872 | Acc (poison): 0.4872 | Val Acc: 0.4022 | Time: 00:00:09
Epoch 003 | Seed 42 | Rate 0.00 | Train Loss: 1.4220 | Val Loss: 2.1837 | Acc (clean): 0.5798 | Acc (poison): 0.5798 | Val Acc: 0.3930 | Time: 00:00:08
Epoch 004 | Seed 42 | Rate 0.00 | Train Loss: 1.1964 | Val Loss: 1.7442 | Acc (clean): 0.6393 | Acc (poison): 0.6393 | Val Acc: 0.5259 | Time: 00:00:09
Epoch 005 | Seed 42 | Rate 0.00 | Train Loss: 1.0277 | Val Loss: 1.2881 | Acc (clean): 0.6868 | Acc (poison): 0.6868 | Val Acc: 0.6204 | Time: 00:00:09
Epoch 006 | Seed 42 | Rate 0.00 | Train Loss: 0.8656 | Val Loss: 1.0440 | Acc (clean): 0.7311 | Acc (poison): 0.7311 | Val Acc: 0.6859 | Time: 00:00:09
Epoch 007 | Seed 42 | Rate 0.00 | Train Loss: 0.7380 | Val Loss: 1.1094 | Acc (clean): 0.7690 | Acc (poison): 0.7690 | Val Acc: 0.6633 | Time: 00:00:09
Epoch 008 | Seed 42 | Rate 0.00 | Train Loss: 0.6497 | Val Loss: 1.2181 | Acc (clean): 0.7953 | Acc (poison): 0.7953 | Val Acc: 0.6437 | Time: 00:00:09
Epoch 009 | Seed 42 | Rate 0.00 | Train Loss: 0.5786 | Val Loss: 1.2672 | Acc (clean): 0.8152 | Acc (poison): 0.8152 | Val Acc: 0.6459 | Time: 00:00:09
Epoch 010 | Seed 42 | Rate 0.00 | Train Loss: 0.5267 | Val Loss: 0.8464 | Acc (clean): 0.8325 | Acc (poison): 0.8325 | Val Acc: 0.7389 | Time: 00:00:09
Epoch 011 | Seed 42 | Rate 0.00 | Train Loss: 0.4934 | Val Loss: 0.8312 | Acc (clean): 0.8430 | Acc (poison): 0.8430 | Val Acc: 0.7526 | Time: 00:00:09
Epoch 012 | Seed 42 | Rate 0.00 | Train Loss: 0.4621 | Val Loss: 0.7790 | Acc (clean): 0.8530 | Acc (poison): 0.8530 | Val Acc: 0.7644 | Time: 00:00:09
Epoch 013 | Seed 42 | Rate 0.00 | Train Loss: 0.4404 | Val Loss: 0.7957 | Acc (clean): 0.8582 | Acc (poison): 0.8582 | Val Acc: 0.7489 | Time: 00:00:09
Epoch 014 | Seed 42 | Rate 0.00 | Train Loss: 0.4169 | Val Loss: 0.9230 | Acc (clean): 0.8667 | Acc (poison): 0.8667 | Val Acc: 0.7241 | Time: 00:00:09
Epoch 015 | Seed 42 | Rate 0.00 | Train Loss: 0.4027 | Val Loss: 0.5800 | Acc (clean): 0.8744 | Acc (poison): 0.8744 | Val Acc: 0.8126 | Time: 00:00:10
Epoch 016 | Seed 42 | Rate 0.00 | Train Loss: 0.3847 | Val Loss: 0.6900 | Acc (clean): 0.8767 | Acc (poison): 0.8767 | Val Acc: 0.7878 | Time: 00:00:09
Epoch 017 | Seed 42 | Rate 0.00 | Train Loss: 0.3746 | Val Loss: 0.8678 | Acc (clean): 0.8809 | Acc (poison): 0.8809 | Val Acc: 0.7552 | Time: 00:00:08
Epoch 018 | Seed 42 | Rate 0.00 | Train Loss: 0.3580 | Val Loss: 0.6165 | Acc (clean): 0.8864 | Acc (poison): 0.8864 | Val Acc: 0.8107 | Time: 00:00:09
Epoch 019 | Seed 42 | Rate 0.00 | Train Loss: 0.3447 | Val Loss: 1.1093 | Acc (clean): 0.8868 | Acc (poison): 0.8868 | Val Acc: 0.6944 | Time: 00:00:09
Epoch 020 | Seed 42 | Rate 0.00 | Train Loss: 0.3449 | Val Loss: 0.6534 | Acc (clean): 0.8887 | Acc (poison): 0.8887 | Val Acc: 0.8019 | Time: 00:00:09
Epoch 021 | Seed 42 | Rate 0.00 | Train Loss: 0.3357 | Val Loss: 0.7409 | Acc (clean): 0.8922 | Acc (poison): 0.8922 | Val Acc: 0.7748 | Time: 00:00:09
Epoch 022 | Seed 42 | Rate 0.00 | Train Loss: 0.3173 | Val Loss: 0.8226 | Acc (clean): 0.8977 | Acc (poison): 0.8977 | Val Acc: 0.7659 | Time: 00:00:09
Epoch 023 | Seed 42 | Rate 0.00 | Train Loss: 0.3220 | Val Loss: 0.6671 | Acc (clean): 0.8965 | Acc (poison): 0.8965 | Val Acc: 0.8007 | Time: 00:00:09
Epoch 024 | Seed 42 | Rate 0.00 | Train Loss: 0.3248 | Val Loss: 0.8798 | Acc (clean): 0.8961 | Acc (poison): 0.8961 | Val Acc: 0.7307 | Time: 00:00:08
Epoch 025 | Seed 42 | Rate 0.00 | Train Loss: 0.3157 | Val Loss: 0.8277 | Acc (clean): 0.8986 | Acc (poison): 0.8986 | Val Acc: 0.7593 | Time: 00:00:08
Epoch 026 | Seed 42 | Rate 0.00 | Train Loss: 0.2998 | Val Loss: 0.6335 | Acc (clean): 0.9033 | Acc (poison): 0.9033 | Val Acc: 0.8000 | Time: 00:00:09
Epoch 027 | Seed 42 | Rate 0.00 | Train Loss: 0.2993 | Val Loss: 0.6813 | Acc (clean): 0.9036 | Acc (poison): 0.9036 | Val Acc: 0.8093 | Time: 00:00:09
Epoch 028 | Seed 42 | Rate 0.00 | Train Loss: 0.2880 | Val Loss: 0.9330 | Acc (clean): 0.9071 | Acc (poison): 0.9071 | Val Acc: 0.7363 | Time: 00:00:09
Epoch 029 | Seed 42 | Rate 0.00 | Train Loss: 0.2869 | Val Loss: 0.8991 | Acc (clean): 0.9084 | Acc (poison): 0.9084 | Val Acc: 0.7430 | Time: 00:00:09
Epoch 030 | Seed 42 | Rate 0.00 | Train Loss: 0.2879 | Val Loss: 0.5230 | Acc (clean): 0.9074 | Acc (poison): 0.9074 | Val Acc: 0.8396 | Time: 00:00:09
Epoch 031 | Seed 42 | Rate 0.00 | Train Loss: 0.2907 | Val Loss: 0.7923 | Acc (clean): 0.9081 | Acc (poison): 0.9081 | Val Acc: 0.7781 | Time: 00:00:09
Epoch 032 | Seed 42 | Rate 0.00 | Train Loss: 0.2767 | Val Loss: 0.7772 | Acc (clean): 0.9127 | Acc (poison): 0.9127 | Val Acc: 0.7785 | Time: 00:00:09
Epoch 033 | Seed 42 | Rate 0.00 | Train Loss: 0.2681 | Val Loss: 0.6457 | Acc (clean): 0.9147 | Acc (poison): 0.9147 | Val Acc: 0.8041 | Time: 00:00:09
Epoch 034 | Seed 42 | Rate 0.00 | Train Loss: 0.2674 | Val Loss: 0.6461 | Acc (clean): 0.9146 | Acc (poison): 0.9146 | Val Acc: 0.8093 | Time: 00:00:09
Epoch 035 | Seed 42 | Rate 0.00 | Train Loss: 0.2693 | Val Loss: 0.7905 | Acc (clean): 0.9136 | Acc (poison): 0.9136 | Val Acc: 0.7600 | Time: 00:00:09
Epoch 036 | Seed 42 | Rate 0.00 | Train Loss: 0.2655 | Val Loss: 0.8675 | Acc (clean): 0.9169 | Acc (poison): 0.9169 | Val Acc: 0.7607 | Time: 00:00:09
Epoch 037 | Seed 42 | Rate 0.00 | Train Loss: 0.2732 | Val Loss: 1.1142 | Acc (clean): 0.9132 | Acc (poison): 0.9132 | Val Acc: 0.7126 | Time: 00:00:09
Epoch 038 | Seed 42 | Rate 0.00 | Train Loss: 0.2673 | Val Loss: 0.6299 | Acc (clean): 0.9154 | Acc (poison): 0.9154 | Val Acc: 0.8167 | Time: 00:00:09
Epoch 039 | Seed 42 | Rate 0.00 | Train Loss: 0.2463 | Val Loss: 0.7943 | Acc (clean): 0.9223 | Acc (poison): 0.9223 | Val Acc: 0.7841 | Time: 00:00:09
Epoch 040 | Seed 42 | Rate 0.00 | Train Loss: 0.2558 | Val Loss: 0.7103 | Acc (clean): 0.9176 | Acc (poison): 0.9176 | Val Acc: 0.7985 | Time: 00:00:09
Epoch 041 | Seed 42 | Rate 0.00 | Train Loss: 0.2715 | Val Loss: 0.6396 | Acc (clean): 0.9106 | Acc (poison): 0.9106 | Val Acc: 0.8015 | Time: 00:00:09
Epoch 042 | Seed 42 | Rate 0.00 | Train Loss: 0.2546 | Val Loss: 0.7490 | Acc (clean): 0.9187 | Acc (poison): 0.9187 | Val Acc: 0.7870 | Time: 00:00:09
Epoch 043 | Seed 42 | Rate 0.00 | Train Loss: 0.2522 | Val Loss: 0.7072 | Acc (clean): 0.9195 | Acc (poison): 0.9195 | Val Acc: 0.7985 | Time: 00:00:09
Epoch 044 | Seed 42 | Rate 0.00 | Train Loss: 0.2406 | Val Loss: 0.6558 | Acc (clean): 0.9233 | Acc (poison): 0.9233 | Val Acc: 0.8096 | Time: 00:00:09
Epoch 045 | Seed 42 | Rate 0.00 | Train Loss: 0.2348 | Val Loss: 0.7524 | Acc (clean): 0.9262 | Acc (poison): 0.9262 | Val Acc: 0.7919 | Time: 00:00:09
Epoch 046 | Seed 42 | Rate 0.00 | Train Loss: 0.2524 | Val Loss: 0.7632 | Acc (clean): 0.9210 | Acc (poison): 0.9210 | Val Acc: 0.7826 | Time: 00:00:09
Epoch 047 | Seed 42 | Rate 0.00 | Train Loss: 0.2428 | Val Loss: 0.5798 | Acc (clean): 0.9244 | Acc (poison): 0.9244 | Val Acc: 0.8363 | Time: 00:00:08
Epoch 048 | Seed 42 | Rate 0.00 | Train Loss: 0.2555 | Val Loss: 0.8907 | Acc (clean): 0.9181 | Acc (poison): 0.9181 | Val Acc: 0.7419 | Time: 00:00:08
Epoch 049 | Seed 42 | Rate 0.00 | Train Loss: 0.2437 | Val Loss: 0.5934 | Acc (clean): 0.9220 | Acc (poison): 0.9220 | Val Acc: 0.8285 | Time: 00:00:08
Epoch 050 | Seed 42 | Rate 0.00 | Train Loss: 0.2411 | Val Loss: 0.7469 | Acc (clean): 0.9237 | Acc (poison): 0.9237 | Val Acc: 0.7756 | Time: 00:00:09
Epoch 051 | Seed 42 | Rate 0.00 | Train Loss: 0.1033 | Val Loss: 0.2426 | Acc (clean): 0.9712 | Acc (poison): 0.9712 | Val Acc: 0.9230 | Time: 00:00:09
Epoch 052 | Seed 42 | Rate 0.00 | Train Loss: 0.0564 | Val Loss: 0.2388 | Acc (clean): 0.9867 | Acc (poison): 0.9867 | Val Acc: 0.9248 | Time: 00:00:09
Epoch 053 | Seed 42 | Rate 0.00 | Train Loss: 0.0446 | Val Loss: 0.2295 | Acc (clean): 0.9911 | Acc (poison): 0.9911 | Val Acc: 0.9281 | Time: 00:00:09
Epoch 054 | Seed 42 | Rate 0.00 | Train Loss: 0.0388 | Val Loss: 0.2239 | Acc (clean): 0.9928 | Acc (poison): 0.9928 | Val Acc: 0.9319 | Time: 00:00:09
Epoch 055 | Seed 42 | Rate 0.00 | Train Loss: 0.0355 | Val Loss: 0.2185 | Acc (clean): 0.9930 | Acc (poison): 0.9930 | Val Acc: 0.9311 | Time: 00:00:09
Epoch 056 | Seed 42 | Rate 0.00 | Train Loss: 0.0309 | Val Loss: 0.2231 | Acc (clean): 0.9944 | Acc (poison): 0.9944 | Val Acc: 0.9274 | Time: 00:00:08
Epoch 057 | Seed 42 | Rate 0.00 | Train Loss: 0.0288 | Val Loss: 0.2216 | Acc (clean): 0.9951 | Acc (poison): 0.9951 | Val Acc: 0.9267 | Time: 00:00:09
Epoch 058 | Seed 42 | Rate 0.00 | Train Loss: 0.0256 | Val Loss: 0.2219 | Acc (clean): 0.9958 | Acc (poison): 0.9958 | Val Acc: 0.9296 | Time: 00:00:09
Epoch 059 | Seed 42 | Rate 0.00 | Train Loss: 0.0242 | Val Loss: 0.2205 | Acc (clean): 0.9960 | Acc (poison): 0.9960 | Val Acc: 0.9281 | Time: 00:00:09
Epoch 060 | Seed 42 | Rate 0.00 | Train Loss: 0.0220 | Val Loss: 0.2232 | Acc (clean): 0.9971 | Acc (poison): 0.9971 | Val Acc: 0.9293 | Time: 00:00:09
Epoch 061 | Seed 42 | Rate 0.00 | Train Loss: 0.0232 | Val Loss: 0.2274 | Acc (clean): 0.9963 | Acc (poison): 0.9963 | Val Acc: 0.9259 | Time: 00:00:09
Epoch 062 | Seed 42 | Rate 0.00 | Train Loss: 0.0181 | Val Loss: 0.2242 | Acc (clean): 0.9978 | Acc (poison): 0.9978 | Val Acc: 0.9285 | Time: 00:00:09
Epoch 063 | Seed 42 | Rate 0.00 | Train Loss: 0.0196 | Val Loss: 0.2274 | Acc (clean): 0.9972 | Acc (poison): 0.9972 | Val Acc: 0.9326 | Time: 00:00:08
Epoch 064 | Seed 42 | Rate 0.00 | Train Loss: 0.0182 | Val Loss: 0.2140 | Acc (clean): 0.9977 | Acc (poison): 0.9977 | Val Acc: 0.9348 | Time: 00:00:09
Epoch 065 | Seed 42 | Rate 0.00 | Train Loss: 0.0172 | Val Loss: 0.2231 | Acc (clean): 0.9981 | Acc (poison): 0.9981 | Val Acc: 0.9293 | Time: 00:00:09
Epoch 066 | Seed 42 | Rate 0.00 | Train Loss: 0.0169 | Val Loss: 0.2234 | Acc (clean): 0.9980 | Acc (poison): 0.9980 | Val Acc: 0.9330 | Time: 00:00:09
Epoch 067 | Seed 42 | Rate 0.00 | Train Loss: 0.0154 | Val Loss: 0.2218 | Acc (clean): 0.9985 | Acc (poison): 0.9985 | Val Acc: 0.9330 | Time: 00:00:09
Epoch 068 | Seed 42 | Rate 0.00 | Train Loss: 0.0154 | Val Loss: 0.2198 | Acc (clean): 0.9987 | Acc (poison): 0.9987 | Val Acc: 0.9322 | Time: 00:00:09
Epoch 069 | Seed 42 | Rate 0.00 | Train Loss: 0.0154 | Val Loss: 0.2223 | Acc (clean): 0.9981 | Acc (poison): 0.9981 | Val Acc: 0.9326 | Time: 00:00:09
Epoch 070 | Seed 42 | Rate 0.00 | Train Loss: 0.0166 | Val Loss: 0.2177 | Acc (clean): 0.9979 | Acc (poison): 0.9979 | Val Acc: 0.9344 | Time: 00:00:09
Epoch 071 | Seed 42 | Rate 0.00 | Train Loss: 0.0139 | Val Loss: 0.2206 | Acc (clean): 0.9991 | Acc (poison): 0.9991 | Val Acc: 0.9319 | Time: 00:00:08
Epoch 072 | Seed 42 | Rate 0.00 | Train Loss: 0.0134 | Val Loss: 0.2180 | Acc (clean): 0.9991 | Acc (poison): 0.9991 | Val Acc: 0.9352 | Time: 00:00:09
Epoch 073 | Seed 42 | Rate 0.00 | Train Loss: 0.0129 | Val Loss: 0.2337 | Acc (clean): 0.9990 | Acc (poison): 0.9990 | Val Acc: 0.9300 | Time: 00:00:09
Epoch 074 | Seed 42 | Rate 0.00 | Train Loss: 0.0128 | Val Loss: 0.2232 | Acc (clean): 0.9990 | Acc (poison): 0.9990 | Val Acc: 0.9285 | Time: 00:00:09
Epoch 075 | Seed 42 | Rate 0.00 | Train Loss: 0.0125 | Val Loss: 0.2191 | Acc (clean): 0.9994 | Acc (poison): 0.9994 | Val Acc: 0.9315 | Time: 00:00:09
Epoch 076 | Seed 42 | Rate 0.00 | Train Loss: 0.0111 | Val Loss: 0.2188 | Acc (clean): 0.9994 | Acc (poison): 0.9994 | Val Acc: 0.9319 | Time: 00:00:09
Epoch 077 | Seed 42 | Rate 0.00 | Train Loss: 0.0107 | Val Loss: 0.2157 | Acc (clean): 0.9995 | Acc (poison): 0.9995 | Val Acc: 0.9326 | Time: 00:00:09
Epoch 078 | Seed 42 | Rate 0.00 | Train Loss: 0.0116 | Val Loss: 0.2181 | Acc (clean): 0.9991 | Acc (poison): 0.9991 | Val Acc: 0.9330 | Time: 00:00:09
Epoch 079 | Seed 42 | Rate 0.00 | Train Loss: 0.0110 | Val Loss: 0.2165 | Acc (clean): 0.9994 | Acc (poison): 0.9994 | Val Acc: 0.9341 | Time: 00:00:09
Epoch 080 | Seed 42 | Rate 0.00 | Train Loss: 0.0110 | Val Loss: 0.2206 | Acc (clean): 0.9993 | Acc (poison): 0.9993 | Val Acc: 0.9315 | Time: 00:00:09
Epoch 081 | Seed 42 | Rate 0.00 | Train Loss: 0.0105 | Val Loss: 0.2178 | Acc (clean): 0.9995 | Acc (poison): 0.9995 | Val Acc: 0.9337 | Time: 00:00:09
Epoch 082 | Seed 42 | Rate 0.00 | Train Loss: 0.0109 | Val Loss: 0.2153 | Acc (clean): 0.9993 | Acc (poison): 0.9993 | Val Acc: 0.9341 | Time: 00:00:09
Epoch 083 | Seed 42 | Rate 0.00 | Train Loss: 0.0102 | Val Loss: 0.2137 | Acc (clean): 0.9996 | Acc (poison): 0.9996 | Val Acc: 0.9322 | Time: 00:00:09
Epoch 084 | Seed 42 | Rate 0.00 | Train Loss: 0.0103 | Val Loss: 0.2169 | Acc (clean): 0.9995 | Acc (poison): 0.9995 | Val Acc: 0.9337 | Time: 00:00:09
Epoch 085 | Seed 42 | Rate 0.00 | Train Loss: 0.0109 | Val Loss: 0.2173 | Acc (clean): 0.9995 | Acc (poison): 0.9995 | Val Acc: 0.9330 | Time: 00:00:09
Epoch 086 | Seed 42 | Rate 0.00 | Train Loss: 0.0105 | Val Loss: 0.2168 | Acc (clean): 0.9994 | Acc (poison): 0.9994 | Val Acc: 0.9322 | Time: 00:00:09
Epoch 087 | Seed 42 | Rate 0.00 | Train Loss: 0.0105 | Val Loss: 0.2186 | Acc (clean): 0.9995 | Acc (poison): 0.9995 | Val Acc: 0.9319 | Time: 00:00:08
Epoch 088 | Seed 42 | Rate 0.00 | Train Loss: 0.0105 | Val Loss: 0.2189 | Acc (clean): 0.9993 | Acc (poison): 0.9993 | Val Acc: 0.9330 | Time: 00:00:09
Epoch 089 | Seed 42 | Rate 0.00 | Train Loss: 0.0109 | Val Loss: 0.2214 | Acc (clean): 0.9993 | Acc (poison): 0.9993 | Val Acc: 0.9344 | Time: 00:00:09
Epoch 090 | Seed 42 | Rate 0.00 | Train Loss: 0.0102 | Val Loss: 0.2197 | Acc (clean): 0.9997 | Acc (poison): 0.9997 | Val Acc: 0.9344 | Time: 00:00:09
Epoch 091 | Seed 42 | Rate 0.00 | Train Loss: 0.0107 | Val Loss: 0.2206 | Acc (clean): 0.9993 | Acc (poison): 0.9993 | Val Acc: 0.9300 | Time: 00:00:09
Epoch 092 | Seed 42 | Rate 0.00 | Train Loss: 0.0106 | Val Loss: 0.2177 | Acc (clean): 0.9994 | Acc (poison): 0.9994 | Val Acc: 0.9322 | Time: 00:00:09
Epoch 093 | Seed 42 | Rate 0.00 | Train Loss: 0.0098 | Val Loss: 0.2183 | Acc (clean): 0.9997 | Acc (poison): 0.9997 | Val Acc: 0.9344 | Time: 00:00:09
Epoch 094 | Seed 42 | Rate 0.00 | Train Loss: 0.0103 | Val Loss: 0.2192 | Acc (clean): 0.9996 | Acc (poison): 0.9996 | Val Acc: 0.9330 | Time: 00:00:09
Epoch 095 | Seed 42 | Rate 0.00 | Train Loss: 0.0102 | Val Loss: 0.2228 | Acc (clean): 0.9995 | Acc (poison): 0.9995 | Val Acc: 0.9337 | Time: 00:00:09
Epoch 096 | Seed 42 | Rate 0.00 | Train Loss: 0.0103 | Val Loss: 0.2170 | Acc (clean): 0.9994 | Acc (poison): 0.9994 | Val Acc: 0.9333 | Time: 00:00:09
Epoch 097 | Seed 42 | Rate 0.00 | Train Loss: 0.0099 | Val Loss: 0.2212 | Acc (clean): 0.9996 | Acc (poison): 0.9996 | Val Acc: 0.9348 | Time: 00:00:09
Epoch 098 | Seed 42 | Rate 0.00 | Train Loss: 0.0097 | Val Loss: 0.2168 | Acc (clean): 0.9998 | Acc (poison): 0.9998 | Val Acc: 0.9359 | Time: 00:00:09
Epoch 099 | Seed 42 | Rate 0.00 | Train Loss: 0.0096 | Val Loss: 0.2188 | Acc (clean): 0.9999 | Acc (poison): 0.9999 | Val Acc: 0.9333 | Time: 00:00:09
Epoch 100 | Seed 42 | Rate 0.00 | Train Loss: 0.0095 | Val Loss: 0.2234 | Acc (clean): 0.9997 | Acc (poison): 0.9997 | Val Acc: 0.9326 | Time: 00:00:09
Loading train data from /home/yazanme/BachelorThesis/BachelorThesis/data/processed/resisc45/train.h5 with mapping /home/yazanme/BachelorThesis/BachelorThesis/data/processed/resisc45/poisoned/RQ2.4/seed_42/labels.pt... (in_memory=True, workers=6)
Testing torch.compile support...
Successfully compiled model using torch.compile.
Epoch 001 | Seed 42 | Rate 1.00 | Train Loss: 2.7255 | Val Loss: 2.1659 | Acc (clean): 0.2679 | Acc (poison): 0.2701 | Val Acc: 0.3678 | Time: 00:00:10
Epoch 002 | Seed 42 | Rate 1.00 | Train Loss: 1.8236 | Val Loss: 2.0108 | Acc (clean): 0.4688 | Acc (poison): 0.4725 | Val Acc: 0.4274 | Time: 00:00:08
Epoch 003 | Seed 42 | Rate 1.00 | Train Loss: 1.4764 | Val Loss: 1.4886 | Acc (clean): 0.5527 | Acc (poison): 0.5582 | Val Acc: 0.5493 | Time: 00:00:10
Epoch 004 | Seed 42 | Rate 1.00 | Train Loss: 1.2392 | Val Loss: 1.6919 | Acc (clean): 0.6193 | Acc (poison): 0.6247 | Val Acc: 0.5148 | Time: 00:00:08
Epoch 005 | Seed 42 | Rate 1.00 | Train Loss: 1.0510 | Val Loss: 1.2986 | Acc (clean): 0.6705 | Acc (poison): 0.6769 | Val Acc: 0.6233 | Time: 00:00:09
Epoch 006 | Seed 42 | Rate 1.00 | Train Loss: 0.9042 | Val Loss: 1.3372 | Acc (clean): 0.7138 | Acc (poison): 0.7201 | Val Acc: 0.6241 | Time: 00:00:08
Epoch 007 | Seed 42 | Rate 1.00 | Train Loss: 0.7661 | Val Loss: 1.1236 | Acc (clean): 0.7523 | Acc (poison): 0.7603 | Val Acc: 0.6674 | Time: 00:00:09
Epoch 008 | Seed 42 | Rate 1.00 | Train Loss: 0.6736 | Val Loss: 0.8003 | Acc (clean): 0.7793 | Acc (poison): 0.7865 | Val Acc: 0.7548 | Time: 00:00:08
Epoch 009 | Seed 42 | Rate 1.00 | Train Loss: 0.5881 | Val Loss: 0.9986 | Acc (clean): 0.8070 | Acc (poison): 0.8137 | Val Acc: 0.7096 | Time: 00:00:08
Epoch 010 | Seed 42 | Rate 1.00 | Train Loss: 0.5263 | Val Loss: 1.1586 | Acc (clean): 0.8235 | Acc (poison): 0.8313 | Val Acc: 0.6770 | Time: 00:00:08
Epoch 011 | Seed 42 | Rate 1.00 | Train Loss: 0.4894 | Val Loss: 0.9816 | Acc (clean): 0.8367 | Acc (poison): 0.8445 | Val Acc: 0.7137 | Time: 00:00:08
Epoch 012 | Seed 42 | Rate 1.00 | Train Loss: 0.4534 | Val Loss: 0.6078 | Acc (clean): 0.8474 | Acc (poison): 0.8552 | Val Acc: 0.8074 | Time: 00:00:08
Epoch 013 | Seed 42 | Rate 1.00 | Train Loss: 0.4228 | Val Loss: 0.8353 | Acc (clean): 0.8581 | Acc (poison): 0.8660 | Val Acc: 0.7511 | Time: 00:00:08
Epoch 014 | Seed 42 | Rate 1.00 | Train Loss: 0.4006 | Val Loss: 0.8709 | Acc (clean): 0.8616 | Acc (poison): 0.8696 | Val Acc: 0.7411 | Time: 00:00:08
Epoch 015 | Seed 42 | Rate 1.00 | Train Loss: 0.3812 | Val Loss: 0.8842 | Acc (clean): 0.8697 | Acc (poison): 0.8773 | Val Acc: 0.7422 | Time: 00:00:08
Epoch 016 | Seed 42 | Rate 1.00 | Train Loss: 0.3741 | Val Loss: 0.7446 | Acc (clean): 0.8722 | Acc (poison): 0.8813 | Val Acc: 0.7770 | Time: 00:00:08
Epoch 017 | Seed 42 | Rate 1.00 | Train Loss: 0.3386 | Val Loss: 0.6499 | Acc (clean): 0.8807 | Acc (poison): 0.8886 | Val Acc: 0.8026 | Time: 00:00:08
Epoch 018 | Seed 42 | Rate 1.00 | Train Loss: 0.3482 | Val Loss: 0.7198 | Acc (clean): 0.8797 | Acc (poison): 0.8878 | Val Acc: 0.7952 | Time: 00:00:08
Epoch 019 | Seed 42 | Rate 1.00 | Train Loss: 0.3260 | Val Loss: 0.8061 | Acc (clean): 0.8847 | Acc (poison): 0.8933 | Val Acc: 0.7681 | Time: 00:00:08
Epoch 020 | Seed 42 | Rate 1.00 | Train Loss: 0.3143 | Val Loss: 0.7435 | Acc (clean): 0.8896 | Acc (poison): 0.8983 | Val Acc: 0.7819 | Time: 00:00:08
Epoch 021 | Seed 42 | Rate 1.00 | Train Loss: 0.3090 | Val Loss: 0.6343 | Acc (clean): 0.8923 | Acc (poison): 0.9008 | Val Acc: 0.8189 | Time: 00:00:08
Epoch 022 | Seed 42 | Rate 1.00 | Train Loss: 0.2976 | Val Loss: 0.7243 | Acc (clean): 0.8957 | Acc (poison): 0.9037 | Val Acc: 0.7889 | Time: 00:00:08
Epoch 023 | Seed 42 | Rate 1.00 | Train Loss: 0.3011 | Val Loss: 0.8612 | Acc (clean): 0.8951 | Acc (poison): 0.9027 | Val Acc: 0.7548 | Time: 00:00:08
Epoch 024 | Seed 42 | Rate 1.00 | Train Loss: 0.2928 | Val Loss: 0.6852 | Acc (clean): 0.8992 | Acc (poison): 0.9074 | Val Acc: 0.7959 | Time: 00:00:08
Epoch 025 | Seed 42 | Rate 1.00 | Train Loss: 0.2869 | Val Loss: 0.7095 | Acc (clean): 0.9006 | Acc (poison): 0.9093 | Val Acc: 0.7859 | Time: 00:00:08
Epoch 026 | Seed 42 | Rate 1.00 | Train Loss: 0.2822 | Val Loss: 0.6639 | Acc (clean): 0.8997 | Acc (poison): 0.9075 | Val Acc: 0.8078 | Time: 00:00:08
Epoch 027 | Seed 42 | Rate 1.00 | Train Loss: 0.2659 | Val Loss: 0.6846 | Acc (clean): 0.9067 | Acc (poison): 0.9144 | Val Acc: 0.7985 | Time: 00:00:08
Epoch 028 | Seed 42 | Rate 1.00 | Train Loss: 0.2768 | Val Loss: 0.7505 | Acc (clean): 0.9030 | Acc (poison): 0.9119 | Val Acc: 0.7859 | Time: 00:00:08
Epoch 029 | Seed 42 | Rate 1.00 | Train Loss: 0.2664 | Val Loss: 0.6068 | Acc (clean): 0.9043 | Acc (poison): 0.9135 | Val Acc: 0.8267 | Time: 00:00:08
Epoch 030 | Seed 42 | Rate 1.00 | Train Loss: 0.2651 | Val Loss: 0.8671 | Acc (clean): 0.9051 | Acc (poison): 0.9132 | Val Acc: 0.7641 | Time: 00:00:08
Epoch 031 | Seed 42 | Rate 1.00 | Train Loss: 0.2509 | Val Loss: 0.6502 | Acc (clean): 0.9118 | Acc (poison): 0.9197 | Val Acc: 0.8156 | Time: 00:00:08
Epoch 032 | Seed 42 | Rate 1.00 | Train Loss: 0.2551 | Val Loss: 0.6846 | Acc (clean): 0.9096 | Acc (poison): 0.9181 | Val Acc: 0.8115 | Time: 00:00:08
Epoch 033 | Seed 42 | Rate 1.00 | Train Loss: 0.2486 | Val Loss: 0.5621 | Acc (clean): 0.9122 | Acc (poison): 0.9209 | Val Acc: 0.8330 | Time: 00:00:10
Epoch 034 | Seed 42 | Rate 1.00 | Train Loss: 0.2356 | Val Loss: 0.6972 | Acc (clean): 0.9139 | Acc (poison): 0.9228 | Val Acc: 0.8078 | Time: 00:00:08
Epoch 035 | Seed 42 | Rate 1.00 | Train Loss: 0.2521 | Val Loss: 0.7767 | Acc (clean): 0.9104 | Acc (poison): 0.9189 | Val Acc: 0.7900 | Time: 00:00:08
Epoch 036 | Seed 42 | Rate 1.00 | Train Loss: 0.2421 | Val Loss: 0.7593 | Acc (clean): 0.9152 | Acc (poison): 0.9241 | Val Acc: 0.7900 | Time: 00:00:08
Epoch 037 | Seed 42 | Rate 1.00 | Train Loss: 0.2488 | Val Loss: 0.7550 | Acc (clean): 0.9116 | Acc (poison): 0.9198 | Val Acc: 0.7944 | Time: 00:00:08
Epoch 038 | Seed 42 | Rate 1.00 | Train Loss: 0.2516 | Val Loss: 0.6124 | Acc (clean): 0.9104 | Acc (poison): 0.9191 | Val Acc: 0.8226 | Time: 00:00:08
Epoch 039 | Seed 42 | Rate 1.00 | Train Loss: 0.2306 | Val Loss: 0.5969 | Acc (clean): 0.9170 | Acc (poison): 0.9253 | Val Acc: 0.8167 | Time: 00:00:08
Epoch 040 | Seed 42 | Rate 1.00 | Train Loss: 0.2272 | Val Loss: 0.6888 | Acc (clean): 0.9198 | Acc (poison): 0.9279 | Val Acc: 0.8100 | Time: 00:00:08
Epoch 041 | Seed 42 | Rate 1.00 | Train Loss: 0.2318 | Val Loss: 0.6001 | Acc (clean): 0.9184 | Acc (poison): 0.9260 | Val Acc: 0.8344 | Time: 00:00:08
Epoch 042 | Seed 42 | Rate 1.00 | Train Loss: 0.2382 | Val Loss: 0.6015 | Acc (clean): 0.9143 | Acc (poison): 0.9227 | Val Acc: 0.8274 | Time: 00:00:08
Epoch 043 | Seed 42 | Rate 1.00 | Train Loss: 0.2307 | Val Loss: 0.8227 | Acc (clean): 0.9172 | Acc (poison): 0.9262 | Val Acc: 0.7511 | Time: 00:00:08
Epoch 044 | Seed 42 | Rate 1.00 | Train Loss: 0.2295 | Val Loss: 0.7101 | Acc (clean): 0.9186 | Acc (poison): 0.9265 | Val Acc: 0.7974 | Time: 00:00:08
Epoch 045 | Seed 42 | Rate 1.00 | Train Loss: 0.2266 | Val Loss: 0.6195 | Acc (clean): 0.9187 | Acc (poison): 0.9269 | Val Acc: 0.8230 | Time: 00:00:08
Epoch 046 | Seed 42 | Rate 1.00 | Train Loss: 0.2176 | Val Loss: 0.7358 | Acc (clean): 0.9229 | Acc (poison): 0.9320 | Val Acc: 0.7856 | Time: 00:00:08
Epoch 047 | Seed 42 | Rate 1.00 | Train Loss: 0.2303 | Val Loss: 0.5957 | Acc (clean): 0.9184 | Acc (poison): 0.9269 | Val Acc: 0.8263 | Time: 00:00:08
Epoch 048 | Seed 42 | Rate 1.00 | Train Loss: 0.2138 | Val Loss: 0.5964 | Acc (clean): 0.9239 | Acc (poison): 0.9325 | Val Acc: 0.8281 | Time: 00:00:08
Epoch 049 | Seed 42 | Rate 1.00 | Train Loss: 0.2267 | Val Loss: 0.7248 | Acc (clean): 0.9185 | Acc (poison): 0.9274 | Val Acc: 0.7807 | Time: 00:00:08
Epoch 050 | Seed 42 | Rate 1.00 | Train Loss: 0.2218 | Val Loss: 0.5721 | Acc (clean): 0.9221 | Acc (poison): 0.9310 | Val Acc: 0.8248 | Time: 00:00:08
Epoch 051 | Seed 42 | Rate 1.00 | Train Loss: 0.0836 | Val Loss: 0.2725 | Acc (clean): 0.9690 | Acc (poison): 0.9785 | Val Acc: 0.9174 | Time: 00:00:09
Epoch 052 | Seed 42 | Rate 1.00 | Train Loss: 0.0455 | Val Loss: 0.2515 | Acc (clean): 0.9802 | Acc (poison): 0.9902 | Val Acc: 0.9293 | Time: 00:00:11
Epoch 053 | Seed 42 | Rate 1.00 | Train Loss: 0.0359 | Val Loss: 0.2462 | Acc (clean): 0.9833 | Acc (poison): 0.9934 | Val Acc: 0.9274 | Time: 00:00:10
Epoch 054 | Seed 42 | Rate 1.00 | Train Loss: 0.0310 | Val Loss: 0.2390 | Acc (clean): 0.9847 | Acc (poison): 0.9949 | Val Acc: 0.9289 | Time: 00:00:10
Epoch 055 | Seed 42 | Rate 1.00 | Train Loss: 0.0277 | Val Loss: 0.2394 | Acc (clean): 0.9852 | Acc (poison): 0.9952 | Val Acc: 0.9304 | Time: 00:00:08
Epoch 056 | Seed 42 | Rate 1.00 | Train Loss: 0.0263 | Val Loss: 0.2294 | Acc (clean): 0.9858 | Acc (poison): 0.9959 | Val Acc: 0.9330 | Time: 00:00:10
Epoch 057 | Seed 42 | Rate 1.00 | Train Loss: 0.0228 | Val Loss: 0.2337 | Acc (clean): 0.9868 | Acc (poison): 0.9973 | Val Acc: 0.9307 | Time: 00:00:08
Epoch 058 | Seed 42 | Rate 1.00 | Train Loss: 0.0211 | Val Loss: 0.2315 | Acc (clean): 0.9872 | Acc (poison): 0.9976 | Val Acc: 0.9326 | Time: 00:00:08
Epoch 059 | Seed 42 | Rate 1.00 | Train Loss: 0.0206 | Val Loss: 0.2353 | Acc (clean): 0.9871 | Acc (poison): 0.9972 | Val Acc: 0.9311 | Time: 00:00:08
Epoch 060 | Seed 42 | Rate 1.00 | Train Loss: 0.0194 | Val Loss: 0.2392 | Acc (clean): 0.9874 | Acc (poison): 0.9977 | Val Acc: 0.9300 | Time: 00:00:08
Epoch 061 | Seed 42 | Rate 1.00 | Train Loss: 0.0182 | Val Loss: 0.2334 | Acc (clean): 0.9876 | Acc (poison): 0.9976 | Val Acc: 0.9333 | Time: 00:00:08
Epoch 062 | Seed 42 | Rate 1.00 | Train Loss: 0.0179 | Val Loss: 0.2392 | Acc (clean): 0.9878 | Acc (poison): 0.9980 | Val Acc: 0.9311 | Time: 00:00:08
Epoch 063 | Seed 42 | Rate 1.00 | Train Loss: 0.0154 | Val Loss: 0.2348 | Acc (clean): 0.9880 | Acc (poison): 0.9986 | Val Acc: 0.9337 | Time: 00:00:08
Epoch 064 | Seed 42 | Rate 1.00 | Train Loss: 0.0165 | Val Loss: 0.2407 | Acc (clean): 0.9879 | Acc (poison): 0.9980 | Val Acc: 0.9322 | Time: 00:00:08
Epoch 065 | Seed 42 | Rate 1.00 | Train Loss: 0.0152 | Val Loss: 0.2381 | Acc (clean): 0.9883 | Acc (poison): 0.9988 | Val Acc: 0.9333 | Time: 00:00:08
Epoch 066 | Seed 42 | Rate 1.00 | Train Loss: 0.0157 | Val Loss: 0.2372 | Acc (clean): 0.9881 | Acc (poison): 0.9983 | Val Acc: 0.9322 | Time: 00:00:08
Epoch 067 | Seed 42 | Rate 1.00 | Train Loss: 0.0139 | Val Loss: 0.2358 | Acc (clean): 0.9881 | Acc (poison): 0.9989 | Val Acc: 0.9333 | Time: 00:00:08
Epoch 068 | Seed 42 | Rate 1.00 | Train Loss: 0.0142 | Val Loss: 0.2289 | Acc (clean): 0.9882 | Acc (poison): 0.9987 | Val Acc: 0.9307 | Time: 00:00:09
Epoch 069 | Seed 42 | Rate 1.00 | Train Loss: 0.0138 | Val Loss: 0.2329 | Acc (clean): 0.9886 | Acc (poison): 0.9993 | Val Acc: 0.9352 | Time: 00:00:08
Epoch 070 | Seed 42 | Rate 1.00 | Train Loss: 0.0138 | Val Loss: 0.2364 | Acc (clean): 0.9884 | Acc (poison): 0.9988 | Val Acc: 0.9344 | Time: 00:00:08
Epoch 071 | Seed 42 | Rate 1.00 | Train Loss: 0.0140 | Val Loss: 0.2345 | Acc (clean): 0.9882 | Acc (poison): 0.9989 | Val Acc: 0.9337 | Time: 00:00:08
Epoch 072 | Seed 42 | Rate 1.00 | Train Loss: 0.0130 | Val Loss: 0.2305 | Acc (clean): 0.9887 | Acc (poison): 0.9992 | Val Acc: 0.9348 | Time: 00:00:08
Epoch 073 | Seed 42 | Rate 1.00 | Train Loss: 0.0132 | Val Loss: 0.2266 | Acc (clean): 0.9886 | Acc (poison): 0.9989 | Val Acc: 0.9356 | Time: 00:00:09
Epoch 074 | Seed 42 | Rate 1.00 | Train Loss: 0.0131 | Val Loss: 0.2357 | Acc (clean): 0.9885 | Acc (poison): 0.9990 | Val Acc: 0.9337 | Time: 00:00:08
Epoch 075 | Seed 42 | Rate 1.00 | Train Loss: 0.0128 | Val Loss: 0.2357 | Acc (clean): 0.9884 | Acc (poison): 0.9991 | Val Acc: 0.9330 | Time: 00:00:08
Epoch 076 | Seed 42 | Rate 1.00 | Train Loss: 0.0118 | Val Loss: 0.2236 | Acc (clean): 0.9888 | Acc (poison): 0.9992 | Val Acc: 0.9359 | Time: 00:00:09
Epoch 077 | Seed 42 | Rate 1.00 | Train Loss: 0.0108 | Val Loss: 0.2229 | Acc (clean): 0.9887 | Acc (poison): 0.9993 | Val Acc: 0.9356 | Time: 00:00:09
Epoch 078 | Seed 42 | Rate 1.00 | Train Loss: 0.0113 | Val Loss: 0.2213 | Acc (clean): 0.9888 | Acc (poison): 0.9993 | Val Acc: 0.9374 | Time: 00:00:09
Epoch 079 | Seed 42 | Rate 1.00 | Train Loss: 0.0108 | Val Loss: 0.2217 | Acc (clean): 0.9887 | Acc (poison): 0.9994 | Val Acc: 0.9367 | Time: 00:00:08
Epoch 080 | Seed 42 | Rate 1.00 | Train Loss: 0.0108 | Val Loss: 0.2211 | Acc (clean): 0.9888 | Acc (poison): 0.9994 | Val Acc: 0.9374 | Time: 00:00:09
Epoch 081 | Seed 42 | Rate 1.00 | Train Loss: 0.0103 | Val Loss: 0.2247 | Acc (clean): 0.9889 | Acc (poison): 0.9996 | Val Acc: 0.9359 | Time: 00:00:08
Epoch 082 | Seed 42 | Rate 1.00 | Train Loss: 0.0106 | Val Loss: 0.2228 | Acc (clean): 0.9888 | Acc (poison): 0.9995 | Val Acc: 0.9378 | Time: 00:00:08
Epoch 083 | Seed 42 | Rate 1.00 | Train Loss: 0.0102 | Val Loss: 0.2216 | Acc (clean): 0.9886 | Acc (poison): 0.9993 | Val Acc: 0.9374 | Time: 00:00:08
Epoch 084 | Seed 42 | Rate 1.00 | Train Loss: 0.0105 | Val Loss: 0.2193 | Acc (clean): 0.9889 | Acc (poison): 0.9995 | Val Acc: 0.9381 | Time: 00:00:09
Epoch 085 | Seed 42 | Rate 1.00 | Train Loss: 0.0104 | Val Loss: 0.2217 | Acc (clean): 0.9889 | Acc (poison): 0.9997 | Val Acc: 0.9393 | Time: 00:00:08
Epoch 086 | Seed 42 | Rate 1.00 | Train Loss: 0.0099 | Val Loss: 0.2187 | Acc (clean): 0.9889 | Acc (poison): 0.9995 | Val Acc: 0.9374 | Time: 00:00:09
Epoch 087 | Seed 42 | Rate 1.00 | Train Loss: 0.0104 | Val Loss: 0.2193 | Acc (clean): 0.9891 | Acc (poison): 0.9996 | Val Acc: 0.9370 | Time: 00:00:08
Epoch 088 | Seed 42 | Rate 1.00 | Train Loss: 0.0104 | Val Loss: 0.2234 | Acc (clean): 0.9888 | Acc (poison): 0.9993 | Val Acc: 0.9359 | Time: 00:00:08
Epoch 089 | Seed 42 | Rate 1.00 | Train Loss: 0.0110 | Val Loss: 0.2203 | Acc (clean): 0.9887 | Acc (poison): 0.9992 | Val Acc: 0.9378 | Time: 00:00:08
Epoch 090 | Seed 42 | Rate 1.00 | Train Loss: 0.0102 | Val Loss: 0.2247 | Acc (clean): 0.9891 | Acc (poison): 0.9998 | Val Acc: 0.9356 | Time: 00:00:08
Epoch 091 | Seed 42 | Rate 1.00 | Train Loss: 0.0101 | Val Loss: 0.2230 | Acc (clean): 0.9890 | Acc (poison): 0.9997 | Val Acc: 0.9352 | Time: 00:00:08
Epoch 092 | Seed 42 | Rate 1.00 | Train Loss: 0.0100 | Val Loss: 0.2246 | Acc (clean): 0.9888 | Acc (poison): 0.9995 | Val Acc: 0.9385 | Time: 00:00:08
Epoch 093 | Seed 42 | Rate 1.00 | Train Loss: 0.0101 | Val Loss: 0.2207 | Acc (clean): 0.9889 | Acc (poison): 0.9996 | Val Acc: 0.9393 | Time: 00:00:08
Epoch 094 | Seed 42 | Rate 1.00 | Train Loss: 0.0100 | Val Loss: 0.2219 | Acc (clean): 0.9891 | Acc (poison): 0.9998 | Val Acc: 0.9393 | Time: 00:00:08
Epoch 095 | Seed 42 | Rate 1.00 | Train Loss: 0.0105 | Val Loss: 0.2241 | Acc (clean): 0.9888 | Acc (poison): 0.9993 | Val Acc: 0.9381 | Time: 00:00:08
Epoch 096 | Seed 42 | Rate 1.00 | Train Loss: 0.0102 | Val Loss: 0.2294 | Acc (clean): 0.9891 | Acc (poison): 0.9996 | Val Acc: 0.9378 | Time: 00:00:08
Epoch 097 | Seed 42 | Rate 1.00 | Train Loss: 0.0101 | Val Loss: 0.2229 | Acc (clean): 0.9890 | Acc (poison): 0.9997 | Val Acc: 0.9385 | Time: 00:00:08
Epoch 098 | Seed 42 | Rate 1.00 | Train Loss: 0.0098 | Val Loss: 0.2274 | Acc (clean): 0.9892 | Acc (poison): 0.9997 | Val Acc: 0.9374 | Time: 00:00:08
Epoch 099 | Seed 42 | Rate 1.00 | Train Loss: 0.0098 | Val Loss: 0.2204 | Acc (clean): 0.9889 | Acc (poison): 0.9996 | Val Acc: 0.9385 | Time: 00:00:08
Epoch 100 | Seed 42 | Rate 1.00 | Train Loss: 0.0103 | Val Loss: 0.2244 | Acc (clean): 0.9889 | Acc (poison): 0.9995 | Val Acc: 0.9370 | Time: 00:00:08
Loading train data from /home/yazanme/BachelorThesis/BachelorThesis/data/processed/resisc45/train.h5... (in_memory=True, workers=6)
Testing torch.compile support...
Successfully compiled model using torch.compile.
Epoch 001 | Seed 2001 | Rate 0.00 | Train Loss: 3.0294 | Val Loss: 2.3240 | Acc (clean): 0.2130 | Acc (poison): 0.2130 | Val Acc: 0.3296 | Time: 00:00:10
Epoch 002 | Seed 2001 | Rate 0.00 | Train Loss: 2.0766 | Val Loss: 1.8201 | Acc (clean): 0.3962 | Acc (poison): 0.3962 | Val Acc: 0.4570 | Time: 00:00:10
Epoch 003 | Seed 2001 | Rate 0.00 | Train Loss: 1.6670 | Val Loss: 2.0258 | Acc (clean): 0.5103 | Acc (poison): 0.5103 | Val Acc: 0.4370 | Time: 00:00:08
Epoch 004 | Seed 2001 | Rate 0.00 | Train Loss: 1.4026 | Val Loss: 1.8942 | Acc (clean): 0.5820 | Acc (poison): 0.5820 | Val Acc: 0.4778 | Time: 00:00:08
Epoch 005 | Seed 2001 | Rate 0.00 | Train Loss: 1.2097 | Val Loss: 1.8314 | Acc (clean): 0.6317 | Acc (poison): 0.6317 | Val Acc: 0.4874 | Time: 00:00:08
Epoch 006 | Seed 2001 | Rate 0.00 | Train Loss: 1.0395 | Val Loss: 1.0841 | Acc (clean): 0.6800 | Acc (poison): 0.6800 | Val Acc: 0.6674 | Time: 00:00:09
Epoch 007 | Seed 2001 | Rate 0.00 | Train Loss: 0.9006 | Val Loss: 1.5468 | Acc (clean): 0.7222 | Acc (poison): 0.7222 | Val Acc: 0.5696 | Time: 00:00:08
Epoch 008 | Seed 2001 | Rate 0.00 | Train Loss: 0.7941 | Val Loss: 1.2657 | Acc (clean): 0.7498 | Acc (poison): 0.7498 | Val Acc: 0.6304 | Time: 00:00:08
Epoch 009 | Seed 2001 | Rate 0.00 | Train Loss: 0.6931 | Val Loss: 0.8359 | Acc (clean): 0.7814 | Acc (poison): 0.7814 | Val Acc: 0.7437 | Time: 00:00:08
Epoch 010 | Seed 2001 | Rate 0.00 | Train Loss: 0.6186 | Val Loss: 0.8933 | Acc (clean): 0.8042 | Acc (poison): 0.8042 | Val Acc: 0.7267 | Time: 00:00:08
Epoch 011 | Seed 2001 | Rate 0.00 | Train Loss: 0.5613 | Val Loss: 0.8673 | Acc (clean): 0.8241 | Acc (poison): 0.8241 | Val Acc: 0.7470 | Time: 00:00:08
Epoch 012 | Seed 2001 | Rate 0.00 | Train Loss: 0.5038 | Val Loss: 0.7434 | Acc (clean): 0.8406 | Acc (poison): 0.8406 | Val Acc: 0.7681 | Time: 00:00:08
Epoch 013 | Seed 2001 | Rate 0.00 | Train Loss: 0.4747 | Val Loss: 0.7713 | Acc (clean): 0.8493 | Acc (poison): 0.8493 | Val Acc: 0.7748 | Time: 00:00:08
Epoch 014 | Seed 2001 | Rate 0.00 | Train Loss: 0.4421 | Val Loss: 0.8380 | Acc (clean): 0.8584 | Acc (poison): 0.8584 | Val Acc: 0.7522 | Time: 00:00:08
Epoch 015 | Seed 2001 | Rate 0.00 | Train Loss: 0.4387 | Val Loss: 0.9016 | Acc (clean): 0.8596 | Acc (poison): 0.8596 | Val Acc: 0.7300 | Time: 00:00:08
Epoch 016 | Seed 2001 | Rate 0.00 | Train Loss: 0.4047 | Val Loss: 0.7930 | Acc (clean): 0.8726 | Acc (poison): 0.8726 | Val Acc: 0.7578 | Time: 00:00:08
Epoch 017 | Seed 2001 | Rate 0.00 | Train Loss: 0.3871 | Val Loss: 0.7053 | Acc (clean): 0.8746 | Acc (poison): 0.8746 | Val Acc: 0.7811 | Time: 00:00:08
Epoch 018 | Seed 2001 | Rate 0.00 | Train Loss: 0.3744 | Val Loss: 0.7312 | Acc (clean): 0.8787 | Acc (poison): 0.8787 | Val Acc: 0.7807 | Time: 00:00:08
Epoch 019 | Seed 2001 | Rate 0.00 | Train Loss: 0.3680 | Val Loss: 0.8544 | Acc (clean): 0.8827 | Acc (poison): 0.8827 | Val Acc: 0.7470 | Time: 00:00:08
Epoch 020 | Seed 2001 | Rate 0.00 | Train Loss: 0.3652 | Val Loss: 0.8994 | Acc (clean): 0.8838 | Acc (poison): 0.8838 | Val Acc: 0.7444 | Time: 00:00:08
Epoch 021 | Seed 2001 | Rate 0.00 | Train Loss: 0.3384 | Val Loss: 0.6942 | Acc (clean): 0.8906 | Acc (poison): 0.8906 | Val Acc: 0.7863 | Time: 00:00:08
Epoch 022 | Seed 2001 | Rate 0.00 | Train Loss: 0.3321 | Val Loss: 0.9304 | Acc (clean): 0.8937 | Acc (poison): 0.8937 | Val Acc: 0.7274 | Time: 00:00:08
Epoch 023 | Seed 2001 | Rate 0.00 | Train Loss: 0.3319 | Val Loss: 0.6076 | Acc (clean): 0.8953 | Acc (poison): 0.8953 | Val Acc: 0.8204 | Time: 00:00:08
Epoch 024 | Seed 2001 | Rate 0.00 | Train Loss: 0.3142 | Val Loss: 0.7332 | Acc (clean): 0.9000 | Acc (poison): 0.9000 | Val Acc: 0.7830 | Time: 00:00:08
Epoch 025 | Seed 2001 | Rate 0.00 | Train Loss: 0.3017 | Val Loss: 0.5933 | Acc (clean): 0.9056 | Acc (poison): 0.9056 | Val Acc: 0.8222 | Time: 00:00:08
Epoch 026 | Seed 2001 | Rate 0.00 | Train Loss: 0.3038 | Val Loss: 0.6364 | Acc (clean): 0.9024 | Acc (poison): 0.9024 | Val Acc: 0.8178 | Time: 00:00:08
Epoch 027 | Seed 2001 | Rate 0.00 | Train Loss: 0.2820 | Val Loss: 0.6155 | Acc (clean): 0.9088 | Acc (poison): 0.9088 | Val Acc: 0.8267 | Time: 00:00:08
Epoch 028 | Seed 2001 | Rate 0.00 | Train Loss: 0.3059 | Val Loss: 0.9714 | Acc (clean): 0.9001 | Acc (poison): 0.9001 | Val Acc: 0.7419 | Time: 00:00:08
Epoch 029 | Seed 2001 | Rate 0.00 | Train Loss: 0.3040 | Val Loss: 0.7249 | Acc (clean): 0.9021 | Acc (poison): 0.9021 | Val Acc: 0.7811 | Time: 00:00:08
Epoch 030 | Seed 2001 | Rate 0.00 | Train Loss: 0.2866 | Val Loss: 0.7652 | Acc (clean): 0.9071 | Acc (poison): 0.9071 | Val Acc: 0.7704 | Time: 00:00:08
Epoch 031 | Seed 2001 | Rate 0.00 | Train Loss: 0.2781 | Val Loss: 0.5831 | Acc (clean): 0.9114 | Acc (poison): 0.9114 | Val Acc: 0.8337 | Time: 00:00:08
Epoch 032 | Seed 2001 | Rate 0.00 | Train Loss: 0.2743 | Val Loss: 0.8096 | Acc (clean): 0.9126 | Acc (poison): 0.9126 | Val Acc: 0.7756 | Time: 00:00:08
Epoch 033 | Seed 2001 | Rate 0.00 | Train Loss: 0.2719 | Val Loss: 0.6351 | Acc (clean): 0.9145 | Acc (poison): 0.9145 | Val Acc: 0.8156 | Time: 00:00:08
Epoch 034 | Seed 2001 | Rate 0.00 | Train Loss: 0.2770 | Val Loss: 0.6922 | Acc (clean): 0.9098 | Acc (poison): 0.9098 | Val Acc: 0.7974 | Time: 00:00:08
Epoch 035 | Seed 2001 | Rate 0.00 | Train Loss: 0.2704 | Val Loss: 0.6243 | Acc (clean): 0.9153 | Acc (poison): 0.9153 | Val Acc: 0.8148 | Time: 00:00:08
Epoch 036 | Seed 2001 | Rate 0.00 | Train Loss: 0.2644 | Val Loss: 0.5482 | Acc (clean): 0.9150 | Acc (poison): 0.9150 | Val Acc: 0.8352 | Time: 00:00:08
Epoch 037 | Seed 2001 | Rate 0.00 | Train Loss: 0.2671 | Val Loss: 0.6378 | Acc (clean): 0.9156 | Acc (poison): 0.9156 | Val Acc: 0.8185 | Time: 00:00:08
Epoch 038 | Seed 2001 | Rate 0.00 | Train Loss: 0.2538 | Val Loss: 0.7876 | Acc (clean): 0.9196 | Acc (poison): 0.9196 | Val Acc: 0.7789 | Time: 00:00:08
Epoch 039 | Seed 2001 | Rate 0.00 | Train Loss: 0.2636 | Val Loss: 0.7209 | Acc (clean): 0.9139 | Acc (poison): 0.9139 | Val Acc: 0.7956 | Time: 00:00:08
Epoch 040 | Seed 2001 | Rate 0.00 | Train Loss: 0.2702 | Val Loss: 0.6631 | Acc (clean): 0.9119 | Acc (poison): 0.9119 | Val Acc: 0.8033 | Time: 00:00:08
Epoch 041 | Seed 2001 | Rate 0.00 | Train Loss: 0.2582 | Val Loss: 0.7093 | Acc (clean): 0.9164 | Acc (poison): 0.9164 | Val Acc: 0.8033 | Time: 00:00:08
Epoch 042 | Seed 2001 | Rate 0.00 | Train Loss: 0.2433 | Val Loss: 0.7084 | Acc (clean): 0.9243 | Acc (poison): 0.9243 | Val Acc: 0.7963 | Time: 00:00:08
Epoch 043 | Seed 2001 | Rate 0.00 | Train Loss: 0.2502 | Val Loss: 0.7323 | Acc (clean): 0.9213 | Acc (poison): 0.9213 | Val Acc: 0.7922 | Time: 00:00:08
Epoch 044 | Seed 2001 | Rate 0.00 | Train Loss: 0.2574 | Val Loss: 0.6956 | Acc (clean): 0.9179 | Acc (poison): 0.9179 | Val Acc: 0.7896 | Time: 00:00:08
Epoch 045 | Seed 2001 | Rate 0.00 | Train Loss: 0.2372 | Val Loss: 0.6520 | Acc (clean): 0.9253 | Acc (poison): 0.9253 | Val Acc: 0.8126 | Time: 00:00:08
Epoch 046 | Seed 2001 | Rate 0.00 | Train Loss: 0.2351 | Val Loss: 0.5517 | Acc (clean): 0.9238 | Acc (poison): 0.9238 | Val Acc: 0.8341 | Time: 00:00:08
Epoch 047 | Seed 2001 | Rate 0.00 | Train Loss: 0.2353 | Val Loss: 0.6507 | Acc (clean): 0.9233 | Acc (poison): 0.9233 | Val Acc: 0.8167 | Time: 00:00:08
Epoch 048 | Seed 2001 | Rate 0.00 | Train Loss: 0.2416 | Val Loss: 0.7902 | Acc (clean): 0.9257 | Acc (poison): 0.9257 | Val Acc: 0.7833 | Time: 00:00:08
Epoch 049 | Seed 2001 | Rate 0.00 | Train Loss: 0.2445 | Val Loss: 0.9624 | Acc (clean): 0.9235 | Acc (poison): 0.9235 | Val Acc: 0.7493 | Time: 00:00:08
Epoch 050 | Seed 2001 | Rate 0.00 | Train Loss: 0.2269 | Val Loss: 0.6788 | Acc (clean): 0.9273 | Acc (poison): 0.9273 | Val Acc: 0.8085 | Time: 00:00:08
Epoch 051 | Seed 2001 | Rate 0.00 | Train Loss: 0.0973 | Val Loss: 0.2638 | Acc (clean): 0.9728 | Acc (poison): 0.9728 | Val Acc: 0.9263 | Time: 00:00:08
Epoch 052 | Seed 2001 | Rate 0.00 | Train Loss: 0.0531 | Val Loss: 0.2461 | Acc (clean): 0.9878 | Acc (poison): 0.9878 | Val Acc: 0.9267 | Time: 00:00:08
Epoch 053 | Seed 2001 | Rate 0.00 | Train Loss: 0.0435 | Val Loss: 0.2447 | Acc (clean): 0.9906 | Acc (poison): 0.9906 | Val Acc: 0.9263 | Time: 00:00:08
Epoch 054 | Seed 2001 | Rate 0.00 | Train Loss: 0.0376 | Val Loss: 0.2324 | Acc (clean): 0.9924 | Acc (poison): 0.9924 | Val Acc: 0.9304 | Time: 00:00:08
Epoch 055 | Seed 2001 | Rate 0.00 | Train Loss: 0.0316 | Val Loss: 0.2329 | Acc (clean): 0.9941 | Acc (poison): 0.9941 | Val Acc: 0.9296 | Time: 00:00:08
Epoch 056 | Seed 2001 | Rate 0.00 | Train Loss: 0.0292 | Val Loss: 0.2348 | Acc (clean): 0.9952 | Acc (poison): 0.9952 | Val Acc: 0.9300 | Time: 00:00:08
Epoch 057 | Seed 2001 | Rate 0.00 | Train Loss: 0.0274 | Val Loss: 0.2349 | Acc (clean): 0.9953 | Acc (poison): 0.9953 | Val Acc: 0.9326 | Time: 00:00:08
Epoch 058 | Seed 2001 | Rate 0.00 | Train Loss: 0.0245 | Val Loss: 0.2312 | Acc (clean): 0.9962 | Acc (poison): 0.9962 | Val Acc: 0.9307 | Time: 00:00:08
Epoch 059 | Seed 2001 | Rate 0.00 | Train Loss: 0.0244 | Val Loss: 0.2364 | Acc (clean): 0.9963 | Acc (poison): 0.9963 | Val Acc: 0.9270 | Time: 00:00:08
Epoch 060 | Seed 2001 | Rate 0.00 | Train Loss: 0.0220 | Val Loss: 0.2326 | Acc (clean): 0.9969 | Acc (poison): 0.9969 | Val Acc: 0.9326 | Time: 00:00:08
Epoch 061 | Seed 2001 | Rate 0.00 | Train Loss: 0.0205 | Val Loss: 0.2320 | Acc (clean): 0.9974 | Acc (poison): 0.9974 | Val Acc: 0.9259 | Time: 00:00:08
Epoch 062 | Seed 2001 | Rate 0.00 | Train Loss: 0.0195 | Val Loss: 0.2287 | Acc (clean): 0.9974 | Acc (poison): 0.9974 | Val Acc: 0.9330 | Time: 00:00:08
Epoch 063 | Seed 2001 | Rate 0.00 | Train Loss: 0.0191 | Val Loss: 0.2311 | Acc (clean): 0.9982 | Acc (poison): 0.9982 | Val Acc: 0.9315 | Time: 00:00:08
Epoch 064 | Seed 2001 | Rate 0.00 | Train Loss: 0.0173 | Val Loss: 0.2277 | Acc (clean): 0.9979 | Acc (poison): 0.9979 | Val Acc: 0.9337 | Time: 00:00:08
Epoch 065 | Seed 2001 | Rate 0.00 | Train Loss: 0.0164 | Val Loss: 0.2294 | Acc (clean): 0.9985 | Acc (poison): 0.9985 | Val Acc: 0.9333 | Time: 00:00:08
Epoch 066 | Seed 2001 | Rate 0.00 | Train Loss: 0.0164 | Val Loss: 0.2275 | Acc (clean): 0.9988 | Acc (poison): 0.9988 | Val Acc: 0.9319 | Time: 00:00:09
Epoch 067 | Seed 2001 | Rate 0.00 | Train Loss: 0.0155 | Val Loss: 0.2299 | Acc (clean): 0.9986 | Acc (poison): 0.9986 | Val Acc: 0.9311 | Time: 00:00:08
Epoch 068 | Seed 2001 | Rate 0.00 | Train Loss: 0.0154 | Val Loss: 0.2244 | Acc (clean): 0.9984 | Acc (poison): 0.9984 | Val Acc: 0.9348 | Time: 00:00:09
Epoch 069 | Seed 2001 | Rate 0.00 | Train Loss: 0.0157 | Val Loss: 0.2286 | Acc (clean): 0.9981 | Acc (poison): 0.9981 | Val Acc: 0.9337 | Time: 00:00:08
Epoch 070 | Seed 2001 | Rate 0.00 | Train Loss: 0.0149 | Val Loss: 0.2285 | Acc (clean): 0.9986 | Acc (poison): 0.9986 | Val Acc: 0.9311 | Time: 00:00:08
Epoch 071 | Seed 2001 | Rate 0.00 | Train Loss: 0.0141 | Val Loss: 0.2344 | Acc (clean): 0.9989 | Acc (poison): 0.9989 | Val Acc: 0.9281 | Time: 00:00:08
Epoch 072 | Seed 2001 | Rate 0.00 | Train Loss: 0.0137 | Val Loss: 0.2282 | Acc (clean): 0.9989 | Acc (poison): 0.9989 | Val Acc: 0.9326 | Time: 00:00:08
Epoch 073 | Seed 2001 | Rate 0.00 | Train Loss: 0.0134 | Val Loss: 0.2349 | Acc (clean): 0.9991 | Acc (poison): 0.9991 | Val Acc: 0.9307 | Time: 00:00:08
Epoch 074 | Seed 2001 | Rate 0.00 | Train Loss: 0.0129 | Val Loss: 0.2288 | Acc (clean): 0.9989 | Acc (poison): 0.9989 | Val Acc: 0.9319 | Time: 00:00:08
Epoch 075 | Seed 2001 | Rate 0.00 | Train Loss: 0.0134 | Val Loss: 0.2245 | Acc (clean): 0.9993 | Acc (poison): 0.9993 | Val Acc: 0.9330 | Time: 00:00:08
Epoch 076 | Seed 2001 | Rate 0.00 | Train Loss: 0.0117 | Val Loss: 0.2236 | Acc (clean): 0.9991 | Acc (poison): 0.9991 | Val Acc: 0.9315 | Time: 00:00:08
Epoch 077 | Seed 2001 | Rate 0.00 | Train Loss: 0.0116 | Val Loss: 0.2233 | Acc (clean): 0.9991 | Acc (poison): 0.9991 | Val Acc: 0.9326 | Time: 00:00:08
Epoch 078 | Seed 2001 | Rate 0.00 | Train Loss: 0.0113 | Val Loss: 0.2246 | Acc (clean): 0.9996 | Acc (poison): 0.9996 | Val Acc: 0.9319 | Time: 00:00:08
Epoch 079 | Seed 2001 | Rate 0.00 | Train Loss: 0.0109 | Val Loss: 0.2268 | Acc (clean): 0.9995 | Acc (poison): 0.9995 | Val Acc: 0.9304 | Time: 00:00:08
Epoch 080 | Seed 2001 | Rate 0.00 | Train Loss: 0.0107 | Val Loss: 0.2237 | Acc (clean): 0.9994 | Acc (poison): 0.9994 | Val Acc: 0.9319 | Time: 00:00:08
Epoch 081 | Seed 2001 | Rate 0.00 | Train Loss: 0.0112 | Val Loss: 0.2278 | Acc (clean): 0.9993 | Acc (poison): 0.9993 | Val Acc: 0.9296 | Time: 00:00:08
Epoch 082 | Seed 2001 | Rate 0.00 | Train Loss: 0.0110 | Val Loss: 0.2253 | Acc (clean): 0.9996 | Acc (poison): 0.9996 | Val Acc: 0.9315 | Time: 00:00:08
Epoch 083 | Seed 2001 | Rate 0.00 | Train Loss: 0.0107 | Val Loss: 0.2265 | Acc (clean): 0.9995 | Acc (poison): 0.9995 | Val Acc: 0.9322 | Time: 00:00:08
Epoch 084 | Seed 2001 | Rate 0.00 | Train Loss: 0.0107 | Val Loss: 0.2226 | Acc (clean): 0.9995 | Acc (poison): 0.9995 | Val Acc: 0.9337 | Time: 00:00:09
Epoch 085 | Seed 2001 | Rate 0.00 | Train Loss: 0.0108 | Val Loss: 0.2291 | Acc (clean): 0.9995 | Acc (poison): 0.9995 | Val Acc: 0.9315 | Time: 00:00:08
Epoch 086 | Seed 2001 | Rate 0.00 | Train Loss: 0.0104 | Val Loss: 0.2260 | Acc (clean): 0.9997 | Acc (poison): 0.9997 | Val Acc: 0.9304 | Time: 00:00:08
Epoch 087 | Seed 2001 | Rate 0.00 | Train Loss: 0.0108 | Val Loss: 0.2248 | Acc (clean): 0.9995 | Acc (poison): 0.9995 | Val Acc: 0.9315 | Time: 00:00:08
Epoch 088 | Seed 2001 | Rate 0.00 | Train Loss: 0.0107 | Val Loss: 0.2248 | Acc (clean): 0.9994 | Acc (poison): 0.9994 | Val Acc: 0.9337 | Time: 00:00:08
Epoch 089 | Seed 2001 | Rate 0.00 | Train Loss: 0.0103 | Val Loss: 0.2266 | Acc (clean): 0.9997 | Acc (poison): 0.9997 | Val Acc: 0.9311 | Time: 00:00:08
Epoch 090 | Seed 2001 | Rate 0.00 | Train Loss: 0.0107 | Val Loss: 0.2277 | Acc (clean): 0.9993 | Acc (poison): 0.9993 | Val Acc: 0.9333 | Time: 00:00:08
Epoch 091 | Seed 2001 | Rate 0.00 | Train Loss: 0.0105 | Val Loss: 0.2252 | Acc (clean): 0.9996 | Acc (poison): 0.9996 | Val Acc: 0.9330 | Time: 00:00:08
Epoch 092 | Seed 2001 | Rate 0.00 | Train Loss: 0.0105 | Val Loss: 0.2265 | Acc (clean): 0.9995 | Acc (poison): 0.9995 | Val Acc: 0.9326 | Time: 00:00:08
Epoch 093 | Seed 2001 | Rate 0.00 | Train Loss: 0.0105 | Val Loss: 0.2263 | Acc (clean): 0.9994 | Acc (poison): 0.9994 | Val Acc: 0.9326 | Time: 00:00:08
Epoch 094 | Seed 2001 | Rate 0.00 | Train Loss: 0.0103 | Val Loss: 0.2287 | Acc (clean): 0.9995 | Acc (poison): 0.9995 | Val Acc: 0.9304 | Time: 00:00:08
Epoch 095 | Seed 2001 | Rate 0.00 | Train Loss: 0.0104 | Val Loss: 0.2258 | Acc (clean): 0.9997 | Acc (poison): 0.9997 | Val Acc: 0.9307 | Time: 00:00:08
Epoch 096 | Seed 2001 | Rate 0.00 | Train Loss: 0.0097 | Val Loss: 0.2289 | Acc (clean): 0.9997 | Acc (poison): 0.9997 | Val Acc: 0.9326 | Time: 00:00:08
Epoch 097 | Seed 2001 | Rate 0.00 | Train Loss: 0.0099 | Val Loss: 0.2209 | Acc (clean): 0.9995 | Acc (poison): 0.9995 | Val Acc: 0.9359 | Time: 00:00:08
Epoch 098 | Seed 2001 | Rate 0.00 | Train Loss: 0.0101 | Val Loss: 0.2267 | Acc (clean): 0.9996 | Acc (poison): 0.9996 | Val Acc: 0.9322 | Time: 00:00:08
Epoch 099 | Seed 2001 | Rate 0.00 | Train Loss: 0.0108 | Val Loss: 0.2275 | Acc (clean): 0.9992 | Acc (poison): 0.9992 | Val Acc: 0.9326 | Time: 00:00:08
Epoch 100 | Seed 2001 | Rate 0.00 | Train Loss: 0.0098 | Val Loss: 0.2219 | Acc (clean): 0.9995 | Acc (poison): 0.9995 | Val Acc: 0.9322 | Time: 00:00:08
Loading train data from /home/yazanme/BachelorThesis/BachelorThesis/data/processed/resisc45/train.h5 with mapping /home/yazanme/BachelorThesis/BachelorThesis/data/processed/resisc45/poisoned/RQ2.4/seed_2001/labels.pt... (in_memory=True, workers=6)
Testing torch.compile support...
Successfully compiled model using torch.compile.
Epoch 001 | Seed 2001 | Rate 1.00 | Train Loss: 2.8417 | Val Loss: 2.3084 | Acc (clean): 0.2473 | Acc (poison): 0.2495 | Val Acc: 0.3248 | Time: 00:00:09
Epoch 002 | Seed 2001 | Rate 1.00 | Train Loss: 1.9191 | Val Loss: 1.9658 | Acc (clean): 0.4374 | Acc (poison): 0.4414 | Val Acc: 0.4337 | Time: 00:00:08
Epoch 003 | Seed 2001 | Rate 1.00 | Train Loss: 1.5460 | Val Loss: 1.4586 | Acc (clean): 0.5393 | Acc (poison): 0.5437 | Val Acc: 0.5596 | Time: 00:00:08
Epoch 004 | Seed 2001 | Rate 1.00 | Train Loss: 1.3145 | Val Loss: 1.9952 | Acc (clean): 0.5993 | Acc (poison): 0.6035 | Val Acc: 0.4481 | Time: 00:00:08
Epoch 005 | Seed 2001 | Rate 1.00 | Train Loss: 1.1504 | Val Loss: 1.4269 | Acc (clean): 0.6457 | Acc (poison): 0.6511 | Val Acc: 0.5770 | Time: 00:00:09
Epoch 006 | Seed 2001 | Rate 1.00 | Train Loss: 0.9852 | Val Loss: 1.1110 | Acc (clean): 0.6937 | Acc (poison): 0.6997 | Val Acc: 0.6637 | Time: 00:00:09
Epoch 007 | Seed 2001 | Rate 1.00 | Train Loss: 0.8548 | Val Loss: 1.1813 | Acc (clean): 0.7261 | Acc (poison): 0.7321 | Val Acc: 0.6485 | Time: 00:00:08
Epoch 008 | Seed 2001 | Rate 1.00 | Train Loss: 0.7369 | Val Loss: 1.1711 | Acc (clean): 0.7637 | Acc (poison): 0.7705 | Val Acc: 0.6485 | Time: 00:00:08
Epoch 009 | Seed 2001 | Rate 1.00 | Train Loss: 0.6393 | Val Loss: 1.2196 | Acc (clean): 0.7928 | Acc (poison): 0.7995 | Val Acc: 0.6548 | Time: 00:00:08
Epoch 010 | Seed 2001 | Rate 1.00 | Train Loss: 0.5680 | Val Loss: 0.7884 | Acc (clean): 0.8131 | Acc (poison): 0.8209 | Val Acc: 0.7622 | Time: 00:00:08
Epoch 011 | Seed 2001 | Rate 1.00 | Train Loss: 0.5143 | Val Loss: 1.0050 | Acc (clean): 0.8313 | Acc (poison): 0.8382 | Val Acc: 0.7156 | Time: 00:00:08
Epoch 012 | Seed 2001 | Rate 1.00 | Train Loss: 0.4624 | Val Loss: 0.7725 | Acc (clean): 0.8437 | Acc (poison): 0.8518 | Val Acc: 0.7637 | Time: 00:00:08
Epoch 013 | Seed 2001 | Rate 1.00 | Train Loss: 0.4442 | Val Loss: 0.7803 | Acc (clean): 0.8494 | Acc (poison): 0.8568 | Val Acc: 0.7719 | Time: 00:00:08
Epoch 014 | Seed 2001 | Rate 1.00 | Train Loss: 0.4098 | Val Loss: 0.6021 | Acc (clean): 0.8614 | Acc (poison): 0.8689 | Val Acc: 0.8056 | Time: 00:00:08
Epoch 015 | Seed 2001 | Rate 1.00 | Train Loss: 0.3865 | Val Loss: 0.9035 | Acc (clean): 0.8695 | Acc (poison): 0.8774 | Val Acc: 0.7404 | Time: 00:00:08
Epoch 016 | Seed 2001 | Rate 1.00 | Train Loss: 0.3651 | Val Loss: 0.8420 | Acc (clean): 0.8743 | Acc (poison): 0.8817 | Val Acc: 0.7522 | Time: 00:00:08
Epoch 017 | Seed 2001 | Rate 1.00 | Train Loss: 0.3517 | Val Loss: 0.6456 | Acc (clean): 0.8782 | Acc (poison): 0.8860 | Val Acc: 0.8126 | Time: 00:00:08
Epoch 018 | Seed 2001 | Rate 1.00 | Train Loss: 0.3414 | Val Loss: 0.6471 | Acc (clean): 0.8823 | Acc (poison): 0.8902 | Val Acc: 0.8048 | Time: 00:00:08
Epoch 019 | Seed 2001 | Rate 1.00 | Train Loss: 0.3377 | Val Loss: 0.5972 | Acc (clean): 0.8844 | Acc (poison): 0.8928 | Val Acc: 0.8181 | Time: 00:00:08
Epoch 020 | Seed 2001 | Rate 1.00 | Train Loss: 0.3180 | Val Loss: 0.9522 | Acc (clean): 0.8901 | Acc (poison): 0.8979 | Val Acc: 0.7267 | Time: 00:00:08
Epoch 021 | Seed 2001 | Rate 1.00 | Train Loss: 0.3126 | Val Loss: 0.6345 | Acc (clean): 0.8877 | Acc (poison): 0.8958 | Val Acc: 0.8122 | Time: 00:00:08
Epoch 022 | Seed 2001 | Rate 1.00 | Train Loss: 0.3037 | Val Loss: 0.8359 | Acc (clean): 0.8954 | Acc (poison): 0.9029 | Val Acc: 0.7567 | Time: 00:00:08
Epoch 023 | Seed 2001 | Rate 1.00 | Train Loss: 0.2986 | Val Loss: 0.7315 | Acc (clean): 0.8975 | Acc (poison): 0.9050 | Val Acc: 0.7926 | Time: 00:00:08
Epoch 024 | Seed 2001 | Rate 1.00 | Train Loss: 0.2918 | Val Loss: 0.5851 | Acc (clean): 0.8985 | Acc (poison): 0.9061 | Val Acc: 0.8222 | Time: 00:00:09
Epoch 025 | Seed 2001 | Rate 1.00 | Train Loss: 0.2773 | Val Loss: 0.5782 | Acc (clean): 0.9030 | Acc (poison): 0.9104 | Val Acc: 0.8333 | Time: 00:00:08
Epoch 026 | Seed 2001 | Rate 1.00 | Train Loss: 0.2839 | Val Loss: 0.6799 | Acc (clean): 0.9007 | Acc (poison): 0.9083 | Val Acc: 0.8063 | Time: 00:00:08
Epoch 027 | Seed 2001 | Rate 1.00 | Train Loss: 0.2686 | Val Loss: 0.6052 | Acc (clean): 0.9056 | Acc (poison): 0.9136 | Val Acc: 0.8248 | Time: 00:00:08
Epoch 028 | Seed 2001 | Rate 1.00 | Train Loss: 0.2659 | Val Loss: 0.6373 | Acc (clean): 0.9072 | Acc (poison): 0.9147 | Val Acc: 0.8130 | Time: 00:00:08
Epoch 029 | Seed 2001 | Rate 1.00 | Train Loss: 0.2790 | Val Loss: 0.7659 | Acc (clean): 0.9021 | Acc (poison): 0.9104 | Val Acc: 0.7830 | Time: 00:00:08
Epoch 030 | Seed 2001 | Rate 1.00 | Train Loss: 0.2576 | Val Loss: 0.5986 | Acc (clean): 0.9098 | Acc (poison): 0.9169 | Val Acc: 0.8259 | Time: 00:00:08
Epoch 031 | Seed 2001 | Rate 1.00 | Train Loss: 0.2615 | Val Loss: 0.5535 | Acc (clean): 0.9088 | Acc (poison): 0.9177 | Val Acc: 0.8315 | Time: 00:00:08
Epoch 032 | Seed 2001 | Rate 1.00 | Train Loss: 0.2559 | Val Loss: 0.7236 | Acc (clean): 0.9102 | Acc (poison): 0.9174 | Val Acc: 0.8059 | Time: 00:00:08
Epoch 033 | Seed 2001 | Rate 1.00 | Train Loss: 0.2467 | Val Loss: 0.6935 | Acc (clean): 0.9133 | Acc (poison): 0.9207 | Val Acc: 0.8007 | Time: 00:00:08
Epoch 034 | Seed 2001 | Rate 1.00 | Train Loss: 0.2506 | Val Loss: 0.7802 | Acc (clean): 0.9127 | Acc (poison): 0.9208 | Val Acc: 0.7870 | Time: 00:00:08
Epoch 035 | Seed 2001 | Rate 1.00 | Train Loss: 0.2421 | Val Loss: 0.9320 | Acc (clean): 0.9148 | Acc (poison): 0.9228 | Val Acc: 0.7326 | Time: 00:00:08
Epoch 036 | Seed 2001 | Rate 1.00 | Train Loss: 0.2557 | Val Loss: 0.7097 | Acc (clean): 0.9116 | Acc (poison): 0.9195 | Val Acc: 0.7937 | Time: 00:00:08
Epoch 037 | Seed 2001 | Rate 1.00 | Train Loss: 0.2437 | Val Loss: 0.6917 | Acc (clean): 0.9142 | Acc (poison): 0.9223 | Val Acc: 0.8152 | Time: 00:00:08
Epoch 038 | Seed 2001 | Rate 1.00 | Train Loss: 0.2450 | Val Loss: 0.8887 | Acc (clean): 0.9148 | Acc (poison): 0.9223 | Val Acc: 0.7556 | Time: 00:00:08
Epoch 039 | Seed 2001 | Rate 1.00 | Train Loss: 0.2479 | Val Loss: 0.6443 | Acc (clean): 0.9132 | Acc (poison): 0.9210 | Val Acc: 0.8185 | Time: 00:00:08
Epoch 040 | Seed 2001 | Rate 1.00 | Train Loss: 0.2385 | Val Loss: 0.6787 | Acc (clean): 0.9144 | Acc (poison): 0.9227 | Val Acc: 0.8030 | Time: 00:00:08
Epoch 041 | Seed 2001 | Rate 1.00 | Train Loss: 0.2408 | Val Loss: 0.5817 | Acc (clean): 0.9155 | Acc (poison): 0.9237 | Val Acc: 0.8259 | Time: 00:00:08
Epoch 042 | Seed 2001 | Rate 1.00 | Train Loss: 0.2247 | Val Loss: 0.5786 | Acc (clean): 0.9207 | Acc (poison): 0.9289 | Val Acc: 0.8315 | Time: 00:00:08
Epoch 043 | Seed 2001 | Rate 1.00 | Train Loss: 0.2212 | Val Loss: 0.6749 | Acc (clean): 0.9209 | Acc (poison): 0.9290 | Val Acc: 0.8011 | Time: 00:00:08
Epoch 044 | Seed 2001 | Rate 1.00 | Train Loss: 0.2378 | Val Loss: 0.7723 | Acc (clean): 0.9167 | Acc (poison): 0.9249 | Val Acc: 0.7874 | Time: 00:00:08
Epoch 045 | Seed 2001 | Rate 1.00 | Train Loss: 0.2336 | Val Loss: 0.6417 | Acc (clean): 0.9191 | Acc (poison): 0.9265 | Val Acc: 0.8163 | Time: 00:00:08
Epoch 046 | Seed 2001 | Rate 1.00 | Train Loss: 0.2276 | Val Loss: 0.7698 | Acc (clean): 0.9190 | Acc (poison): 0.9267 | Val Acc: 0.7752 | Time: 00:00:08
Epoch 047 | Seed 2001 | Rate 1.00 | Train Loss: 0.2302 | Val Loss: 0.6123 | Acc (clean): 0.9196 | Acc (poison): 0.9278 | Val Acc: 0.8156 | Time: 00:00:08
Epoch 048 | Seed 2001 | Rate 1.00 | Train Loss: 0.2210 | Val Loss: 0.6056 | Acc (clean): 0.9212 | Acc (poison): 0.9294 | Val Acc: 0.8200 | Time: 00:00:08
Epoch 049 | Seed 2001 | Rate 1.00 | Train Loss: 0.2196 | Val Loss: 0.7122 | Acc (clean): 0.9232 | Acc (poison): 0.9312 | Val Acc: 0.8007 | Time: 00:00:08
Epoch 050 | Seed 2001 | Rate 1.00 | Train Loss: 0.2249 | Val Loss: 0.5903 | Acc (clean): 0.9202 | Acc (poison): 0.9278 | Val Acc: 0.8333 | Time: 00:00:08
Epoch 051 | Seed 2001 | Rate 1.00 | Train Loss: 0.0886 | Val Loss: 0.2660 | Acc (clean): 0.9665 | Acc (poison): 0.9759 | Val Acc: 0.9226 | Time: 00:00:09
Epoch 052 | Seed 2001 | Rate 1.00 | Train Loss: 0.0483 | Val Loss: 0.2517 | Acc (clean): 0.9803 | Acc (poison): 0.9898 | Val Acc: 0.9259 | Time: 00:00:09
Epoch 053 | Seed 2001 | Rate 1.00 | Train Loss: 0.0370 | Val Loss: 0.2536 | Acc (clean): 0.9835 | Acc (poison): 0.9934 | Val Acc: 0.9244 | Time: 00:00:08
Epoch 054 | Seed 2001 | Rate 1.00 | Train Loss: 0.0330 | Val Loss: 0.2362 | Acc (clean): 0.9849 | Acc (poison): 0.9942 | Val Acc: 0.9293 | Time: 00:00:09
Epoch 055 | Seed 2001 | Rate 1.00 | Train Loss: 0.0293 | Val Loss: 0.2429 | Acc (clean): 0.9854 | Acc (poison): 0.9951 | Val Acc: 0.9289 | Time: 00:00:08
Epoch 056 | Seed 2001 | Rate 1.00 | Train Loss: 0.0270 | Val Loss: 0.2371 | Acc (clean): 0.9858 | Acc (poison): 0.9954 | Val Acc: 0.9300 | Time: 00:00:08
Epoch 057 | Seed 2001 | Rate 1.00 | Train Loss: 0.0236 | Val Loss: 0.2399 | Acc (clean): 0.9874 | Acc (poison): 0.9971 | Val Acc: 0.9278 | Time: 00:00:08
Epoch 058 | Seed 2001 | Rate 1.00 | Train Loss: 0.0216 | Val Loss: 0.2406 | Acc (clean): 0.9877 | Acc (poison): 0.9974 | Val Acc: 0.9311 | Time: 00:00:08
Epoch 059 | Seed 2001 | Rate 1.00 | Train Loss: 0.0209 | Val Loss: 0.2385 | Acc (clean): 0.9879 | Acc (poison): 0.9977 | Val Acc: 0.9285 | Time: 00:00:08
Epoch 060 | Seed 2001 | Rate 1.00 | Train Loss: 0.0200 | Val Loss: 0.2389 | Acc (clean): 0.9880 | Acc (poison): 0.9978 | Val Acc: 0.9326 | Time: 00:00:08
Epoch 061 | Seed 2001 | Rate 1.00 | Train Loss: 0.0199 | Val Loss: 0.2437 | Acc (clean): 0.9877 | Acc (poison): 0.9974 | Val Acc: 0.9293 | Time: 00:00:08
Epoch 062 | Seed 2001 | Rate 1.00 | Train Loss: 0.0181 | Val Loss: 0.2304 | Acc (clean): 0.9883 | Acc (poison): 0.9981 | Val Acc: 0.9315 | Time: 00:00:09
Epoch 063 | Seed 2001 | Rate 1.00 | Train Loss: 0.0172 | Val Loss: 0.2328 | Acc (clean): 0.9890 | Acc (poison): 0.9988 | Val Acc: 0.9319 | Time: 00:00:08
Epoch 064 | Seed 2001 | Rate 1.00 | Train Loss: 0.0159 | Val Loss: 0.2305 | Acc (clean): 0.9889 | Acc (poison): 0.9988 | Val Acc: 0.9330 | Time: 00:00:08
Epoch 065 | Seed 2001 | Rate 1.00 | Train Loss: 0.0155 | Val Loss: 0.2360 | Acc (clean): 0.9889 | Acc (poison): 0.9988 | Val Acc: 0.9326 | Time: 00:00:08
Epoch 066 | Seed 2001 | Rate 1.00 | Train Loss: 0.0155 | Val Loss: 0.2303 | Acc (clean): 0.9888 | Acc (poison): 0.9988 | Val Acc: 0.9330 | Time: 00:00:09
Epoch 067 | Seed 2001 | Rate 1.00 | Train Loss: 0.0136 | Val Loss: 0.2354 | Acc (clean): 0.9891 | Acc (poison): 0.9991 | Val Acc: 0.9337 | Time: 00:00:08
Epoch 068 | Seed 2001 | Rate 1.00 | Train Loss: 0.0149 | Val Loss: 0.2318 | Acc (clean): 0.9888 | Acc (poison): 0.9984 | Val Acc: 0.9374 | Time: 00:00:08
Epoch 069 | Seed 2001 | Rate 1.00 | Train Loss: 0.0149 | Val Loss: 0.2333 | Acc (clean): 0.9888 | Acc (poison): 0.9984 | Val Acc: 0.9352 | Time: 00:00:08
Epoch 070 | Seed 2001 | Rate 1.00 | Train Loss: 0.0138 | Val Loss: 0.2338 | Acc (clean): 0.9889 | Acc (poison): 0.9988 | Val Acc: 0.9352 | Time: 00:00:08
Epoch 071 | Seed 2001 | Rate 1.00 | Train Loss: 0.0140 | Val Loss: 0.2340 | Acc (clean): 0.9891 | Acc (poison): 0.9989 | Val Acc: 0.9315 | Time: 00:00:08
Epoch 072 | Seed 2001 | Rate 1.00 | Train Loss: 0.0123 | Val Loss: 0.2322 | Acc (clean): 0.9894 | Acc (poison): 0.9993 | Val Acc: 0.9356 | Time: 00:00:08
Epoch 073 | Seed 2001 | Rate 1.00 | Train Loss: 0.0129 | Val Loss: 0.2302 | Acc (clean): 0.9891 | Acc (poison): 0.9991 | Val Acc: 0.9333 | Time: 00:00:09
Epoch 074 | Seed 2001 | Rate 1.00 | Train Loss: 0.0121 | Val Loss: 0.2301 | Acc (clean): 0.9895 | Acc (poison): 0.9993 | Val Acc: 0.9344 | Time: 00:00:09
Epoch 075 | Seed 2001 | Rate 1.00 | Train Loss: 0.0130 | Val Loss: 0.2271 | Acc (clean): 0.9894 | Acc (poison): 0.9993 | Val Acc: 0.9378 | Time: 00:00:09
Epoch 076 | Seed 2001 | Rate 1.00 | Train Loss: 0.0115 | Val Loss: 0.2272 | Acc (clean): 0.9894 | Acc (poison): 0.9993 | Val Acc: 0.9359 | Time: 00:00:08
Epoch 077 | Seed 2001 | Rate 1.00 | Train Loss: 0.0110 | Val Loss: 0.2265 | Acc (clean): 0.9895 | Acc (poison): 0.9994 | Val Acc: 0.9341 | Time: 00:00:09
Epoch 078 | Seed 2001 | Rate 1.00 | Train Loss: 0.0110 | Val Loss: 0.2287 | Acc (clean): 0.9897 | Acc (poison): 0.9996 | Val Acc: 0.9341 | Time: 00:00:08
Epoch 079 | Seed 2001 | Rate 1.00 | Train Loss: 0.0111 | Val Loss: 0.2297 | Acc (clean): 0.9896 | Acc (poison): 0.9993 | Val Acc: 0.9333 | Time: 00:00:08
Epoch 080 | Seed 2001 | Rate 1.00 | Train Loss: 0.0106 | Val Loss: 0.2280 | Acc (clean): 0.9896 | Acc (poison): 0.9996 | Val Acc: 0.9352 | Time: 00:00:08
Epoch 081 | Seed 2001 | Rate 1.00 | Train Loss: 0.0105 | Val Loss: 0.2316 | Acc (clean): 0.9896 | Acc (poison): 0.9995 | Val Acc: 0.9344 | Time: 00:00:08
Epoch 082 | Seed 2001 | Rate 1.00 | Train Loss: 0.0105 | Val Loss: 0.2297 | Acc (clean): 0.9895 | Acc (poison): 0.9995 | Val Acc: 0.9341 | Time: 00:00:08
Epoch 083 | Seed 2001 | Rate 1.00 | Train Loss: 0.0104 | Val Loss: 0.2287 | Acc (clean): 0.9895 | Acc (poison): 0.9995 | Val Acc: 0.9348 | Time: 00:00:08
Epoch 084 | Seed 2001 | Rate 1.00 | Train Loss: 0.0109 | Val Loss: 0.2235 | Acc (clean): 0.9895 | Acc (poison): 0.9994 | Val Acc: 0.9381 | Time: 00:00:09
Epoch 085 | Seed 2001 | Rate 1.00 | Train Loss: 0.0107 | Val Loss: 0.2315 | Acc (clean): 0.9895 | Acc (poison): 0.9994 | Val Acc: 0.9344 | Time: 00:00:08
Epoch 086 | Seed 2001 | Rate 1.00 | Train Loss: 0.0104 | Val Loss: 0.2290 | Acc (clean): 0.9896 | Acc (poison): 0.9996 | Val Acc: 0.9348 | Time: 00:00:08
Epoch 087 | Seed 2001 | Rate 1.00 | Train Loss: 0.0107 | Val Loss: 0.2280 | Acc (clean): 0.9895 | Acc (poison): 0.9995 | Val Acc: 0.9344 | Time: 00:00:08
Epoch 088 | Seed 2001 | Rate 1.00 | Train Loss: 0.0100 | Val Loss: 0.2284 | Acc (clean): 0.9895 | Acc (poison): 0.9995 | Val Acc: 0.9333 | Time: 00:00:08
Epoch 089 | Seed 2001 | Rate 1.00 | Train Loss: 0.0104 | Val Loss: 0.2311 | Acc (clean): 0.9898 | Acc (poison): 0.9996 | Val Acc: 0.9356 | Time: 00:00:08
Epoch 090 | Seed 2001 | Rate 1.00 | Train Loss: 0.0101 | Val Loss: 0.2320 | Acc (clean): 0.9896 | Acc (poison): 0.9996 | Val Acc: 0.9352 | Time: 00:00:08
Epoch 091 | Seed 2001 | Rate 1.00 | Train Loss: 0.0101 | Val Loss: 0.2289 | Acc (clean): 0.9898 | Acc (poison): 0.9998 | Val Acc: 0.9344 | Time: 00:00:08
Epoch 092 | Seed 2001 | Rate 1.00 | Train Loss: 0.0100 | Val Loss: 0.2301 | Acc (clean): 0.9896 | Acc (poison): 0.9996 | Val Acc: 0.9348 | Time: 00:00:08
Epoch 093 | Seed 2001 | Rate 1.00 | Train Loss: 0.0099 | Val Loss: 0.2301 | Acc (clean): 0.9896 | Acc (poison): 0.9995 | Val Acc: 0.9330 | Time: 00:00:08
Epoch 094 | Seed 2001 | Rate 1.00 | Train Loss: 0.0102 | Val Loss: 0.2318 | Acc (clean): 0.9898 | Acc (poison): 0.9996 | Val Acc: 0.9359 | Time: 00:00:08
Epoch 095 | Seed 2001 | Rate 1.00 | Train Loss: 0.0102 | Val Loss: 0.2263 | Acc (clean): 0.9895 | Acc (poison): 0.9995 | Val Acc: 0.9352 | Time: 00:00:08
Epoch 096 | Seed 2001 | Rate 1.00 | Train Loss: 0.0097 | Val Loss: 0.2328 | Acc (clean): 0.9899 | Acc (poison): 0.9998 | Val Acc: 0.9337 | Time: 00:00:08
Epoch 097 | Seed 2001 | Rate 1.00 | Train Loss: 0.0096 | Val Loss: 0.2250 | Acc (clean): 0.9897 | Acc (poison): 0.9995 | Val Acc: 0.9359 | Time: 00:00:08
Epoch 098 | Seed 2001 | Rate 1.00 | Train Loss: 0.0101 | Val Loss: 0.2327 | Acc (clean): 0.9897 | Acc (poison): 0.9996 | Val Acc: 0.9333 | Time: 00:00:08
Epoch 099 | Seed 2001 | Rate 1.00 | Train Loss: 0.0102 | Val Loss: 0.2309 | Acc (clean): 0.9897 | Acc (poison): 0.9996 | Val Acc: 0.9333 | Time: 00:00:09
Epoch 100 | Seed 2001 | Rate 1.00 | Train Loss: 0.0098 | Val Loss: 0.2245 | Acc (clean): 0.9897 | Acc (poison): 0.9997 | Val Acc: 0.9326 | Time: 00:00:08
Loading train data from /home/yazanme/BachelorThesis/BachelorThesis/data/processed/resisc45/train.h5... (in_memory=True, workers=6)
Testing torch.compile support...
Successfully compiled model using torch.compile.
Epoch 001 | Seed 2026 | Rate 0.00 | Train Loss: 2.8111 | Val Loss: 2.4683 | Acc (clean): 0.2575 | Acc (poison): 0.2575 | Val Acc: 0.3052 | Time: 00:00:10
Epoch 002 | Seed 2026 | Rate 0.00 | Train Loss: 1.8915 | Val Loss: 1.8280 | Acc (clean): 0.4499 | Acc (poison): 0.4499 | Val Acc: 0.4615 | Time: 00:00:09
Epoch 003 | Seed 2026 | Rate 0.00 | Train Loss: 1.5006 | Val Loss: 1.5277 | Acc (clean): 0.5562 | Acc (poison): 0.5562 | Val Acc: 0.5393 | Time: 00:00:09
Epoch 004 | Seed 2026 | Rate 0.00 | Train Loss: 1.2487 | Val Loss: 1.8697 | Acc (clean): 0.6226 | Acc (poison): 0.6226 | Val Acc: 0.4759 | Time: 00:00:08
Epoch 005 | Seed 2026 | Rate 0.00 | Train Loss: 1.0802 | Val Loss: 1.4941 | Acc (clean): 0.6709 | Acc (poison): 0.6709 | Val Acc: 0.5519 | Time: 00:00:09
Epoch 006 | Seed 2026 | Rate 0.00 | Train Loss: 0.9587 | Val Loss: 1.4568 | Acc (clean): 0.7019 | Acc (poison): 0.7019 | Val Acc: 0.5870 | Time: 00:00:09
Epoch 007 | Seed 2026 | Rate 0.00 | Train Loss: 0.8472 | Val Loss: 1.1134 | Acc (clean): 0.7390 | Acc (poison): 0.7390 | Val Acc: 0.6567 | Time: 00:00:09
Epoch 008 | Seed 2026 | Rate 0.00 | Train Loss: 0.7659 | Val Loss: 1.1668 | Acc (clean): 0.7623 | Acc (poison): 0.7623 | Val Acc: 0.6522 | Time: 00:00:08
Epoch 009 | Seed 2026 | Rate 0.00 | Train Loss: 0.6929 | Val Loss: 0.8700 | Acc (clean): 0.7837 | Acc (poison): 0.7837 | Val Acc: 0.7296 | Time: 00:00:09
Epoch 010 | Seed 2026 | Rate 0.00 | Train Loss: 0.6070 | Val Loss: 1.2878 | Acc (clean): 0.8086 | Acc (poison): 0.8086 | Val Acc: 0.6485 | Time: 00:00:08
Epoch 011 | Seed 2026 | Rate 0.00 | Train Loss: 0.5601 | Val Loss: 0.8806 | Acc (clean): 0.8216 | Acc (poison): 0.8216 | Val Acc: 0.7341 | Time: 00:00:08
Epoch 012 | Seed 2026 | Rate 0.00 | Train Loss: 0.5101 | Val Loss: 0.8565 | Acc (clean): 0.8404 | Acc (poison): 0.8404 | Val Acc: 0.7330 | Time: 00:00:09
Epoch 013 | Seed 2026 | Rate 0.00 | Train Loss: 0.4831 | Val Loss: 0.8032 | Acc (clean): 0.8465 | Acc (poison): 0.8465 | Val Acc: 0.7474 | Time: 00:00:09
Epoch 014 | Seed 2026 | Rate 0.00 | Train Loss: 0.4646 | Val Loss: 0.8338 | Acc (clean): 0.8511 | Acc (poison): 0.8511 | Val Acc: 0.7341 | Time: 00:00:08
Epoch 015 | Seed 2026 | Rate 0.00 | Train Loss: 0.4205 | Val Loss: 0.8730 | Acc (clean): 0.8684 | Acc (poison): 0.8684 | Val Acc: 0.7441 | Time: 00:00:08
Epoch 016 | Seed 2026 | Rate 0.00 | Train Loss: 0.4038 | Val Loss: 0.7366 | Acc (clean): 0.8704 | Acc (poison): 0.8704 | Val Acc: 0.7778 | Time: 00:00:09
Epoch 017 | Seed 2026 | Rate 0.00 | Train Loss: 0.3890 | Val Loss: 0.6993 | Acc (clean): 0.8767 | Acc (poison): 0.8767 | Val Acc: 0.7885 | Time: 00:00:09
Epoch 018 | Seed 2026 | Rate 0.00 | Train Loss: 0.3793 | Val Loss: 0.8628 | Acc (clean): 0.8792 | Acc (poison): 0.8792 | Val Acc: 0.7404 | Time: 00:00:08
Epoch 019 | Seed 2026 | Rate 0.00 | Train Loss: 0.3577 | Val Loss: 0.7711 | Acc (clean): 0.8878 | Acc (poison): 0.8878 | Val Acc: 0.7759 | Time: 00:00:08
Epoch 020 | Seed 2026 | Rate 0.00 | Train Loss: 0.3551 | Val Loss: 0.6458 | Acc (clean): 0.8867 | Acc (poison): 0.8867 | Val Acc: 0.8037 | Time: 00:00:09
Epoch 021 | Seed 2026 | Rate 0.00 | Train Loss: 0.3409 | Val Loss: 0.7529 | Acc (clean): 0.8919 | Acc (poison): 0.8919 | Val Acc: 0.7867 | Time: 00:00:08
Epoch 022 | Seed 2026 | Rate 0.00 | Train Loss: 0.3396 | Val Loss: 0.7935 | Acc (clean): 0.8905 | Acc (poison): 0.8905 | Val Acc: 0.7693 | Time: 00:00:08
Epoch 023 | Seed 2026 | Rate 0.00 | Train Loss: 0.3205 | Val Loss: 0.6478 | Acc (clean): 0.8962 | Acc (poison): 0.8962 | Val Acc: 0.7978 | Time: 00:00:08
Epoch 024 | Seed 2026 | Rate 0.00 | Train Loss: 0.3176 | Val Loss: 0.8042 | Acc (clean): 0.8974 | Acc (poison): 0.8974 | Val Acc: 0.7681 | Time: 00:00:08
Epoch 025 | Seed 2026 | Rate 0.00 | Train Loss: 0.3121 | Val Loss: 0.7169 | Acc (clean): 0.9008 | Acc (poison): 0.9008 | Val Acc: 0.7870 | Time: 00:00:08
Epoch 026 | Seed 2026 | Rate 0.00 | Train Loss: 0.3079 | Val Loss: 0.8658 | Acc (clean): 0.9011 | Acc (poison): 0.9011 | Val Acc: 0.7574 | Time: 00:00:08
Epoch 027 | Seed 2026 | Rate 0.00 | Train Loss: 0.2969 | Val Loss: 0.8078 | Acc (clean): 0.9047 | Acc (poison): 0.9047 | Val Acc: 0.7667 | Time: 00:00:08
Epoch 028 | Seed 2026 | Rate 0.00 | Train Loss: 0.2933 | Val Loss: 0.9230 | Acc (clean): 0.9046 | Acc (poison): 0.9046 | Val Acc: 0.7541 | Time: 00:00:08
Epoch 029 | Seed 2026 | Rate 0.00 | Train Loss: 0.2872 | Val Loss: 0.6388 | Acc (clean): 0.9073 | Acc (poison): 0.9073 | Val Acc: 0.8015 | Time: 00:00:09
Epoch 030 | Seed 2026 | Rate 0.00 | Train Loss: 0.2836 | Val Loss: 0.6606 | Acc (clean): 0.9099 | Acc (poison): 0.9099 | Val Acc: 0.8059 | Time: 00:00:08
Epoch 031 | Seed 2026 | Rate 0.00 | Train Loss: 0.2847 | Val Loss: 0.6472 | Acc (clean): 0.9095 | Acc (poison): 0.9095 | Val Acc: 0.8093 | Time: 00:00:08
Epoch 032 | Seed 2026 | Rate 0.00 | Train Loss: 0.2724 | Val Loss: 1.1131 | Acc (clean): 0.9114 | Acc (poison): 0.9114 | Val Acc: 0.7126 | Time: 00:00:08
Epoch 033 | Seed 2026 | Rate 0.00 | Train Loss: 0.2777 | Val Loss: 0.5814 | Acc (clean): 0.9083 | Acc (poison): 0.9083 | Val Acc: 0.8274 | Time: 00:00:09
Epoch 034 | Seed 2026 | Rate 0.00 | Train Loss: 0.2682 | Val Loss: 0.8795 | Acc (clean): 0.9140 | Acc (poison): 0.9140 | Val Acc: 0.7611 | Time: 00:00:08
Epoch 035 | Seed 2026 | Rate 0.00 | Train Loss: 0.2537 | Val Loss: 0.8841 | Acc (clean): 0.9188 | Acc (poison): 0.9188 | Val Acc: 0.7663 | Time: 00:00:08
Epoch 036 | Seed 2026 | Rate 0.00 | Train Loss: 0.2704 | Val Loss: 0.7669 | Acc (clean): 0.9144 | Acc (poison): 0.9144 | Val Acc: 0.7759 | Time: 00:00:08
Epoch 037 | Seed 2026 | Rate 0.00 | Train Loss: 0.2570 | Val Loss: 0.7839 | Acc (clean): 0.9191 | Acc (poison): 0.9191 | Val Acc: 0.7704 | Time: 00:00:08
Epoch 038 | Seed 2026 | Rate 0.00 | Train Loss: 0.2555 | Val Loss: 0.7851 | Acc (clean): 0.9172 | Acc (poison): 0.9172 | Val Acc: 0.7744 | Time: 00:00:08
Epoch 039 | Seed 2026 | Rate 0.00 | Train Loss: 0.2565 | Val Loss: 0.5384 | Acc (clean): 0.9178 | Acc (poison): 0.9178 | Val Acc: 0.8441 | Time: 00:00:09
Epoch 040 | Seed 2026 | Rate 0.00 | Train Loss: 0.2532 | Val Loss: 0.7348 | Acc (clean): 0.9190 | Acc (poison): 0.9190 | Val Acc: 0.7852 | Time: 00:00:08
Epoch 041 | Seed 2026 | Rate 0.00 | Train Loss: 0.2627 | Val Loss: 0.6234 | Acc (clean): 0.9170 | Acc (poison): 0.9170 | Val Acc: 0.8122 | Time: 00:00:08
Epoch 042 | Seed 2026 | Rate 0.00 | Train Loss: 0.2444 | Val Loss: 0.5899 | Acc (clean): 0.9210 | Acc (poison): 0.9210 | Val Acc: 0.8156 | Time: 00:00:09
Epoch 043 | Seed 2026 | Rate 0.00 | Train Loss: 0.2484 | Val Loss: 0.7525 | Acc (clean): 0.9227 | Acc (poison): 0.9227 | Val Acc: 0.7819 | Time: 00:00:09
Epoch 044 | Seed 2026 | Rate 0.00 | Train Loss: 0.2462 | Val Loss: 0.5782 | Acc (clean): 0.9226 | Acc (poison): 0.9226 | Val Acc: 0.8219 | Time: 00:00:08
Epoch 045 | Seed 2026 | Rate 0.00 | Train Loss: 0.2564 | Val Loss: 0.9803 | Acc (clean): 0.9178 | Acc (poison): 0.9178 | Val Acc: 0.7374 | Time: 00:00:08
Epoch 046 | Seed 2026 | Rate 0.00 | Train Loss: 0.2386 | Val Loss: 0.7273 | Acc (clean): 0.9237 | Acc (poison): 0.9237 | Val Acc: 0.7989 | Time: 00:00:08
Epoch 047 | Seed 2026 | Rate 0.00 | Train Loss: 0.2410 | Val Loss: 0.7200 | Acc (clean): 0.9247 | Acc (poison): 0.9247 | Val Acc: 0.7941 | Time: 00:00:08
Epoch 048 | Seed 2026 | Rate 0.00 | Train Loss: 0.2398 | Val Loss: 0.5687 | Acc (clean): 0.9251 | Acc (poison): 0.9251 | Val Acc: 0.8311 | Time: 00:00:09
Epoch 049 | Seed 2026 | Rate 0.00 | Train Loss: 0.2327 | Val Loss: 0.6627 | Acc (clean): 0.9281 | Acc (poison): 0.9281 | Val Acc: 0.8100 | Time: 00:00:09
Epoch 050 | Seed 2026 | Rate 0.00 | Train Loss: 0.2448 | Val Loss: 0.5732 | Acc (clean): 0.9228 | Acc (poison): 0.9228 | Val Acc: 0.8352 | Time: 00:00:08
Epoch 051 | Seed 2026 | Rate 0.00 | Train Loss: 0.1001 | Val Loss: 0.2499 | Acc (clean): 0.9722 | Acc (poison): 0.9722 | Val Acc: 0.9222 | Time: 00:00:09
Epoch 052 | Seed 2026 | Rate 0.00 | Train Loss: 0.0562 | Val Loss: 0.2388 | Acc (clean): 0.9879 | Acc (poison): 0.9879 | Val Acc: 0.9248 | Time: 00:00:09
Epoch 053 | Seed 2026 | Rate 0.00 | Train Loss: 0.0452 | Val Loss: 0.2348 | Acc (clean): 0.9907 | Acc (poison): 0.9907 | Val Acc: 0.9293 | Time: 00:00:09
Epoch 054 | Seed 2026 | Rate 0.00 | Train Loss: 0.0392 | Val Loss: 0.2340 | Acc (clean): 0.9925 | Acc (poison): 0.9925 | Val Acc: 0.9274 | Time: 00:00:09
Epoch 055 | Seed 2026 | Rate 0.00 | Train Loss: 0.0345 | Val Loss: 0.2228 | Acc (clean): 0.9936 | Acc (poison): 0.9936 | Val Acc: 0.9326 | Time: 00:00:09
Epoch 056 | Seed 2026 | Rate 0.00 | Train Loss: 0.0310 | Val Loss: 0.2274 | Acc (clean): 0.9948 | Acc (poison): 0.9948 | Val Acc: 0.9285 | Time: 00:00:09
Epoch 057 | Seed 2026 | Rate 0.00 | Train Loss: 0.0297 | Val Loss: 0.2290 | Acc (clean): 0.9950 | Acc (poison): 0.9950 | Val Acc: 0.9304 | Time: 00:00:08
Epoch 058 | Seed 2026 | Rate 0.00 | Train Loss: 0.0255 | Val Loss: 0.2239 | Acc (clean): 0.9962 | Acc (poison): 0.9962 | Val Acc: 0.9341 | Time: 00:00:09
Epoch 059 | Seed 2026 | Rate 0.00 | Train Loss: 0.0252 | Val Loss: 0.2227 | Acc (clean): 0.9962 | Acc (poison): 0.9962 | Val Acc: 0.9319 | Time: 00:00:09
Epoch 060 | Seed 2026 | Rate 0.00 | Train Loss: 0.0221 | Val Loss: 0.2206 | Acc (clean): 0.9974 | Acc (poison): 0.9974 | Val Acc: 0.9319 | Time: 00:00:08
Epoch 061 | Seed 2026 | Rate 0.00 | Train Loss: 0.0214 | Val Loss: 0.2226 | Acc (clean): 0.9977 | Acc (poison): 0.9977 | Val Acc: 0.9322 | Time: 00:00:08
Epoch 062 | Seed 2026 | Rate 0.00 | Train Loss: 0.0197 | Val Loss: 0.2192 | Acc (clean): 0.9977 | Acc (poison): 0.9977 | Val Acc: 0.9330 | Time: 00:00:09
Epoch 063 | Seed 2026 | Rate 0.00 | Train Loss: 0.0195 | Val Loss: 0.2170 | Acc (clean): 0.9977 | Acc (poison): 0.9977 | Val Acc: 0.9352 | Time: 00:00:08
Epoch 064 | Seed 2026 | Rate 0.00 | Train Loss: 0.0180 | Val Loss: 0.2153 | Acc (clean): 0.9981 | Acc (poison): 0.9981 | Val Acc: 0.9333 | Time: 00:00:08
Epoch 065 | Seed 2026 | Rate 0.00 | Train Loss: 0.0173 | Val Loss: 0.2213 | Acc (clean): 0.9982 | Acc (poison): 0.9982 | Val Acc: 0.9330 | Time: 00:00:08
Epoch 066 | Seed 2026 | Rate 0.00 | Train Loss: 0.0166 | Val Loss: 0.2201 | Acc (clean): 0.9983 | Acc (poison): 0.9983 | Val Acc: 0.9344 | Time: 00:00:08
Epoch 067 | Seed 2026 | Rate 0.00 | Train Loss: 0.0170 | Val Loss: 0.2129 | Acc (clean): 0.9984 | Acc (poison): 0.9984 | Val Acc: 0.9330 | Time: 00:00:08
Epoch 068 | Seed 2026 | Rate 0.00 | Train Loss: 0.0160 | Val Loss: 0.2174 | Acc (clean): 0.9987 | Acc (poison): 0.9987 | Val Acc: 0.9341 | Time: 00:00:08
Epoch 069 | Seed 2026 | Rate 0.00 | Train Loss: 0.0144 | Val Loss: 0.2152 | Acc (clean): 0.9988 | Acc (poison): 0.9988 | Val Acc: 0.9341 | Time: 00:00:08
Epoch 070 | Seed 2026 | Rate 0.00 | Train Loss: 0.0151 | Val Loss: 0.2139 | Acc (clean): 0.9986 | Acc (poison): 0.9986 | Val Acc: 0.9367 | Time: 00:00:09
Epoch 071 | Seed 2026 | Rate 0.00 | Train Loss: 0.0147 | Val Loss: 0.2174 | Acc (clean): 0.9985 | Acc (poison): 0.9985 | Val Acc: 0.9344 | Time: 00:00:08
Epoch 072 | Seed 2026 | Rate 0.00 | Train Loss: 0.0141 | Val Loss: 0.2122 | Acc (clean): 0.9989 | Acc (poison): 0.9989 | Val Acc: 0.9341 | Time: 00:00:08
Epoch 073 | Seed 2026 | Rate 0.00 | Train Loss: 0.0142 | Val Loss: 0.2083 | Acc (clean): 0.9986 | Acc (poison): 0.9986 | Val Acc: 0.9374 | Time: 00:00:08
Epoch 074 | Seed 2026 | Rate 0.00 | Train Loss: 0.0130 | Val Loss: 0.2106 | Acc (clean): 0.9991 | Acc (poison): 0.9991 | Val Acc: 0.9367 | Time: 00:00:08
Epoch 075 | Seed 2026 | Rate 0.00 | Train Loss: 0.0125 | Val Loss: 0.2201 | Acc (clean): 0.9995 | Acc (poison): 0.9995 | Val Acc: 0.9330 | Time: 00:00:08
Epoch 076 | Seed 2026 | Rate 0.00 | Train Loss: 0.0118 | Val Loss: 0.2138 | Acc (clean): 0.9993 | Acc (poison): 0.9993 | Val Acc: 0.9333 | Time: 00:00:08
Epoch 077 | Seed 2026 | Rate 0.00 | Train Loss: 0.0115 | Val Loss: 0.2116 | Acc (clean): 0.9993 | Acc (poison): 0.9993 | Val Acc: 0.9352 | Time: 00:00:08
Epoch 078 | Seed 2026 | Rate 0.00 | Train Loss: 0.0117 | Val Loss: 0.2121 | Acc (clean): 0.9993 | Acc (poison): 0.9993 | Val Acc: 0.9348 | Time: 00:00:08
Epoch 079 | Seed 2026 | Rate 0.00 | Train Loss: 0.0106 | Val Loss: 0.2160 | Acc (clean): 0.9997 | Acc (poison): 0.9997 | Val Acc: 0.9337 | Time: 00:00:08
Epoch 080 | Seed 2026 | Rate 0.00 | Train Loss: 0.0112 | Val Loss: 0.2141 | Acc (clean): 0.9995 | Acc (poison): 0.9995 | Val Acc: 0.9330 | Time: 00:00:09
Epoch 081 | Seed 2026 | Rate 0.00 | Train Loss: 0.0109 | Val Loss: 0.2133 | Acc (clean): 0.9995 | Acc (poison): 0.9995 | Val Acc: 0.9333 | Time: 00:00:08
Epoch 082 | Seed 2026 | Rate 0.00 | Train Loss: 0.0114 | Val Loss: 0.2126 | Acc (clean): 0.9995 | Acc (poison): 0.9995 | Val Acc: 0.9341 | Time: 00:00:09
Epoch 083 | Seed 2026 | Rate 0.00 | Train Loss: 0.0111 | Val Loss: 0.2111 | Acc (clean): 0.9994 | Acc (poison): 0.9994 | Val Acc: 0.9344 | Time: 00:00:08
Epoch 084 | Seed 2026 | Rate 0.00 | Train Loss: 0.0107 | Val Loss: 0.2105 | Acc (clean): 0.9995 | Acc (poison): 0.9995 | Val Acc: 0.9333 | Time: 00:00:08
Epoch 085 | Seed 2026 | Rate 0.00 | Train Loss: 0.0104 | Val Loss: 0.2156 | Acc (clean): 0.9996 | Acc (poison): 0.9996 | Val Acc: 0.9333 | Time: 00:00:09
Epoch 086 | Seed 2026 | Rate 0.00 | Train Loss: 0.0109 | Val Loss: 0.2123 | Acc (clean): 0.9995 | Acc (poison): 0.9995 | Val Acc: 0.9367 | Time: 00:00:08
Epoch 087 | Seed 2026 | Rate 0.00 | Train Loss: 0.0105 | Val Loss: 0.2143 | Acc (clean): 0.9995 | Acc (poison): 0.9995 | Val Acc: 0.9348 | Time: 00:00:09
Epoch 088 | Seed 2026 | Rate 0.00 | Train Loss: 0.0111 | Val Loss: 0.2099 | Acc (clean): 0.9993 | Acc (poison): 0.9993 | Val Acc: 0.9341 | Time: 00:00:08
Epoch 089 | Seed 2026 | Rate 0.00 | Train Loss: 0.0104 | Val Loss: 0.2086 | Acc (clean): 0.9996 | Acc (poison): 0.9996 | Val Acc: 0.9370 | Time: 00:00:08
Epoch 090 | Seed 2026 | Rate 0.00 | Train Loss: 0.0101 | Val Loss: 0.2125 | Acc (clean): 0.9997 | Acc (poison): 0.9997 | Val Acc: 0.9352 | Time: 00:00:08
Epoch 091 | Seed 2026 | Rate 0.00 | Train Loss: 0.0104 | Val Loss: 0.2113 | Acc (clean): 0.9997 | Acc (poison): 0.9997 | Val Acc: 0.9359 | Time: 00:00:08
Epoch 092 | Seed 2026 | Rate 0.00 | Train Loss: 0.0103 | Val Loss: 0.2140 | Acc (clean): 0.9994 | Acc (poison): 0.9994 | Val Acc: 0.9330 | Time: 00:00:08
Epoch 093 | Seed 2026 | Rate 0.00 | Train Loss: 0.0104 | Val Loss: 0.2139 | Acc (clean): 0.9997 | Acc (poison): 0.9997 | Val Acc: 0.9348 | Time: 00:00:08
Epoch 094 | Seed 2026 | Rate 0.00 | Train Loss: 0.0102 | Val Loss: 0.2139 | Acc (clean): 0.9996 | Acc (poison): 0.9996 | Val Acc: 0.9348 | Time: 00:00:08
Epoch 095 | Seed 2026 | Rate 0.00 | Train Loss: 0.0102 | Val Loss: 0.2110 | Acc (clean): 0.9995 | Acc (poison): 0.9995 | Val Acc: 0.9352 | Time: 00:00:08
Epoch 096 | Seed 2026 | Rate 0.00 | Train Loss: 0.0101 | Val Loss: 0.2140 | Acc (clean): 0.9998 | Acc (poison): 0.9998 | Val Acc: 0.9348 | Time: 00:00:09
Epoch 097 | Seed 2026 | Rate 0.00 | Train Loss: 0.0107 | Val Loss: 0.2112 | Acc (clean): 0.9995 | Acc (poison): 0.9995 | Val Acc: 0.9352 | Time: 00:00:08
Epoch 098 | Seed 2026 | Rate 0.00 | Train Loss: 0.0103 | Val Loss: 0.2084 | Acc (clean): 0.9996 | Acc (poison): 0.9996 | Val Acc: 0.9348 | Time: 00:00:08
Epoch 099 | Seed 2026 | Rate 0.00 | Train Loss: 0.0101 | Val Loss: 0.2106 | Acc (clean): 0.9998 | Acc (poison): 0.9998 | Val Acc: 0.9337 | Time: 00:00:08
Epoch 100 | Seed 2026 | Rate 0.00 | Train Loss: 0.0104 | Val Loss: 0.2125 | Acc (clean): 0.9994 | Acc (poison): 0.9994 | Val Acc: 0.9344 | Time: 00:00:08
Loading train data from /home/yazanme/BachelorThesis/BachelorThesis/data/processed/resisc45/train.h5 with mapping /home/yazanme/BachelorThesis/BachelorThesis/data/processed/resisc45/poisoned/RQ2.4/seed_2026/labels.pt... (in_memory=True, workers=6)
Testing torch.compile support...
Successfully compiled model using torch.compile.
Epoch 001 | Seed 2026 | Rate 1.00 | Train Loss: 2.7545 | Val Loss: 2.4741 | Acc (clean): 0.2698 | Acc (poison): 0.2716 | Val Acc: 0.2926 | Time: 00:00:10
Epoch 002 | Seed 2026 | Rate 1.00 | Train Loss: 1.8219 | Val Loss: 1.6669 | Acc (clean): 0.4625 | Acc (poison): 0.4663 | Val Acc: 0.5030 | Time: 00:00:09
Epoch 003 | Seed 2026 | Rate 1.00 | Train Loss: 1.4668 | Val Loss: 1.6480 | Acc (clean): 0.5593 | Acc (poison): 0.5642 | Val Acc: 0.5315 | Time: 00:00:09
Epoch 004 | Seed 2026 | Rate 1.00 | Train Loss: 1.2354 | Val Loss: 1.1981 | Acc (clean): 0.6252 | Acc (poison): 0.6310 | Val Acc: 0.6352 | Time: 00:00:09
Epoch 005 | Seed 2026 | Rate 1.00 | Train Loss: 1.0683 | Val Loss: 1.3531 | Acc (clean): 0.6681 | Acc (poison): 0.6739 | Val Acc: 0.6089 | Time: 00:00:08
Epoch 006 | Seed 2026 | Rate 1.00 | Train Loss: 0.9314 | Val Loss: 1.6570 | Acc (clean): 0.7034 | Acc (poison): 0.7095 | Val Acc: 0.5559 | Time: 00:00:08
Epoch 007 | Seed 2026 | Rate 1.00 | Train Loss: 0.7995 | Val Loss: 1.0548 | Acc (clean): 0.7432 | Acc (poison): 0.7500 | Val Acc: 0.6915 | Time: 00:00:09
Epoch 008 | Seed 2026 | Rate 1.00 | Train Loss: 0.6834 | Val Loss: 1.3896 | Acc (clean): 0.7783 | Acc (poison): 0.7851 | Val Acc: 0.6170 | Time: 00:00:08
Epoch 009 | Seed 2026 | Rate 1.00 | Train Loss: 0.6065 | Val Loss: 0.9248 | Acc (clean): 0.8006 | Acc (poison): 0.8081 | Val Acc: 0.7222 | Time: 00:00:09
Epoch 010 | Seed 2026 | Rate 1.00 | Train Loss: 0.5395 | Val Loss: 1.1204 | Acc (clean): 0.8202 | Acc (poison): 0.8280 | Val Acc: 0.6781 | Time: 00:00:08
Epoch 011 | Seed 2026 | Rate 1.00 | Train Loss: 0.5015 | Val Loss: 0.8572 | Acc (clean): 0.8362 | Acc (poison): 0.8437 | Val Acc: 0.7400 | Time: 00:00:09
Epoch 012 | Seed 2026 | Rate 1.00 | Train Loss: 0.4607 | Val Loss: 0.8204 | Acc (clean): 0.8454 | Acc (poison): 0.8529 | Val Acc: 0.7563 | Time: 00:00:09
Epoch 013 | Seed 2026 | Rate 1.00 | Train Loss: 0.4320 | Val Loss: 0.6890 | Acc (clean): 0.8512 | Acc (poison): 0.8595 | Val Acc: 0.7896 | Time: 00:00:09
Epoch 014 | Seed 2026 | Rate 1.00 | Train Loss: 0.4132 | Val Loss: 0.6480 | Acc (clean): 0.8601 | Acc (poison): 0.8675 | Val Acc: 0.7922 | Time: 00:00:09
Epoch 015 | Seed 2026 | Rate 1.00 | Train Loss: 0.3918 | Val Loss: 0.6286 | Acc (clean): 0.8655 | Acc (poison): 0.8731 | Val Acc: 0.8170 | Time: 00:00:09
Epoch 016 | Seed 2026 | Rate 1.00 | Train Loss: 0.3733 | Val Loss: 0.6534 | Acc (clean): 0.8718 | Acc (poison): 0.8794 | Val Acc: 0.8063 | Time: 00:00:08
Epoch 017 | Seed 2026 | Rate 1.00 | Train Loss: 0.3581 | Val Loss: 0.7201 | Acc (clean): 0.8789 | Acc (poison): 0.8872 | Val Acc: 0.7848 | Time: 00:00:08
Epoch 018 | Seed 2026 | Rate 1.00 | Train Loss: 0.3540 | Val Loss: 0.9179 | Acc (clean): 0.8770 | Acc (poison): 0.8844 | Val Acc: 0.7467 | Time: 00:00:08
Epoch 019 | Seed 2026 | Rate 1.00 | Train Loss: 0.3470 | Val Loss: 0.6122 | Acc (clean): 0.8802 | Acc (poison): 0.8885 | Val Acc: 0.8170 | Time: 00:00:09
Epoch 020 | Seed 2026 | Rate 1.00 | Train Loss: 0.3253 | Val Loss: 0.6090 | Acc (clean): 0.8863 | Acc (poison): 0.8946 | Val Acc: 0.8144 | Time: 00:00:09
Epoch 021 | Seed 2026 | Rate 1.00 | Train Loss: 0.3150 | Val Loss: 0.7335 | Acc (clean): 0.8901 | Acc (poison): 0.8988 | Val Acc: 0.7915 | Time: 00:00:08
Epoch 022 | Seed 2026 | Rate 1.00 | Train Loss: 0.3170 | Val Loss: 0.9046 | Acc (clean): 0.8921 | Acc (poison): 0.9002 | Val Acc: 0.7433 | Time: 00:00:08
Epoch 023 | Seed 2026 | Rate 1.00 | Train Loss: 0.3036 | Val Loss: 0.7955 | Acc (clean): 0.8934 | Acc (poison): 0.9007 | Val Acc: 0.7678 | Time: 00:00:08
Epoch 024 | Seed 2026 | Rate 1.00 | Train Loss: 0.3022 | Val Loss: 0.6829 | Acc (clean): 0.8948 | Acc (poison): 0.9032 | Val Acc: 0.8041 | Time: 00:00:08
Epoch 025 | Seed 2026 | Rate 1.00 | Train Loss: 0.2909 | Val Loss: 0.9715 | Acc (clean): 0.8987 | Acc (poison): 0.9063 | Val Acc: 0.7181 | Time: 00:00:08
Epoch 026 | Seed 2026 | Rate 1.00 | Train Loss: 0.2865 | Val Loss: 0.6659 | Acc (clean): 0.9019 | Acc (poison): 0.9103 | Val Acc: 0.8037 | Time: 00:00:08
Epoch 027 | Seed 2026 | Rate 1.00 | Train Loss: 0.2741 | Val Loss: 0.7691 | Acc (clean): 0.9057 | Acc (poison): 0.9141 | Val Acc: 0.7885 | Time: 00:00:09
Epoch 028 | Seed 2026 | Rate 1.00 | Train Loss: 0.2704 | Val Loss: 1.0551 | Acc (clean): 0.9055 | Acc (poison): 0.9133 | Val Acc: 0.7041 | Time: 00:00:08
Epoch 029 | Seed 2026 | Rate 1.00 | Train Loss: 0.2797 | Val Loss: 0.6925 | Acc (clean): 0.9009 | Acc (poison): 0.9094 | Val Acc: 0.8089 | Time: 00:00:09
Epoch 030 | Seed 2026 | Rate 1.00 | Train Loss: 0.2643 | Val Loss: 0.8711 | Acc (clean): 0.9061 | Acc (poison): 0.9143 | Val Acc: 0.7652 | Time: 00:00:08
Epoch 031 | Seed 2026 | Rate 1.00 | Train Loss: 0.2660 | Val Loss: 0.7592 | Acc (clean): 0.9070 | Acc (poison): 0.9152 | Val Acc: 0.7844 | Time: 00:00:08
Epoch 032 | Seed 2026 | Rate 1.00 | Train Loss: 0.2554 | Val Loss: 0.8054 | Acc (clean): 0.9086 | Acc (poison): 0.9175 | Val Acc: 0.7763 | Time: 00:00:08
Epoch 033 | Seed 2026 | Rate 1.00 | Train Loss: 0.2612 | Val Loss: 0.7098 | Acc (clean): 0.9097 | Acc (poison): 0.9175 | Val Acc: 0.7956 | Time: 00:00:08
Epoch 034 | Seed 2026 | Rate 1.00 | Train Loss: 0.2647 | Val Loss: 0.6552 | Acc (clean): 0.9083 | Acc (poison): 0.9166 | Val Acc: 0.8193 | Time: 00:00:08
Epoch 035 | Seed 2026 | Rate 1.00 | Train Loss: 0.2468 | Val Loss: 0.6541 | Acc (clean): 0.9117 | Acc (poison): 0.9200 | Val Acc: 0.8059 | Time: 00:00:08
Epoch 036 | Seed 2026 | Rate 1.00 | Train Loss: 0.2421 | Val Loss: 0.7355 | Acc (clean): 0.9144 | Acc (poison): 0.9225 | Val Acc: 0.7944 | Time: 00:00:08
Epoch 037 | Seed 2026 | Rate 1.00 | Train Loss: 0.2490 | Val Loss: 0.7666 | Acc (clean): 0.9112 | Acc (poison): 0.9192 | Val Acc: 0.7870 | Time: 00:00:08
Epoch 038 | Seed 2026 | Rate 1.00 | Train Loss: 0.2427 | Val Loss: 0.6769 | Acc (clean): 0.9142 | Acc (poison): 0.9227 | Val Acc: 0.8022 | Time: 00:00:08
Epoch 039 | Seed 2026 | Rate 1.00 | Train Loss: 0.2453 | Val Loss: 0.8899 | Acc (clean): 0.9131 | Acc (poison): 0.9211 | Val Acc: 0.7663 | Time: 00:00:08
Epoch 040 | Seed 2026 | Rate 1.00 | Train Loss: 0.2401 | Val Loss: 0.7123 | Acc (clean): 0.9139 | Acc (poison): 0.9220 | Val Acc: 0.7978 | Time: 00:00:08
Epoch 041 | Seed 2026 | Rate 1.00 | Train Loss: 0.2479 | Val Loss: 0.5664 | Acc (clean): 0.9132 | Acc (poison): 0.9218 | Val Acc: 0.8204 | Time: 00:00:10
Epoch 042 | Seed 2026 | Rate 1.00 | Train Loss: 0.2308 | Val Loss: 0.8726 | Acc (clean): 0.9181 | Acc (poison): 0.9270 | Val Acc: 0.7541 | Time: 00:00:08
Epoch 043 | Seed 2026 | Rate 1.00 | Train Loss: 0.2263 | Val Loss: 0.6782 | Acc (clean): 0.9208 | Acc (poison): 0.9284 | Val Acc: 0.8019 | Time: 00:00:08
Epoch 044 | Seed 2026 | Rate 1.00 | Train Loss: 0.2335 | Val Loss: 0.7341 | Acc (clean): 0.9167 | Acc (poison): 0.9250 | Val Acc: 0.7889 | Time: 00:00:08
Epoch 045 | Seed 2026 | Rate 1.00 | Train Loss: 0.2455 | Val Loss: 0.7529 | Acc (clean): 0.9133 | Acc (poison): 0.9218 | Val Acc: 0.7793 | Time: 00:00:08
Epoch 046 | Seed 2026 | Rate 1.00 | Train Loss: 0.2259 | Val Loss: 0.6858 | Acc (clean): 0.9189 | Acc (poison): 0.9272 | Val Acc: 0.8030 | Time: 00:00:08
Epoch 047 | Seed 2026 | Rate 1.00 | Train Loss: 0.2320 | Val Loss: 0.6186 | Acc (clean): 0.9195 | Acc (poison): 0.9274 | Val Acc: 0.8237 | Time: 00:00:09
Epoch 048 | Seed 2026 | Rate 1.00 | Train Loss: 0.2415 | Val Loss: 0.6341 | Acc (clean): 0.9166 | Acc (poison): 0.9251 | Val Acc: 0.8144 | Time: 00:00:08
Epoch 049 | Seed 2026 | Rate 1.00 | Train Loss: 0.2222 | Val Loss: 0.7426 | Acc (clean): 0.9214 | Acc (poison): 0.9302 | Val Acc: 0.7900 | Time: 00:00:08
Epoch 050 | Seed 2026 | Rate 1.00 | Train Loss: 0.2196 | Val Loss: 0.9313 | Acc (clean): 0.9219 | Acc (poison): 0.9302 | Val Acc: 0.7826 | Time: 00:00:08
Epoch 051 | Seed 2026 | Rate 1.00 | Train Loss: 0.0876 | Val Loss: 0.2595 | Acc (clean): 0.9680 | Acc (poison): 0.9775 | Val Acc: 0.9241 | Time: 00:00:09
Epoch 052 | Seed 2026 | Rate 1.00 | Train Loss: 0.0470 | Val Loss: 0.2528 | Acc (clean): 0.9807 | Acc (poison): 0.9904 | Val Acc: 0.9281 | Time: 00:00:09
Epoch 053 | Seed 2026 | Rate 1.00 | Train Loss: 0.0395 | Val Loss: 0.2441 | Acc (clean): 0.9828 | Acc (poison): 0.9924 | Val Acc: 0.9319 | Time: 00:00:09
Epoch 054 | Seed 2026 | Rate 1.00 | Train Loss: 0.0338 | Val Loss: 0.2508 | Acc (clean): 0.9837 | Acc (poison): 0.9936 | Val Acc: 0.9293 | Time: 00:00:08
Epoch 055 | Seed 2026 | Rate 1.00 | Train Loss: 0.0289 | Val Loss: 0.2518 | Acc (clean): 0.9850 | Acc (poison): 0.9951 | Val Acc: 0.9270 | Time: 00:00:08
Epoch 056 | Seed 2026 | Rate 1.00 | Train Loss: 0.0269 | Val Loss: 0.2477 | Acc (clean): 0.9854 | Acc (poison): 0.9954 | Val Acc: 0.9296 | Time: 00:00:08
Epoch 057 | Seed 2026 | Rate 1.00 | Train Loss: 0.0235 | Val Loss: 0.2485 | Acc (clean): 0.9864 | Acc (poison): 0.9967 | Val Acc: 0.9289 | Time: 00:00:08
Epoch 058 | Seed 2026 | Rate 1.00 | Train Loss: 0.0217 | Val Loss: 0.2440 | Acc (clean): 0.9869 | Acc (poison): 0.9971 | Val Acc: 0.9296 | Time: 00:00:09
Epoch 059 | Seed 2026 | Rate 1.00 | Train Loss: 0.0218 | Val Loss: 0.2423 | Acc (clean): 0.9865 | Acc (poison): 0.9967 | Val Acc: 0.9300 | Time: 00:00:09
Epoch 060 | Seed 2026 | Rate 1.00 | Train Loss: 0.0197 | Val Loss: 0.2397 | Acc (clean): 0.9879 | Acc (poison): 0.9981 | Val Acc: 0.9319 | Time: 00:00:09
Epoch 061 | Seed 2026 | Rate 1.00 | Train Loss: 0.0202 | Val Loss: 0.2454 | Acc (clean): 0.9876 | Acc (poison): 0.9974 | Val Acc: 0.9319 | Time: 00:00:08
Epoch 062 | Seed 2026 | Rate 1.00 | Train Loss: 0.0188 | Val Loss: 0.2429 | Acc (clean): 0.9875 | Acc (poison): 0.9979 | Val Acc: 0.9330 | Time: 00:00:08
Epoch 063 | Seed 2026 | Rate 1.00 | Train Loss: 0.0174 | Val Loss: 0.2453 | Acc (clean): 0.9877 | Acc (poison): 0.9981 | Val Acc: 0.9337 | Time: 00:00:08
Epoch 064 | Seed 2026 | Rate 1.00 | Train Loss: 0.0169 | Val Loss: 0.2468 | Acc (clean): 0.9881 | Acc (poison): 0.9984 | Val Acc: 0.9319 | Time: 00:00:08
Epoch 065 | Seed 2026 | Rate 1.00 | Train Loss: 0.0167 | Val Loss: 0.2460 | Acc (clean): 0.9876 | Acc (poison): 0.9978 | Val Acc: 0.9337 | Time: 00:00:08
Epoch 066 | Seed 2026 | Rate 1.00 | Train Loss: 0.0160 | Val Loss: 0.2477 | Acc (clean): 0.9878 | Acc (poison): 0.9980 | Val Acc: 0.9344 | Time: 00:00:08
Epoch 067 | Seed 2026 | Rate 1.00 | Train Loss: 0.0167 | Val Loss: 0.2383 | Acc (clean): 0.9880 | Acc (poison): 0.9980 | Val Acc: 0.9315 | Time: 00:00:09
Epoch 068 | Seed 2026 | Rate 1.00 | Train Loss: 0.0160 | Val Loss: 0.2387 | Acc (clean): 0.9881 | Acc (poison): 0.9984 | Val Acc: 0.9333 | Time: 00:00:08
Epoch 069 | Seed 2026 | Rate 1.00 | Train Loss: 0.0140 | Val Loss: 0.2378 | Acc (clean): 0.9888 | Acc (poison): 0.9989 | Val Acc: 0.9337 | Time: 00:00:09
Epoch 070 | Seed 2026 | Rate 1.00 | Train Loss: 0.0148 | Val Loss: 0.2373 | Acc (clean): 0.9880 | Acc (poison): 0.9984 | Val Acc: 0.9356 | Time: 00:00:09
Epoch 071 | Seed 2026 | Rate 1.00 | Train Loss: 0.0145 | Val Loss: 0.2338 | Acc (clean): 0.9881 | Acc (poison): 0.9984 | Val Acc: 0.9352 | Time: 00:00:08
Epoch 072 | Seed 2026 | Rate 1.00 | Train Loss: 0.0138 | Val Loss: 0.2364 | Acc (clean): 0.9883 | Acc (poison): 0.9988 | Val Acc: 0.9341 | Time: 00:00:08
Epoch 073 | Seed 2026 | Rate 1.00 | Train Loss: 0.0136 | Val Loss: 0.2313 | Acc (clean): 0.9888 | Acc (poison): 0.9991 | Val Acc: 0.9348 | Time: 00:00:08
Epoch 074 | Seed 2026 | Rate 1.00 | Train Loss: 0.0127 | Val Loss: 0.2339 | Acc (clean): 0.9886 | Acc (poison): 0.9993 | Val Acc: 0.9356 | Time: 00:00:09
Epoch 075 | Seed 2026 | Rate 1.00 | Train Loss: 0.0127 | Val Loss: 0.2348 | Acc (clean): 0.9886 | Acc (poison): 0.9990 | Val Acc: 0.9359 | Time: 00:00:08
Epoch 076 | Seed 2026 | Rate 1.00 | Train Loss: 0.0116 | Val Loss: 0.2325 | Acc (clean): 0.9891 | Acc (poison): 0.9996 | Val Acc: 0.9337 | Time: 00:00:08
Epoch 077 | Seed 2026 | Rate 1.00 | Train Loss: 0.0114 | Val Loss: 0.2309 | Acc (clean): 0.9887 | Acc (poison): 0.9992 | Val Acc: 0.9352 | Time: 00:00:10
Epoch 078 | Seed 2026 | Rate 1.00 | Train Loss: 0.0118 | Val Loss: 0.2321 | Acc (clean): 0.9887 | Acc (poison): 0.9990 | Val Acc: 0.9359 | Time: 00:00:08
Epoch 079 | Seed 2026 | Rate 1.00 | Train Loss: 0.0107 | Val Loss: 0.2358 | Acc (clean): 0.9888 | Acc (poison): 0.9994 | Val Acc: 0.9337 | Time: 00:00:08
Epoch 080 | Seed 2026 | Rate 1.00 | Train Loss: 0.0114 | Val Loss: 0.2349 | Acc (clean): 0.9888 | Acc (poison): 0.9993 | Val Acc: 0.9337 | Time: 00:00:08
Epoch 081 | Seed 2026 | Rate 1.00 | Train Loss: 0.0106 | Val Loss: 0.2338 | Acc (clean): 0.9890 | Acc (poison): 0.9996 | Val Acc: 0.9337 | Time: 00:00:08
Epoch 082 | Seed 2026 | Rate 1.00 | Train Loss: 0.0115 | Val Loss: 0.2325 | Acc (clean): 0.9888 | Acc (poison): 0.9993 | Val Acc: 0.9356 | Time: 00:00:08
Epoch 083 | Seed 2026 | Rate 1.00 | Train Loss: 0.0113 | Val Loss: 0.2317 | Acc (clean): 0.9888 | Acc (poison): 0.9992 | Val Acc: 0.9348 | Time: 00:00:08
Epoch 084 | Seed 2026 | Rate 1.00 | Train Loss: 0.0104 | Val Loss: 0.2316 | Acc (clean): 0.9886 | Acc (poison): 0.9993 | Val Acc: 0.9341 | Time: 00:00:08
Epoch 085 | Seed 2026 | Rate 1.00 | Train Loss: 0.0106 | Val Loss: 0.2375 | Acc (clean): 0.9889 | Acc (poison): 0.9994 | Val Acc: 0.9352 | Time: 00:00:08
Epoch 086 | Seed 2026 | Rate 1.00 | Train Loss: 0.0107 | Val Loss: 0.2323 | Acc (clean): 0.9889 | Acc (poison): 0.9995 | Val Acc: 0.9370 | Time: 00:00:08
Epoch 087 | Seed 2026 | Rate 1.00 | Train Loss: 0.0104 | Val Loss: 0.2347 | Acc (clean): 0.9891 | Acc (poison): 0.9995 | Val Acc: 0.9348 | Time: 00:00:08
Epoch 088 | Seed 2026 | Rate 1.00 | Train Loss: 0.0114 | Val Loss: 0.2314 | Acc (clean): 0.9888 | Acc (poison): 0.9992 | Val Acc: 0.9363 | Time: 00:00:08
Epoch 089 | Seed 2026 | Rate 1.00 | Train Loss: 0.0102 | Val Loss: 0.2303 | Acc (clean): 0.9890 | Acc (poison): 0.9996 | Val Acc: 0.9370 | Time: 00:00:10
Epoch 090 | Seed 2026 | Rate 1.00 | Train Loss: 0.0108 | Val Loss: 0.2356 | Acc (clean): 0.9888 | Acc (poison): 0.9995 | Val Acc: 0.9337 | Time: 00:00:08
Epoch 091 | Seed 2026 | Rate 1.00 | Train Loss: 0.0101 | Val Loss: 0.2338 | Acc (clean): 0.9889 | Acc (poison): 0.9996 | Val Acc: 0.9356 | Time: 00:00:09
Epoch 092 | Seed 2026 | Rate 1.00 | Train Loss: 0.0102 | Val Loss: 0.2338 | Acc (clean): 0.9888 | Acc (poison): 0.9995 | Val Acc: 0.9330 | Time: 00:00:08
Epoch 093 | Seed 2026 | Rate 1.00 | Train Loss: 0.0101 | Val Loss: 0.2331 | Acc (clean): 0.9888 | Acc (poison): 0.9995 | Val Acc: 0.9359 | Time: 00:00:08
Epoch 094 | Seed 2026 | Rate 1.00 | Train Loss: 0.0100 | Val Loss: 0.2375 | Acc (clean): 0.9891 | Acc (poison): 0.9997 | Val Acc: 0.9337 | Time: 00:00:08
Epoch 095 | Seed 2026 | Rate 1.00 | Train Loss: 0.0103 | Val Loss: 0.2331 | Acc (clean): 0.9888 | Acc (poison): 0.9994 | Val Acc: 0.9367 | Time: 00:00:08
Epoch 096 | Seed 2026 | Rate 1.00 | Train Loss: 0.0103 | Val Loss: 0.2377 | Acc (clean): 0.9890 | Acc (poison): 0.9995 | Val Acc: 0.9333 | Time: 00:00:08
Epoch 097 | Seed 2026 | Rate 1.00 | Train Loss: 0.0109 | Val Loss: 0.2350 | Acc (clean): 0.9886 | Acc (poison): 0.9991 | Val Acc: 0.9367 | Time: 00:00:09
Epoch 098 | Seed 2026 | Rate 1.00 | Train Loss: 0.0104 | Val Loss: 0.2285 | Acc (clean): 0.9888 | Acc (poison): 0.9993 | Val Acc: 0.9359 | Time: 00:00:09
Epoch 099 | Seed 2026 | Rate 1.00 | Train Loss: 0.0100 | Val Loss: 0.2334 | Acc (clean): 0.9891 | Acc (poison): 0.9998 | Val Acc: 0.9344 | Time: 00:00:08
Epoch 100 | Seed 2026 | Rate 1.00 | Train Loss: 0.0101 | Val Loss: 0.2363 | Acc (clean): 0.9889 | Acc (poison): 0.9995 | Val Acc: 0.9363 | Time: 00:00:08

Endzeit: 2026-08-02 20:06:26 CEST
Laufzeit: 01:42:05
Exit-Code: 0

Abgeschlossene Laeufe (erwartet: 3 Seeds x 2 Raten = 6):
/home/yazanme/BachelorThesis/BachelorThesis/experiments/RQ2.4/resnet18/seed_2001/rate_0.0
/home/yazanme/BachelorThesis/BachelorThesis/experiments/RQ2.4/resnet18/seed_2001/rate_1.0
/home/yazanme/BachelorThesis/BachelorThesis/experiments/RQ2.4/resnet18/seed_2026/rate_0.0
/home/yazanme/BachelorThesis/BachelorThesis/experiments/RQ2.4/resnet18/seed_2026/rate_1.0
/home/yazanme/BachelorThesis/BachelorThesis/experiments/RQ2.4/resnet18/seed_42/rate_0.0
/home/yazanme/BachelorThesis/BachelorThesis/experiments/RQ2.4/resnet18/seed_42/rate_1.0
Anzahl: 6
