=========================================
1. SLURM ALLOKATIONS-INFO
=========================================
Job ID: 4874
Ausfuehrender Node: cpu02
Zugewiesene CPUs: 2
Zugewiesener Speicher: 4096 MB
Zugewiesene GPUs: keine (CPU-only Job)
Zugewiesene GPUs ueber CUDA: nicht gesetzt

Zeitzonen-Check -> Node-Uhr (UTC): 2026-08-02 15:54:20 UTC
Zeitzonen-Check -> korrigiert    : 2026-08-02 17:54:20 CEST

Python: /home/yazanme/miniforge3/envs/venv/bin/python
Version: Python 3.12.13

Startzeit: 2026-08-02 17:54:22 CEST

Review-Sheet fuer RQ2 (seed=42, rate=0.2) erstellt unter /home/yazanme/BachelorThesis/BachelorThesis/human_review.

Endzeit: 2026-08-02 17:54:35 CEST
Laufzeit: 00:00:13
Exit-Code: 0

Review-Sheet:
total 20
drwxrwxr-x 3 178148 178148 4096 Aug  2 17:54 .
drwxrwxr-x 8 178148 178148 4096 Aug  2 17:54 ..
drwxrwxr-x 2 178148 178148 4096 Aug  2 17:54 images
-rw-rw-r-- 1 178148 178148 3577 Aug  2 17:54 key.csv
-rw-rw-r-- 1 178148 178148 1560 Aug  2 17:54 review.csv
Bilder: 100

NAECHSTER SCHRITT (manuell): review.csv + images/ begutachten und eine
annotations.csv mit den Spalten id,flagged in human_review/ ablegen.
Danach rq2_3_evaluate_detection.sbatch starten.
