=========================================
1. SLURM ALLOKATIONS-INFO
=========================================
Job ID: 4875
Ausfuehrender Node: cpu02
Zugewiesene CPUs: 1
Zugewiesener Speicher: 2048 MB
Zugewiesene GPUs: keine (CPU-only Job)
Zugewiesene GPUs ueber CUDA: nicht gesetzt

Zeitzonen-Check -> Node-Uhr (UTC): 2026-08-02 16:12:32 UTC
Zeitzonen-Check -> korrigiert    : 2026-08-02 18:12:32 CEST

Python: /home/yazanme/miniforge3/envs/venv/bin/python
Version: Python 3.12.13

Startzeit: 2026-08-02 18:12:33 CEST

Vergiftet: 50, Sauber: 50
Detektionsrate (TPR): 76.00%
False-Positive-Rate:  10.00%

Endzeit: 2026-08-02 18:12:34 CEST
Laufzeit: 00:00:01
Exit-Code: 0
